  Determining projects to restore...
  All projects are up-to-date for restore.
C:\Program Files\dotnet\sdk\10.0.103\Microsoft.Common.CurrentVersion.targets(2437,5): warning MSB3277: Found conflicts between different versions of "netstandard" that could not be resolved. [C:\tmp\VTSRTXUnlocker\VTSRTXUnlocker.csproj]
C:\Program Files\dotnet\sdk\10.0.103\Microsoft.Common.CurrentVersion.targets(2437,5): warning MSB3277: There was a conflict between "netstandard, Version=2.0.0.0, Culture=neutral, PublicKeyToken=cc7b13ffcd2ddd51" and "netstandard, Version=2.1.0.0, Culture=neutral, PublicKeyToken=cc7b13ffcd2ddd51". [C:\tmp\VTSRTXUnlocker\VTSRTXUnlocker.csproj]
C:\Program Files\dotnet\sdk\10.0.103\Microsoft.Common.CurrentVersion.targets(2437,5): warning MSB3277:     "netstandard, Version=2.0.0.0, Culture=neutral, PublicKeyToken=cc7b13ffcd2ddd51" was chosen because it was primary and "netstandard, Version=2.1.0.0, Culture=neutral, PublicKeyToken=cc7b13ffcd2ddd51" was not. [C:\tmp\VTSRTXUnlocker\VTSRTXUnlocker.csproj]
C:\Program Files\dotnet\sdk\10.0.103\Microsoft.Common.CurrentVersion.targets(2437,5): warning MSB3277:     References which depend on "netstandard, Version=2.0.0.0, Culture=neutral, PublicKeyToken=cc7b13ffcd2ddd51" [C:\tmp\VTSRTXUnlocker\lib\VTube Studio_Data\Managed\netstandard.dll]. [C:\tmp\VTSRTXUnlocker\VTSRTXUnlocker.csproj]
C:\Program Files\dotnet\sdk\10.0.103\Microsoft.Common.CurrentVersion.targets(2437,5): warning MSB3277:         C:\tmp\VTSRTXUnlocker\lib\VTube Studio_Data\Managed\netstandard.dll [C:\tmp\VTSRTXUnlocker\VTSRTXUnlocker.csproj]
C:\Program Files\dotnet\sdk\10.0.103\Microsoft.Common.CurrentVersion.targets(2437,5): warning MSB3277:           Project file item includes which caused reference "C:\tmp\VTSRTXUnlocker\lib\VTube Studio_Data\Managed\netstandard.dll". [C:\tmp\VTSRTXUnlocker\VTSRTXUnlocker.csproj]
C:\Program Files\dotnet\sdk\10.0.103\Microsoft.Common.CurrentVersion.targets(2437,5): warning MSB3277:             netstandard [C:\tmp\VTSRTXUnlocker\VTSRTXUnlocker.csproj]
C:\Program Files\dotnet\sdk\10.0.103\Microsoft.Common.CurrentVersion.targets(2437,5): warning MSB3277:     References which depend on or have been unified to "netstandard, Version=2.1.0.0, Culture=neutral, PublicKeyToken=cc7b13ffcd2ddd51" []. [C:\tmp\VTSRTXUnlocker\VTSRTXUnlocker.csproj]
C:\Program Files\dotnet\sdk\10.0.103\Microsoft.Common.CurrentVersion.targets(2437,5): warning MSB3277:         C:\tmp\VTSRTXUnlocker\lib\VTube Studio_Data\Managed\UnityEngine.dll [C:\tmp\VTSRTXUnlocker\VTSRTXUnlocker.csproj]
C:\Program Files\dotnet\sdk\10.0.103\Microsoft.Common.CurrentVersion.targets(2437,5): warning MSB3277:           Project file item includes which caused reference "C:\tmp\VTSRTXUnlocker\lib\VTube Studio_Data\Managed\UnityEngine.dll". [C:\tmp\VTSRTXUnlocker\VTSRTXUnlocker.csproj]
C:\Program Files\dotnet\sdk\10.0.103\Microsoft.Common.CurrentVersion.targets(2437,5): warning MSB3277:             UnityEngine [C:\tmp\VTSRTXUnlocker\VTSRTXUnlocker.csproj]
C:\Program Files\dotnet\sdk\10.0.103\Microsoft.Common.CurrentVersion.targets(2437,5): warning MSB3277:         C:\tmp\VTSRTXUnlocker\lib\VTube Studio_Data\Managed\UnityEngine.CoreModule.dll [C:\tmp\VTSRTXUnlocker\VTSRTXUnlocker.csproj]
C:\Program Files\dotnet\sdk\10.0.103\Microsoft.Common.CurrentVersion.targets(2437,5): warning MSB3277:           Project file item includes which caused reference "C:\tmp\VTSRTXUnlocker\lib\VTube Studio_Data\Managed\UnityEngine.CoreModule.dll". [C:\tmp\VTSRTXUnlocker\VTSRTXUnlocker.csproj]
C:\Program Files\dotnet\sdk\10.0.103\Microsoft.Common.CurrentVersion.targets(2437,5): warning MSB3277:             UnityEngine.CoreModule [C:\tmp\VTSRTXUnlocker\VTSRTXUnlocker.csproj]
C:\Program Files\dotnet\sdk\10.0.103\Microsoft.Common.CurrentVersion.targets(2437,5): warning MSB3277:             Assembly-CSharp [C:\tmp\VTSRTXUnlocker\VTSRTXUnlocker.csproj]
C:\Program Files\dotnet\sdk\10.0.103\Microsoft.Common.CurrentVersion.targets(2437,5): warning MSB3277:             UnityEngine [C:\tmp\VTSRTXUnlocker\VTSRTXUnlocker.csproj]
C:\Program Files\dotnet\sdk\10.0.103\Microsoft.Common.CurrentVersion.targets(2437,5): warning MSB3277:             UnityEngine.IMGUIModule [C:\tmp\VTSRTXUnlocker\VTSRTXUnlocker.csproj]
C:\Program Files\dotnet\sdk\10.0.103\Microsoft.Common.CurrentVersion.targets(2437,5): warning MSB3277:             UnityEngine.InputLegacyModule [C:\tmp\VTSRTXUnlocker\VTSRTXUnlocker.csproj]
C:\Program Files\dotnet\sdk\10.0.103\Microsoft.Common.CurrentVersion.targets(2437,5): warning MSB3277:             UnityEngine.TextRenderingModule [C:\tmp\VTSRTXUnlocker\VTSRTXUnlocker.csproj]
C:\Program Files\dotnet\sdk\10.0.103\Microsoft.Common.CurrentVersion.targets(2437,5): warning MSB3277:         C:\tmp\VTSRTXUnlocker\lib\VTube Studio_Data\Managed\UnityEngine.IMGUIModule.dll [C:\tmp\VTSRTXUnlocker\VTSRTXUnlocker.csproj]
C:\Program Files\dotnet\sdk\10.0.103\Microsoft.Common.CurrentVersion.targets(2437,5): warning MSB3277:           Project file item includes which caused reference "C:\tmp\VTSRTXUnlocker\lib\VTube Studio_Data\Managed\UnityEngine.IMGUIModule.dll". [C:\tmp\VTSRTXUnlocker\VTSRTXUnlocker.csproj]
C:\Program Files\dotnet\sdk\10.0.103\Microsoft.Common.CurrentVersion.targets(2437,5): warning MSB3277:             UnityEngine.IMGUIModule [C:\tmp\VTSRTXUnlocker\VTSRTXUnlocker.csproj]
C:\Program Files\dotnet\sdk\10.0.103\Microsoft.Common.CurrentVersion.targets(2437,5): warning MSB3277:             UnityEngine [C:\tmp\VTSRTXUnlocker\VTSRTXUnlocker.csproj]
C:\Program Files\dotnet\sdk\10.0.103\Microsoft.Common.CurrentVersion.targets(2437,5): warning MSB3277:         C:\tmp\VTSRTXUnlocker\lib\VTube Studio_Data\Managed\UnityEngine.InputLegacyModule.dll [C:\tmp\VTSRTXUnlocker\VTSRTXUnlocker.csproj]
C:\Program Files\dotnet\sdk\10.0.103\Microsoft.Common.CurrentVersion.targets(2437,5): warning MSB3277:           Project file item includes which caused reference "C:\tmp\VTSRTXUnlocker\lib\VTube Studio_Data\Managed\UnityEngine.InputLegacyModule.dll". [C:\tmp\VTSRTXUnlocker\VTSRTXUnlocker.csproj]
C:\Program Files\dotnet\sdk\10.0.103\Microsoft.Common.CurrentVersion.targets(2437,5): warning MSB3277:             UnityEngine.InputLegacyModule [C:\tmp\VTSRTXUnlocker\VTSRTXUnlocker.csproj]
C:\Program Files\dotnet\sdk\10.0.103\Microsoft.Common.CurrentVersion.targets(2437,5): warning MSB3277:             UnityEngine [C:\tmp\VTSRTXUnlocker\VTSRTXUnlocker.csproj]
C:\Program Files\dotnet\sdk\10.0.103\Microsoft.Common.CurrentVersion.targets(2437,5): warning MSB3277:             UnityEngine.IMGUIModule [C:\tmp\VTSRTXUnlocker\VTSRTXUnlocker.csproj]
C:\Program Files\dotnet\sdk\10.0.103\Microsoft.Common.CurrentVersion.targets(2437,5): warning MSB3277:         C:\tmp\VTSRTXUnlocker\lib\VTube Studio_Data\Managed\UnityEngine.TextRenderingModule.dll [C:\tmp\VTSRTXUnlocker\VTSRTXUnlocker.csproj]
C:\Program Files\dotnet\sdk\10.0.103\Microsoft.Common.CurrentVersion.targets(2437,5): warning MSB3277:           Project file item includes which caused reference "C:\tmp\VTSRTXUnlocker\lib\VTube Studio_Data\Managed\UnityEngine.TextRenderingModule.dll". [C:\tmp\VTSRTXUnlocker\VTSRTXUnlocker.csproj]
C:\Program Files\dotnet\sdk\10.0.103\Microsoft.Common.CurrentVersion.targets(2437,5): warning MSB3277:             UnityEngine.TextRenderingModule [C:\tmp\VTSRTXUnlocker\VTSRTXUnlocker.csproj]
C:\Program Files\dotnet\sdk\10.0.103\Microsoft.Common.CurrentVersion.targets(2437,5): warning MSB3277:             UnityEngine [C:\tmp\VTSRTXUnlocker\VTSRTXUnlocker.csproj]
C:\Program Files\dotnet\sdk\10.0.103\Microsoft.Common.CurrentVersion.targets(2437,5): warning MSB3277:             UnityEngine.IMGUIModule [C:\tmp\VTSRTXUnlocker\VTSRTXUnlocker.csproj]
C:\Program Files\dotnet\sdk\10.0.103\Microsoft.Common.CurrentVersion.targets(2437,5): warning MSB3277:         C:\tmp\VTSRTXUnlocker\lib\VTube Studio_Data\Managed\Microsoft.Win32.Primitives.dll [C:\tmp\VTSRTXUnlocker\VTSRTXUnlocker.csproj]
C:\Program Files\dotnet\sdk\10.0.103\Microsoft.Common.CurrentVersion.targets(2437,5): warning MSB3277:           Project file item includes which caused reference "C:\tmp\VTSRTXUnlocker\lib\VTube Studio_Data\Managed\Microsoft.Win32.Primitives.dll". [C:\tmp\VTSRTXUnlocker\VTSRTXUnlocker.csproj]
C:\Program Files\dotnet\sdk\10.0.103\Microsoft.Common.CurrentVersion.targets(2437,5): warning MSB3277:             Microsoft.Win32.Primitives [C:\tmp\VTSRTXUnlocker\VTSRTXUnlocker.csproj]
C:\Program Files\dotnet\sdk\10.0.103\Microsoft.Common.CurrentVersion.targets(2437,5): warning MSB3277:         C:\tmp\VTSRTXUnlocker\lib\VTube Studio_Data\Managed\System.AppContext.dll [C:\tmp\VTSRTXUnlocker\VTSRTXUnlocker.csproj]
C:\Program Files\dotnet\sdk\10.0.103\Microsoft.Common.CurrentVersion.targets(2437,5): warning MSB3277:           Project file item includes which caused reference "C:\tmp\VTSRTXUnlocker\lib\VTube Studio_Data\Managed\System.AppContext.dll". [C:\tmp\VTSRTXUnlocker\VTSRTXUnlocker.csproj]
C:\Program Files\dotnet\sdk\10.0.103\Microsoft.Common.CurrentVersion.targets(2437,5): warning MSB3277:             System.AppContext [C:\tmp\VTSRTXUnlocker\VTSRTXUnlocker.csproj]
C:\Program Files\dotnet\sdk\10.0.103\Microsoft.Common.CurrentVersion.targets(2437,5): warning MSB3277:         C:\tmp\VTSRTXUnlocker\lib\VTube Studio_Data\Managed\System.Collections.Concurrent.dll [C:\tmp\VTSRTXUnlocker\VTSRTXUnlocker.csproj]
C:\Program Files\dotnet\sdk\10.0.103\Microsoft.Common.CurrentVersion.targets(2437,5): warning MSB3277:           Project file item includes which caused reference "C:\tmp\VTSRTXUnlocker\lib\VTube Studio_Data\Managed\System.Collections.Concurrent.dll". [C:\tmp\VTSRTXUnlocker\VTSRTXUnlocker.csproj]
C:\Program Files\dotnet\sdk\10.0.103\Microsoft.Common.CurrentVersion.targets(2437,5): warning MSB3277:             System.Collections.Concurrent [C:\tmp\VTSRTXUnlocker\VTSRTXUnlocker.csproj]
C:\Program Files\dotnet\sdk\10.0.103\Microsoft.Common.CurrentVersion.targets(2437,5): warning MSB3277:             netfx.force.conflicts [C:\tmp\VTSRTXUnlocker\VTSRTXUnlocker.csproj]
C:\Program Files\dotnet\sdk\10.0.103\Microsoft.Common.CurrentVersion.targets(2437,5): warning MSB3277:         C:\tmp\VTSRTXUnlocker\lib\VTube Studio_Data\Managed\System.Collections.dll [C:\tmp\VTSRTXUnlocker\VTSRTXUnlocker.csproj]
C:\Program Files\dotnet\sdk\10.0.103\Microsoft.Common.CurrentVersion.targets(2437,5): warning MSB3277:           Project file item includes which caused reference "C:\tmp\VTSRTXUnlocker\lib\VTube Studio_Data\Managed\System.Collections.dll". [C:\tmp\VTSRTXUnlocker\VTSRTXUnlocker.csproj]
C:\Program Files\dotnet\sdk\10.0.103\Microsoft.Common.CurrentVersion.targets(2437,5): warning MSB3277:             System.Collections [C:\tmp\VTSRTXUnlocker\VTSRTXUnlocker.csproj]
C:\Program Files\dotnet\sdk\10.0.103\Microsoft.Common.CurrentVersion.targets(2437,5): warning MSB3277:             netfx.force.conflicts [C:\tmp\VTSRTXUnlocker\VTSRTXUnlocker.csproj]
C:\Program Files\dotnet\sdk\10.0.103\Microsoft.Common.CurrentVersion.targets(2437,5): warning MSB3277:         C:\tmp\VTSRTXUnlocker\lib\VTube Studio_Data\Managed\System.Collections.NonGeneric.dll [C:\tmp\VTSRTXUnlocker\VTSRTXUnlocker.csproj]
C:\Program Files\dotnet\sdk\10.0.103\Microsoft.Common.CurrentVersion.targets(2437,5): warning MSB3277:           Project file item includes which caused reference "C:\tmp\VTSRTXUnlocker\lib\VTube Studio_Data\Managed\System.Collections.NonGeneric.dll". [C:\tmp\VTSRTXUnlocker\VTSRTXUnlocker.csproj]
C:\Program Files\dotnet\sdk\10.0.103\Microsoft.Common.CurrentVersion.targets(2437,5): warning MSB3277:             System.Collections.NonGeneric [C:\tmp\VTSRTXUnlocker\VTSRTXUnlocker.csproj]
C:\Program Files\dotnet\sdk\10.0.103\Microsoft.Common.CurrentVersion.targets(2437,5): warning MSB3277:         C:\tmp\VTSRTXUnlocker\lib\VTube Studio_Data\Managed\System.Collections.Specialized.dll [C:\tmp\VTSRTXUnlocker\VTSRTXUnlocker.csproj]
C:\Program Files\dotnet\sdk\10.0.103\Microsoft.Common.CurrentVersion.targets(2437,5): warning MSB3277:           Project file item includes which caused reference "C:\tmp\VTSRTXUnlocker\lib\VTube Studio_Data\Managed\System.Collections.Specialized.dll". [C:\tmp\VTSRTXUnlocker\VTSRTXUnlocker.csproj]
C:\Program Files\dotnet\sdk\10.0.103\Microsoft.Common.CurrentVersion.targets(2437,5): warning MSB3277:             System.Collections.Specialized [C:\tmp\VTSRTXUnlocker\VTSRTXUnlocker.csproj]
C:\Program Files\dotnet\sdk\10.0.103\Microsoft.Common.CurrentVersion.targets(2437,5): warning MSB3277:         C:\tmp\VTSRTXUnlocker\lib\VTube Studio_Data\Managed\System.ComponentModel.dll [C:\tmp\VTSRTXUnlocker\VTSRTXUnlocker.csproj]
C:\Program Files\dotnet\sdk\10.0.103\Microsoft.Common.CurrentVersion.targets(2437,5): warning MSB3277:           Project file item includes which caused reference "C:\tmp\VTSRTXUnlocker\lib\VTube Studio_Data\Managed\System.ComponentModel.dll". [C:\tmp\VTSRTXUnlocker\VTSRTXUnlocker.csproj]
C:\Program Files\dotnet\sdk\10.0.103\Microsoft.Common.CurrentVersion.targets(2437,5): warning MSB3277:             System.ComponentModel [C:\tmp\VTSRTXUnlocker\VTSRTXUnlocker.csproj]
C:\Program Files\dotnet\sdk\10.0.103\Microsoft.Common.CurrentVersion.targets(2437,5): warning MSB3277:             netfx.force.conflicts [C:\tmp\VTSRTXUnlocker\VTSRTXUnlocker.csproj]
C:\Program Files\dotnet\sdk\10.0.103\Microsoft.Common.CurrentVersion.targets(2437,5): warning MSB3277:         C:\tmp\VTSRTXUnlocker\lib\VTube Studio_Data\Managed\System.ComponentModel.EventBasedAsync.dll [C:\tmp\VTSRTXUnlocker\VTSRTXUnlocker.csproj]
C:\Program Files\dotnet\sdk\10.0.103\Microsoft.Common.CurrentVersion.targets(2437,5): warning MSB3277:           Project file item includes which caused reference "C:\tmp\VTSRTXUnlocker\lib\VTube Studio_Data\Managed\System.ComponentModel.EventBasedAsync.dll". [C:\tmp\VTSRTXUnlocker\VTSRTXUnlocker.csproj]
C:\Program Files\dotnet\sdk\10.0.103\Microsoft.Common.CurrentVersion.targets(2437,5): warning MSB3277:             System.ComponentModel.EventBasedAsync [C:\tmp\VTSRTXUnlocker\VTSRTXUnlocker.csproj]
C:\Program Files\dotnet\sdk\10.0.103\Microsoft.Common.CurrentVersion.targets(2437,5): warning MSB3277:             netfx.force.conflicts [C:\tmp\VTSRTXUnlocker\VTSRTXUnlocker.csproj]
C:\Program Files\dotnet\sdk\10.0.103\Microsoft.Common.CurrentVersion.targets(2437,5): warning MSB3277:         C:\tmp\VTSRTXUnlocker\lib\VTube Studio_Data\Managed\System.ComponentModel.Primitives.dll [C:\tmp\VTSRTXUnlocker\VTSRTXUnlocker.csproj]
C:\Program Files\dotnet\sdk\10.0.103\Microsoft.Common.CurrentVersion.targets(2437,5): warning MSB3277:           Project file item includes which caused reference "C:\tmp\VTSRTXUnlocker\lib\VTube Studio_Data\Managed\System.ComponentModel.Primitives.dll". [C:\tmp\VTSRTXUnlocker\VTSRTXUnlocker.csproj]
C:\Program Files\dotnet\sdk\10.0.103\Microsoft.Common.CurrentVersion.targets(2437,5): warning MSB3277:             System.ComponentModel.Primitives [C:\tmp\VTSRTXUnlocker\VTSRTXUnlocker.csproj]
C:\Program Files\dotnet\sdk\10.0.103\Microsoft.Common.CurrentVersion.targets(2437,5): warning MSB3277:         C:\tmp\VTSRTXUnlocker\lib\VTube Studio_Data\Managed\System.ComponentModel.TypeConverter.dll [C:\tmp\VTSRTXUnlocker\VTSRTXUnlocker.csproj]
C:\Program Files\dotnet\sdk\10.0.103\Microsoft.Common.CurrentVersion.targets(2437,5): warning MSB3277:           Project file item includes which caused reference "C:\tmp\VTSRTXUnlocker\lib\VTube Studio_Data\Managed\System.ComponentModel.TypeConverter.dll". [C:\tmp\VTSRTXUnlocker\VTSRTXUnlocker.csproj]
C:\Program Files\dotnet\sdk\10.0.103\Microsoft.Common.CurrentVersion.targets(2437,5): warning MSB3277:             System.ComponentModel.TypeConverter [C:\tmp\VTSRTXUnlocker\VTSRTXUnlocker.csproj]
C:\Program Files\dotnet\sdk\10.0.103\Microsoft.Common.CurrentVersion.targets(2437,5): warning MSB3277:         C:\tmp\VTSRTXUnlocker\lib\VTube Studio_Data\Managed\System.Console.dll [C:\tmp\VTSRTXUnlocker\VTSRTXUnlocker.csproj]
C:\Program Files\dotnet\sdk\10.0.103\Microsoft.Common.CurrentVersion.targets(2437,5): warning MSB3277:           Project file item includes which caused reference "C:\tmp\VTSRTXUnlocker\lib\VTube Studio_Data\Managed\System.Console.dll". [C:\tmp\VTSRTXUnlocker\VTSRTXUnlocker.csproj]
C:\Program Files\dotnet\sdk\10.0.103\Microsoft.Common.CurrentVersion.targets(2437,5): warning MSB3277:             System.Console [C:\tmp\VTSRTXUnlocker\VTSRTXUnlocker.csproj]
C:\Program Files\dotnet\sdk\10.0.103\Microsoft.Common.CurrentVersion.targets(2437,5): warning MSB3277:         C:\tmp\VTSRTXUnlocker\lib\VTube Studio_Data\Managed\System.Diagnostics.Contracts.dll [C:\tmp\VTSRTXUnlocker\VTSRTXUnlocker.csproj]
C:\Program Files\dotnet\sdk\10.0.103\Microsoft.Common.CurrentVersion.targets(2437,5): warning MSB3277:           Project file item includes which caused reference "C:\tmp\VTSRTXUnlocker\lib\VTube Studio_Data\Managed\System.Diagnostics.Contracts.dll". [C:\tmp\VTSRTXUnlocker\VTSRTXUnlocker.csproj]
C:\Program Files\dotnet\sdk\10.0.103\Microsoft.Common.CurrentVersion.targets(2437,5): warning MSB3277:             System.Diagnostics.Contracts [C:\tmp\VTSRTXUnlocker\VTSRTXUnlocker.csproj]
C:\Program Files\dotnet\sdk\10.0.103\Microsoft.Common.CurrentVersion.targets(2437,5): warning MSB3277:             netfx.force.conflicts [C:\tmp\VTSRTXUnlocker\VTSRTXUnlocker.csproj]
C:\Program Files\dotnet\sdk\10.0.103\Microsoft.Common.CurrentVersion.targets(2437,5): warning MSB3277:         C:\tmp\VTSRTXUnlocker\lib\VTube Studio_Data\Managed\System.Diagnostics.Debug.dll [C:\tmp\VTSRTXUnlocker\VTSRTXUnlocker.csproj]
C:\Program Files\dotnet\sdk\10.0.103\Microsoft.Common.CurrentVersion.targets(2437,5): warning MSB3277:           Project file item includes which caused reference "C:\tmp\VTSRTXUnlocker\lib\VTube Studio_Data\Managed\System.Diagnostics.Debug.dll". [C:\tmp\VTSRTXUnlocker\VTSRTXUnlocker.csproj]
C:\Program Files\dotnet\sdk\10.0.103\Microsoft.Common.CurrentVersion.targets(2437,5): warning MSB3277:             System.Diagnostics.Debug [C:\tmp\VTSRTXUnlocker\VTSRTXUnlocker.csproj]
C:\Program Files\dotnet\sdk\10.0.103\Microsoft.Common.CurrentVersion.targets(2437,5): warning MSB3277:             netfx.force.conflicts [C:\tmp\VTSRTXUnlocker\VTSRTXUnlocker.csproj]
C:\Program Files\dotnet\sdk\10.0.103\Microsoft.Common.CurrentVersion.targets(2437,5): warning MSB3277:         C:\tmp\VTSRTXUnlocker\lib\VTube Studio_Data\Managed\System.Diagnostics.FileVersionInfo.dll [C:\tmp\VTSRTXUnlocker\VTSRTXUnlocker.csproj]
C:\Program Files\dotnet\sdk\10.0.103\Microsoft.Common.CurrentVersion.targets(2437,5): warning MSB3277:           Project file item includes which caused reference "C:\tmp\VTSRTXUnlocker\lib\VTube Studio_Data\Managed\System.Diagnostics.FileVersionInfo.dll". [C:\tmp\VTSRTXUnlocker\VTSRTXUnlocker.csproj]
C:\Program Files\dotnet\sdk\10.0.103\Microsoft.Common.CurrentVersion.targets(2437,5): warning MSB3277:             System.Diagnostics.FileVersionInfo [C:\tmp\VTSRTXUnlocker\VTSRTXUnlocker.csproj]
C:\Program Files\dotnet\sdk\10.0.103\Microsoft.Common.CurrentVersion.targets(2437,5): warning MSB3277:         C:\tmp\VTSRTXUnlocker\lib\VTube Studio_Data\Managed\System.Diagnostics.Process.dll [C:\tmp\VTSRTXUnlocker\VTSRTXUnlocker.csproj]
C:\Program Files\dotnet\sdk\10.0.103\Microsoft.Common.CurrentVersion.targets(2437,5): warning MSB3277:           Project file item includes which caused reference "C:\tmp\VTSRTXUnlocker\lib\VTube Studio_Data\Managed\System.Diagnostics.Process.dll". [C:\tmp\VTSRTXUnlocker\VTSRTXUnlocker.csproj]
C:\Program Files\dotnet\sdk\10.0.103\Microsoft.Common.CurrentVersion.targets(2437,5): warning MSB3277:             System.Diagnostics.Process [C:\tmp\VTSRTXUnlocker\VTSRTXUnlocker.csproj]
C:\Program Files\dotnet\sdk\10.0.103\Microsoft.Common.CurrentVersion.targets(2437,5): warning MSB3277:         C:\tmp\VTSRTXUnlocker\lib\VTube Studio_Data\Managed\System.Diagnostics.TextWriterTraceListener.dll [C:\tmp\VTSRTXUnlocker\VTSRTXUnlocker.csproj]
C:\Program Files\dotnet\sdk\10.0.103\Microsoft.Common.CurrentVersion.targets(2437,5): warning MSB3277:           Project file item includes which caused reference "C:\tmp\VTSRTXUnlocker\lib\VTube Studio_Data\Managed\System.Diagnostics.TextWriterTraceListener.dll". [C:\tmp\VTSRTXUnlocker\VTSRTXUnlocker.csproj]
C:\Program Files\dotnet\sdk\10.0.103\Microsoft.Common.CurrentVersion.targets(2437,5): warning MSB3277:             System.Diagnostics.TextWriterTraceListener [C:\tmp\VTSRTXUnlocker\VTSRTXUnlocker.csproj]
C:\Program Files\dotnet\sdk\10.0.103\Microsoft.Common.CurrentVersion.targets(2437,5): warning MSB3277:         C:\tmp\VTSRTXUnlocker\lib\VTube Studio_Data\Managed\System.Diagnostics.Tools.dll [C:\tmp\VTSRTXUnlocker\VTSRTXUnlocker.csproj]
C:\Program Files\dotnet\sdk\10.0.103\Microsoft.Common.CurrentVersion.targets(2437,5): warning MSB3277:           Project file item includes which caused reference "C:\tmp\VTSRTXUnlocker\lib\VTube Studio_Data\Managed\System.Diagnostics.Tools.dll". [C:\tmp\VTSRTXUnlocker\VTSRTXUnlocker.csproj]
C:\Program Files\dotnet\sdk\10.0.103\Microsoft.Common.CurrentVersion.targets(2437,5): warning MSB3277:             System.Diagnostics.Tools [C:\tmp\VTSRTXUnlocker\VTSRTXUnlocker.csproj]
C:\Program Files\dotnet\sdk\10.0.103\Microsoft.Common.CurrentVersion.targets(2437,5): warning MSB3277:             netfx.force.conflicts [C:\tmp\VTSRTXUnlocker\VTSRTXUnlocker.csproj]
C:\Program Files\dotnet\sdk\10.0.103\Microsoft.Common.CurrentVersion.targets(2437,5): warning MSB3277:         C:\tmp\VTSRTXUnlocker\lib\VTube Studio_Data\Managed\System.Diagnostics.TraceSource.dll [C:\tmp\VTSRTXUnlocker\VTSRTXUnlocker.csproj]
C:\Program Files\dotnet\sdk\10.0.103\Microsoft.Common.CurrentVersion.targets(2437,5): warning MSB3277:           Project file item includes which caused reference "C:\tmp\VTSRTXUnlocker\lib\VTube Studio_Data\Managed\System.Diagnostics.TraceSource.dll". [C:\tmp\VTSRTXUnlocker\VTSRTXUnlocker.csproj]
C:\Program Files\dotnet\sdk\10.0.103\Microsoft.Common.CurrentVersion.targets(2437,5): warning MSB3277:             System.Diagnostics.TraceSource [C:\tmp\VTSRTXUnlocker\VTSRTXUnlocker.csproj]
C:\Program Files\dotnet\sdk\10.0.103\Microsoft.Common.CurrentVersion.targets(2437,5): warning MSB3277:         C:\tmp\VTSRTXUnlocker\lib\VTube Studio_Data\Managed\System.Drawing.Primitives.dll [C:\tmp\VTSRTXUnlocker\VTSRTXUnlocker.csproj]
C:\Program Files\dotnet\sdk\10.0.103\Microsoft.Common.CurrentVersion.targets(2437,5): warning MSB3277:           Project file item includes which caused reference "C:\tmp\VTSRTXUnlocker\lib\VTube Studio_Data\Managed\System.Drawing.Primitives.dll". [C:\tmp\VTSRTXUnlocker\VTSRTXUnlocker.csproj]
C:\Program Files\dotnet\sdk\10.0.103\Microsoft.Common.CurrentVersion.targets(2437,5): warning MSB3277:             System.Drawing.Primitives [C:\tmp\VTSRTXUnlocker\VTSRTXUnlocker.csproj]
C:\Program Files\dotnet\sdk\10.0.103\Microsoft.Common.CurrentVersion.targets(2437,5): warning MSB3277:         C:\tmp\VTSRTXUnlocker\lib\VTube Studio_Data\Managed\System.Dynamic.Runtime.dll [C:\tmp\VTSRTXUnlocker\VTSRTXUnlocker.csproj]
C:\Program Files\dotnet\sdk\10.0.103\Microsoft.Common.CurrentVersion.targets(2437,5): warning MSB3277:           Project file item includes which caused reference "C:\tmp\VTSRTXUnlocker\lib\VTube Studio_Data\Managed\System.Dynamic.Runtime.dll". [C:\tmp\VTSRTXUnlocker\VTSRTXUnlocker.csproj]
C:\Program Files\dotnet\sdk\10.0.103\Microsoft.Common.CurrentVersion.targets(2437,5): warning MSB3277:             System.Dynamic.Runtime [C:\tmp\VTSRTXUnlocker\VTSRTXUnlocker.csproj]
C:\Program Files\dotnet\sdk\10.0.103\Microsoft.Common.CurrentVersion.targets(2437,5): warning MSB3277:             netfx.force.conflicts [C:\tmp\VTSRTXUnlocker\VTSRTXUnlocker.csproj]
C:\Program Files\dotnet\sdk\10.0.103\Microsoft.Common.CurrentVersion.targets(2437,5): warning MSB3277:         C:\tmp\VTSRTXUnlocker\lib\VTube Studio_Data\Managed\System.Globalization.Calendars.dll [C:\tmp\VTSRTXUnlocker\VTSRTXUnlocker.csproj]
C:\Program Files\dotnet\sdk\10.0.103\Microsoft.Common.CurrentVersion.targets(2437,5): warning MSB3277:           Project file item includes which caused reference "C:\tmp\VTSRTXUnlocker\lib\VTube Studio_Data\Managed\System.Globalization.Calendars.dll". [C:\tmp\VTSRTXUnlocker\VTSRTXUnlocker.csproj]
C:\Program Files\dotnet\sdk\10.0.103\Microsoft.Common.CurrentVersion.targets(2437,5): warning MSB3277:             System.Globalization.Calendars [C:\tmp\VTSRTXUnlocker\VTSRTXUnlocker.csproj]
C:\Program Files\dotnet\sdk\10.0.103\Microsoft.Common.CurrentVersion.targets(2437,5): warning MSB3277:         C:\tmp\VTSRTXUnlocker\lib\VTube Studio_Data\Managed\System.Globalization.dll [C:\tmp\VTSRTXUnlocker\VTSRTXUnlocker.csproj]
C:\Program Files\dotnet\sdk\10.0.103\Microsoft.Common.CurrentVersion.targets(2437,5): warning MSB3277:           Project file item includes which caused reference "C:\tmp\VTSRTXUnlocker\lib\VTube Studio_Data\Managed\System.Globalization.dll". [C:\tmp\VTSRTXUnlocker\VTSRTXUnlocker.csproj]
C:\Program Files\dotnet\sdk\10.0.103\Microsoft.Common.CurrentVersion.targets(2437,5): warning MSB3277:             System.Globalization [C:\tmp\VTSRTXUnlocker\VTSRTXUnlocker.csproj]
C:\Program Files\dotnet\sdk\10.0.103\Microsoft.Common.CurrentVersion.targets(2437,5): warning MSB3277:             netfx.force.conflicts [C:\tmp\VTSRTXUnlocker\VTSRTXUnlocker.csproj]
C:\Program Files\dotnet\sdk\10.0.103\Microsoft.Common.CurrentVersion.targets(2437,5): warning MSB3277:         C:\tmp\VTSRTXUnlocker\lib\VTube Studio_Data\Managed\System.IO.Compression.ZipFile.dll [C:\tmp\VTSRTXUnlocker\VTSRTXUnlocker.csproj]
C:\Program Files\dotnet\sdk\10.0.103\Microsoft.Common.CurrentVersion.targets(2437,5): warning MSB3277:           Project file item includes which caused reference "C:\tmp\VTSRTXUnlocker\lib\VTube Studio_Data\Managed\System.IO.Compression.ZipFile.dll". [C:\tmp\VTSRTXUnlocker\VTSRTXUnlocker.csproj]
C:\Program Files\dotnet\sdk\10.0.103\Microsoft.Common.CurrentVersion.targets(2437,5): warning MSB3277:             System.IO.Compression.ZipFile [C:\tmp\VTSRTXUnlocker\VTSRTXUnlocker.csproj]
C:\Program Files\dotnet\sdk\10.0.103\Microsoft.Common.CurrentVersion.targets(2437,5): warning MSB3277:         C:\tmp\VTSRTXUnlocker\lib\VTube Studio_Data\Managed\System.IO.dll [C:\tmp\VTSRTXUnlocker\VTSRTXUnlocker.csproj]
C:\Program Files\dotnet\sdk\10.0.103\Microsoft.Common.CurrentVersion.targets(2437,5): warning MSB3277:           Project file item includes which caused reference "C:\tmp\VTSRTXUnlocker\lib\VTube Studio_Data\Managed\System.IO.dll". [C:\tmp\VTSRTXUnlocker\VTSRTXUnlocker.csproj]
C:\Program Files\dotnet\sdk\10.0.103\Microsoft.Common.CurrentVersion.targets(2437,5): warning MSB3277:             System.IO [C:\tmp\VTSRTXUnlocker\VTSRTXUnlocker.csproj]
C:\Program Files\dotnet\sdk\10.0.103\Microsoft.Common.CurrentVersion.targets(2437,5): warning MSB3277:             netfx.force.conflicts [C:\tmp\VTSRTXUnlocker\VTSRTXUnlocker.csproj]
C:\Program Files\dotnet\sdk\10.0.103\Microsoft.Common.CurrentVersion.targets(2437,5): warning MSB3277:         C:\tmp\VTSRTXUnlocker\lib\VTube Studio_Data\Managed\System.IO.FileSystem.dll [C:\tmp\VTSRTXUnlocker\VTSRTXUnlocker.csproj]
C:\Program Files\dotnet\sdk\10.0.103\Microsoft.Common.CurrentVersion.targets(2437,5): warning MSB3277:           Project file item includes which caused reference "C:\tmp\VTSRTXUnlocker\lib\VTube Studio_Data\Managed\System.IO.FileSystem.dll". [C:\tmp\VTSRTXUnlocker\VTSRTXUnlocker.csproj]
C:\Program Files\dotnet\sdk\10.0.103\Microsoft.Common.CurrentVersion.targets(2437,5): warning MSB3277:             System.IO.FileSystem [C:\tmp\VTSRTXUnlocker\VTSRTXUnlocker.csproj]
C:\Program Files\dotnet\sdk\10.0.103\Microsoft.Common.CurrentVersion.targets(2437,5): warning MSB3277:         C:\tmp\VTSRTXUnlocker\lib\VTube Studio_Data\Managed\System.IO.FileSystem.DriveInfo.dll [C:\tmp\VTSRTXUnlocker\VTSRTXUnlocker.csproj]
C:\Program Files\dotnet\sdk\10.0.103\Microsoft.Common.CurrentVersion.targets(2437,5): warning MSB3277:           Project file item includes which caused reference "C:\tmp\VTSRTXUnlocker\lib\VTube Studio_Data\Managed\System.IO.FileSystem.DriveInfo.dll". [C:\tmp\VTSRTXUnlocker\VTSRTXUnlocker.csproj]
C:\Program Files\dotnet\sdk\10.0.103\Microsoft.Common.CurrentVersion.targets(2437,5): warning MSB3277:             System.IO.FileSystem.DriveInfo [C:\tmp\VTSRTXUnlocker\VTSRTXUnlocker.csproj]
C:\Program Files\dotnet\sdk\10.0.103\Microsoft.Common.CurrentVersion.targets(2437,5): warning MSB3277:         C:\tmp\VTSRTXUnlocker\lib\VTube Studio_Data\Managed\System.IO.FileSystem.Primitives.dll [C:\tmp\VTSRTXUnlocker\VTSRTXUnlocker.csproj]
C:\Program Files\dotnet\sdk\10.0.103\Microsoft.Common.CurrentVersion.targets(2437,5): warning MSB3277:           Project file item includes which caused reference "C:\tmp\VTSRTXUnlocker\lib\VTube Studio_Data\Managed\System.IO.FileSystem.Primitives.dll". [C:\tmp\VTSRTXUnlocker\VTSRTXUnlocker.csproj]
C:\Program Files\dotnet\sdk\10.0.103\Microsoft.Common.CurrentVersion.targets(2437,5): warning MSB3277:             System.IO.FileSystem.Primitives [C:\tmp\VTSRTXUnlocker\VTSRTXUnlocker.csproj]
C:\Program Files\dotnet\sdk\10.0.103\Microsoft.Common.CurrentVersion.targets(2437,5): warning MSB3277:         C:\tmp\VTSRTXUnlocker\lib\VTube Studio_Data\Managed\System.IO.FileSystem.Watcher.dll [C:\tmp\VTSRTXUnlocker\VTSRTXUnlocker.csproj]
C:\Program Files\dotnet\sdk\10.0.103\Microsoft.Common.CurrentVersion.targets(2437,5): warning MSB3277:           Project file item includes which caused reference "C:\tmp\VTSRTXUnlocker\lib\VTube Studio_Data\Managed\System.IO.FileSystem.Watcher.dll". [C:\tmp\VTSRTXUnlocker\VTSRTXUnlocker.csproj]
C:\Program Files\dotnet\sdk\10.0.103\Microsoft.Common.CurrentVersion.targets(2437,5): warning MSB3277:             System.IO.FileSystem.Watcher [C:\tmp\VTSRTXUnlocker\VTSRTXUnlocker.csproj]
C:\Program Files\dotnet\sdk\10.0.103\Microsoft.Common.CurrentVersion.targets(2437,5): warning MSB3277:         C:\tmp\VTSRTXUnlocker\lib\VTube Studio_Data\Managed\System.IO.IsolatedStorage.dll [C:\tmp\VTSRTXUnlocker\VTSRTXUnlocker.csproj]
C:\Program Files\dotnet\sdk\10.0.103\Microsoft.Common.CurrentVersion.targets(2437,5): warning MSB3277:           Project file item includes which caused reference "C:\tmp\VTSRTXUnlocker\lib\VTube Studio_Data\Managed\System.IO.IsolatedStorage.dll". [C:\tmp\VTSRTXUnlocker\VTSRTXUnlocker.csproj]
C:\Program Files\dotnet\sdk\10.0.103\Microsoft.Common.CurrentVersion.targets(2437,5): warning MSB3277:             System.IO.IsolatedStorage [C:\tmp\VTSRTXUnlocker\VTSRTXUnlocker.csproj]
C:\Program Files\dotnet\sdk\10.0.103\Microsoft.Common.CurrentVersion.targets(2437,5): warning MSB3277:         C:\tmp\VTSRTXUnlocker\lib\VTube Studio_Data\Managed\System.IO.MemoryMappedFiles.dll [C:\tmp\VTSRTXUnlocker\VTSRTXUnlocker.csproj]
C:\Program Files\dotnet\sdk\10.0.103\Microsoft.Common.CurrentVersion.targets(2437,5): warning MSB3277:           Project file item includes which caused reference "C:\tmp\VTSRTXUnlocker\lib\VTube Studio_Data\Managed\System.IO.MemoryMappedFiles.dll". [C:\tmp\VTSRTXUnlocker\VTSRTXUnlocker.csproj]
C:\Program Files\dotnet\sdk\10.0.103\Microsoft.Common.CurrentVersion.targets(2437,5): warning MSB3277:             System.IO.MemoryMappedFiles [C:\tmp\VTSRTXUnlocker\VTSRTXUnlocker.csproj]
C:\Program Files\dotnet\sdk\10.0.103\Microsoft.Common.CurrentVersion.targets(2437,5): warning MSB3277:         C:\tmp\VTSRTXUnlocker\lib\VTube Studio_Data\Managed\System.IO.Pipes.dll [C:\tmp\VTSRTXUnlocker\VTSRTXUnlocker.csproj]
C:\Program Files\dotnet\sdk\10.0.103\Microsoft.Common.CurrentVersion.targets(2437,5): warning MSB3277:           Project file item includes which caused reference "C:\tmp\VTSRTXUnlocker\lib\VTube Studio_Data\Managed\System.IO.Pipes.dll". [C:\tmp\VTSRTXUnlocker\VTSRTXUnlocker.csproj]
C:\Program Files\dotnet\sdk\10.0.103\Microsoft.Common.CurrentVersion.targets(2437,5): warning MSB3277:             System.IO.Pipes [C:\tmp\VTSRTXUnlocker\VTSRTXUnlocker.csproj]
C:\Program Files\dotnet\sdk\10.0.103\Microsoft.Common.CurrentVersion.targets(2437,5): warning MSB3277:         C:\tmp\VTSRTXUnlocker\lib\VTube Studio_Data\Managed\System.IO.UnmanagedMemoryStream.dll [C:\tmp\VTSRTXUnlocker\VTSRTXUnlocker.csproj]
C:\Program Files\dotnet\sdk\10.0.103\Microsoft.Common.CurrentVersion.targets(2437,5): warning MSB3277:           Project file item includes which caused reference "C:\tmp\VTSRTXUnlocker\lib\VTube Studio_Data\Managed\System.IO.UnmanagedMemoryStream.dll". [C:\tmp\VTSRTXUnlocker\VTSRTXUnlocker.csproj]
C:\Program Files\dotnet\sdk\10.0.103\Microsoft.Common.CurrentVersion.targets(2437,5): warning MSB3277:             System.IO.UnmanagedMemoryStream [C:\tmp\VTSRTXUnlocker\VTSRTXUnlocker.csproj]
C:\Program Files\dotnet\sdk\10.0.103\Microsoft.Common.CurrentVersion.targets(2437,5): warning MSB3277:         C:\tmp\VTSRTXUnlocker\lib\VTube Studio_Data\Managed\System.Linq.dll [C:\tmp\VTSRTXUnlocker\VTSRTXUnlocker.csproj]
C:\Program Files\dotnet\sdk\10.0.103\Microsoft.Common.CurrentVersion.targets(2437,5): warning MSB3277:           Project file item includes which caused reference "C:\tmp\VTSRTXUnlocker\lib\VTube Studio_Data\Managed\System.Linq.dll". [C:\tmp\VTSRTXUnlocker\VTSRTXUnlocker.csproj]
C:\Program Files\dotnet\sdk\10.0.103\Microsoft.Common.CurrentVersion.targets(2437,5): warning MSB3277:             System.Linq [C:\tmp\VTSRTXUnlocker\VTSRTXUnlocker.csproj]
C:\Program Files\dotnet\sdk\10.0.103\Microsoft.Common.CurrentVersion.targets(2437,5): warning MSB3277:             netfx.force.conflicts [C:\tmp\VTSRTXUnlocker\VTSRTXUnlocker.csproj]
C:\Program Files\dotnet\sdk\10.0.103\Microsoft.Common.CurrentVersion.targets(2437,5): warning MSB3277:         C:\tmp\VTSRTXUnlocker\lib\VTube Studio_Data\Managed\System.Linq.Expressions.dll [C:\tmp\VTSRTXUnlocker\VTSRTXUnlocker.csproj]
C:\Program Files\dotnet\sdk\10.0.103\Microsoft.Common.CurrentVersion.targets(2437,5): warning MSB3277:           Project file item includes which caused reference "C:\tmp\VTSRTXUnlocker\lib\VTube Studio_Data\Managed\System.Linq.Expressions.dll". [C:\tmp\VTSRTXUnlocker\VTSRTXUnlocker.csproj]
C:\Program Files\dotnet\sdk\10.0.103\Microsoft.Common.CurrentVersion.targets(2437,5): warning MSB3277:             System.Linq.Expressions [C:\tmp\VTSRTXUnlocker\VTSRTXUnlocker.csproj]
C:\Program Files\dotnet\sdk\10.0.103\Microsoft.Common.CurrentVersion.targets(2437,5): warning MSB3277:             netfx.force.conflicts [C:\tmp\VTSRTXUnlocker\VTSRTXUnlocker.csproj]
C:\Program Files\dotnet\sdk\10.0.103\Microsoft.Common.CurrentVersion.targets(2437,5): warning MSB3277:         C:\tmp\VTSRTXUnlocker\lib\VTube Studio_Data\Managed\System.Linq.Parallel.dll [C:\tmp\VTSRTXUnlocker\VTSRTXUnlocker.csproj]
C:\Program Files\dotnet\sdk\10.0.103\Microsoft.Common.CurrentVersion.targets(2437,5): warning MSB3277:           Project file item includes which caused reference "C:\tmp\VTSRTXUnlocker\lib\VTube Studio_Data\Managed\System.Linq.Parallel.dll". [C:\tmp\VTSRTXUnlocker\VTSRTXUnlocker.csproj]
C:\Program Files\dotnet\sdk\10.0.103\Microsoft.Common.CurrentVersion.targets(2437,5): warning MSB3277:             System.Linq.Parallel [C:\tmp\VTSRTXUnlocker\VTSRTXUnlocker.csproj]
C:\Program Files\dotnet\sdk\10.0.103\Microsoft.Common.CurrentVersion.targets(2437,5): warning MSB3277:             netfx.force.conflicts [C:\tmp\VTSRTXUnlocker\VTSRTXUnlocker.csproj]
C:\Program Files\dotnet\sdk\10.0.103\Microsoft.Common.CurrentVersion.targets(2437,5): warning MSB3277:         C:\tmp\VTSRTXUnlocker\lib\VTube Studio_Data\Managed\System.Linq.Queryable.dll [C:\tmp\VTSRTXUnlocker\VTSRTXUnlocker.csproj]
C:\Program Files\dotnet\sdk\10.0.103\Microsoft.Common.CurrentVersion.targets(2437,5): warning MSB3277:           Project file item includes which caused reference "C:\tmp\VTSRTXUnlocker\lib\VTube Studio_Data\Managed\System.Linq.Queryable.dll". [C:\tmp\VTSRTXUnlocker\VTSRTXUnlocker.csproj]
C:\Program Files\dotnet\sdk\10.0.103\Microsoft.Common.CurrentVersion.targets(2437,5): warning MSB3277:             System.Linq.Queryable [C:\tmp\VTSRTXUnlocker\VTSRTXUnlocker.csproj]
C:\Program Files\dotnet\sdk\10.0.103\Microsoft.Common.CurrentVersion.targets(2437,5): warning MSB3277:             netfx.force.conflicts [C:\tmp\VTSRTXUnlocker\VTSRTXUnlocker.csproj]
C:\Program Files\dotnet\sdk\10.0.103\Microsoft.Common.CurrentVersion.targets(2437,5): warning MSB3277:         C:\tmp\VTSRTXUnlocker\lib\VTube Studio_Data\Managed\System.Net.NameResolution.dll [C:\tmp\VTSRTXUnlocker\VTSRTXUnlocker.csproj]
C:\Program Files\dotnet\sdk\10.0.103\Microsoft.Common.CurrentVersion.targets(2437,5): warning MSB3277:           Project file item includes which caused reference "C:\tmp\VTSRTXUnlocker\lib\VTube Studio_Data\Managed\System.Net.NameResolution.dll". [C:\tmp\VTSRTXUnlocker\VTSRTXUnlocker.csproj]
C:\Program Files\dotnet\sdk\10.0.103\Microsoft.Common.CurrentVersion.targets(2437,5): warning MSB3277:             System.Net.NameResolution [C:\tmp\VTSRTXUnlocker\VTSRTXUnlocker.csproj]
C:\Program Files\dotnet\sdk\10.0.103\Microsoft.Common.CurrentVersion.targets(2437,5): warning MSB3277:         C:\tmp\VTSRTXUnlocker\lib\VTube Studio_Data\Managed\System.Net.NetworkInformation.dll [C:\tmp\VTSRTXUnlocker\VTSRTXUnlocker.csproj]
C:\Program Files\dotnet\sdk\10.0.103\Microsoft.Common.CurrentVersion.targets(2437,5): warning MSB3277:           Project file item includes which caused reference "C:\tmp\VTSRTXUnlocker\lib\VTube Studio_Data\Managed\System.Net.NetworkInformation.dll". [C:\tmp\VTSRTXUnlocker\VTSRTXUnlocker.csproj]
C:\Program Files\dotnet\sdk\10.0.103\Microsoft.Common.CurrentVersion.targets(2437,5): warning MSB3277:             System.Net.NetworkInformation [C:\tmp\VTSRTXUnlocker\VTSRTXUnlocker.csproj]
C:\Program Files\dotnet\sdk\10.0.103\Microsoft.Common.CurrentVersion.targets(2437,5): warning MSB3277:             netfx.force.conflicts [C:\tmp\VTSRTXUnlocker\VTSRTXUnlocker.csproj]
C:\Program Files\dotnet\sdk\10.0.103\Microsoft.Common.CurrentVersion.targets(2437,5): warning MSB3277:         C:\tmp\VTSRTXUnlocker\lib\VTube Studio_Data\Managed\System.Net.Ping.dll [C:\tmp\VTSRTXUnlocker\VTSRTXUnlocker.csproj]
C:\Program Files\dotnet\sdk\10.0.103\Microsoft.Common.CurrentVersion.targets(2437,5): warning MSB3277:           Project file item includes which caused reference "C:\tmp\VTSRTXUnlocker\lib\VTube Studio_Data\Managed\System.Net.Ping.dll". [C:\tmp\VTSRTXUnlocker\VTSRTXUnlocker.csproj]
C:\Program Files\dotnet\sdk\10.0.103\Microsoft.Common.CurrentVersion.targets(2437,5): warning MSB3277:             System.Net.Ping [C:\tmp\VTSRTXUnlocker\VTSRTXUnlocker.csproj]
C:\Program Files\dotnet\sdk\10.0.103\Microsoft.Common.CurrentVersion.targets(2437,5): warning MSB3277:         C:\tmp\VTSRTXUnlocker\lib\VTube Studio_Data\Managed\System.Net.Primitives.dll [C:\tmp\VTSRTXUnlocker\VTSRTXUnlocker.csproj]
C:\Program Files\dotnet\sdk\10.0.103\Microsoft.Common.CurrentVersion.targets(2437,5): warning MSB3277:           Project file item includes which caused reference "C:\tmp\VTSRTXUnlocker\lib\VTube Studio_Data\Managed\System.Net.Primitives.dll". [C:\tmp\VTSRTXUnlocker\VTSRTXUnlocker.csproj]
C:\Program Files\dotnet\sdk\10.0.103\Microsoft.Common.CurrentVersion.targets(2437,5): warning MSB3277:             System.Net.Primitives [C:\tmp\VTSRTXUnlocker\VTSRTXUnlocker.csproj]
C:\Program Files\dotnet\sdk\10.0.103\Microsoft.Common.CurrentVersion.targets(2437,5): warning MSB3277:             netfx.force.conflicts [C:\tmp\VTSRTXUnlocker\VTSRTXUnlocker.csproj]
C:\Program Files\dotnet\sdk\10.0.103\Microsoft.Common.CurrentVersion.targets(2437,5): warning MSB3277:         C:\tmp\VTSRTXUnlocker\lib\VTube Studio_Data\Managed\System.Net.Requests.dll [C:\tmp\VTSRTXUnlocker\VTSRTXUnlocker.csproj]
C:\Program Files\dotnet\sdk\10.0.103\Microsoft.Common.CurrentVersion.targets(2437,5): warning MSB3277:           Project file item includes which caused reference "C:\tmp\VTSRTXUnlocker\lib\VTube Studio_Data\Managed\System.Net.Requests.dll". [C:\tmp\VTSRTXUnlocker\VTSRTXUnlocker.csproj]
C:\Program Files\dotnet\sdk\10.0.103\Microsoft.Common.CurrentVersion.targets(2437,5): warning MSB3277:             System.Net.Requests [C:\tmp\VTSRTXUnlocker\VTSRTXUnlocker.csproj]
C:\Program Files\dotnet\sdk\10.0.103\Microsoft.Common.CurrentVersion.targets(2437,5): warning MSB3277:             netfx.force.conflicts [C:\tmp\VTSRTXUnlocker\VTSRTXUnlocker.csproj]
C:\Program Files\dotnet\sdk\10.0.103\Microsoft.Common.CurrentVersion.targets(2437,5): warning MSB3277:         C:\tmp\VTSRTXUnlocker\lib\VTube Studio_Data\Managed\System.Net.Security.dll [C:\tmp\VTSRTXUnlocker\VTSRTXUnlocker.csproj]
C:\Program Files\dotnet\sdk\10.0.103\Microsoft.Common.CurrentVersion.targets(2437,5): warning MSB3277:           Project file item includes which caused reference "C:\tmp\VTSRTXUnlocker\lib\VTube Studio_Data\Managed\System.Net.Security.dll". [C:\tmp\VTSRTXUnlocker\VTSRTXUnlocker.csproj]
C:\Program Files\dotnet\sdk\10.0.103\Microsoft.Common.CurrentVersion.targets(2437,5): warning MSB3277:             System.Net.Security [C:\tmp\VTSRTXUnlocker\VTSRTXUnlocker.csproj]
C:\Program Files\dotnet\sdk\10.0.103\Microsoft.Common.CurrentVersion.targets(2437,5): warning MSB3277:         C:\tmp\VTSRTXUnlocker\lib\VTube Studio_Data\Managed\System.Net.WebHeaderCollection.dll [C:\tmp\VTSRTXUnlocker\VTSRTXUnlocker.csproj]
C:\Program Files\dotnet\sdk\10.0.103\Microsoft.Common.CurrentVersion.targets(2437,5): warning MSB3277:           Project file item includes which caused reference "C:\tmp\VTSRTXUnlocker\lib\VTube Studio_Data\Managed\System.Net.WebHeaderCollection.dll". [C:\tmp\VTSRTXUnlocker\VTSRTXUnlocker.csproj]
C:\Program Files\dotnet\sdk\10.0.103\Microsoft.Common.CurrentVersion.targets(2437,5): warning MSB3277:             System.Net.WebHeaderCollection [C:\tmp\VTSRTXUnlocker\VTSRTXUnlocker.csproj]
C:\Program Files\dotnet\sdk\10.0.103\Microsoft.Common.CurrentVersion.targets(2437,5): warning MSB3277:         C:\tmp\VTSRTXUnlocker\lib\VTube Studio_Data\Managed\System.Net.WebSockets.Client.dll [C:\tmp\VTSRTXUnlocker\VTSRTXUnlocker.csproj]
C:\Program Files\dotnet\sdk\10.0.103\Microsoft.Common.CurrentVersion.targets(2437,5): warning MSB3277:           Project file item includes which caused reference "C:\tmp\VTSRTXUnlocker\lib\VTube Studio_Data\Managed\System.Net.WebSockets.Client.dll". [C:\tmp\VTSRTXUnlocker\VTSRTXUnlocker.csproj]
C:\Program Files\dotnet\sdk\10.0.103\Microsoft.Common.CurrentVersion.targets(2437,5): warning MSB3277:             System.Net.WebSockets.Client [C:\tmp\VTSRTXUnlocker\VTSRTXUnlocker.csproj]
C:\Program Files\dotnet\sdk\10.0.103\Microsoft.Common.CurrentVersion.targets(2437,5): warning MSB3277:         C:\tmp\VTSRTXUnlocker\lib\VTube Studio_Data\Managed\System.Net.WebSockets.dll [C:\tmp\VTSRTXUnlocker\VTSRTXUnlocker.csproj]
C:\Program Files\dotnet\sdk\10.0.103\Microsoft.Common.CurrentVersion.targets(2437,5): warning MSB3277:           Project file item includes which caused reference "C:\tmp\VTSRTXUnlocker\lib\VTube Studio_Data\Managed\System.Net.WebSockets.dll". [C:\tmp\VTSRTXUnlocker\VTSRTXUnlocker.csproj]
C:\Program Files\dotnet\sdk\10.0.103\Microsoft.Common.CurrentVersion.targets(2437,5): warning MSB3277:             System.Net.WebSockets [C:\tmp\VTSRTXUnlocker\VTSRTXUnlocker.csproj]
C:\Program Files\dotnet\sdk\10.0.103\Microsoft.Common.CurrentVersion.targets(2437,5): warning MSB3277:         C:\tmp\VTSRTXUnlocker\lib\VTube Studio_Data\Managed\System.ObjectModel.dll [C:\tmp\VTSRTXUnlocker\VTSRTXUnlocker.csproj]
C:\Program Files\dotnet\sdk\10.0.103\Microsoft.Common.CurrentVersion.targets(2437,5): warning MSB3277:           Project file item includes which caused reference "C:\tmp\VTSRTXUnlocker\lib\VTube Studio_Data\Managed\System.ObjectModel.dll". [C:\tmp\VTSRTXUnlocker\VTSRTXUnlocker.csproj]
C:\Program Files\dotnet\sdk\10.0.103\Microsoft.Common.CurrentVersion.targets(2437,5): warning MSB3277:             System.ObjectModel [C:\tmp\VTSRTXUnlocker\VTSRTXUnlocker.csproj]
C:\Program Files\dotnet\sdk\10.0.103\Microsoft.Common.CurrentVersion.targets(2437,5): warning MSB3277:             netfx.force.conflicts [C:\tmp\VTSRTXUnlocker\VTSRTXUnlocker.csproj]
C:\Program Files\dotnet\sdk\10.0.103\Microsoft.Common.CurrentVersion.targets(2437,5): warning MSB3277:         C:\tmp\VTSRTXUnlocker\lib\VTube Studio_Data\Managed\System.Reflection.dll [C:\tmp\VTSRTXUnlocker\VTSRTXUnlocker.csproj]
C:\Program Files\dotnet\sdk\10.0.103\Microsoft.Common.CurrentVersion.targets(2437,5): warning MSB3277:           Project file item includes which caused reference "C:\tmp\VTSRTXUnlocker\lib\VTube Studio_Data\Managed\System.Reflection.dll". [C:\tmp\VTSRTXUnlocker\VTSRTXUnlocker.csproj]
C:\Program Files\dotnet\sdk\10.0.103\Microsoft.Common.CurrentVersion.targets(2437,5): warning MSB3277:             System.Reflection [C:\tmp\VTSRTXUnlocker\VTSRTXUnlocker.csproj]
C:\Program Files\dotnet\sdk\10.0.103\Microsoft.Common.CurrentVersion.targets(2437,5): warning MSB3277:             netfx.force.conflicts [C:\tmp\VTSRTXUnlocker\VTSRTXUnlocker.csproj]
C:\Program Files\dotnet\sdk\10.0.103\Microsoft.Common.CurrentVersion.targets(2437,5): warning MSB3277:         C:\tmp\VTSRTXUnlocker\lib\VTube Studio_Data\Managed\System.Reflection.Extensions.dll [C:\tmp\VTSRTXUnlocker\VTSRTXUnlocker.csproj]
C:\Program Files\dotnet\sdk\10.0.103\Microsoft.Common.CurrentVersion.targets(2437,5): warning MSB3277:           Project file item includes which caused reference "C:\tmp\VTSRTXUnlocker\lib\VTube Studio_Data\Managed\System.Reflection.Extensions.dll". [C:\tmp\VTSRTXUnlocker\VTSRTXUnlocker.csproj]
C:\Program Files\dotnet\sdk\10.0.103\Microsoft.Common.CurrentVersion.targets(2437,5): warning MSB3277:             System.Reflection.Extensions [C:\tmp\VTSRTXUnlocker\VTSRTXUnlocker.csproj]
C:\Program Files\dotnet\sdk\10.0.103\Microsoft.Common.CurrentVersion.targets(2437,5): warning MSB3277:             netfx.force.conflicts [C:\tmp\VTSRTXUnlocker\VTSRTXUnlocker.csproj]
C:\Program Files\dotnet\sdk\10.0.103\Microsoft.Common.CurrentVersion.targets(2437,5): warning MSB3277:         C:\tmp\VTSRTXUnlocker\lib\VTube Studio_Data\Managed\System.Reflection.Primitives.dll [C:\tmp\VTSRTXUnlocker\VTSRTXUnlocker.csproj]
C:\Program Files\dotnet\sdk\10.0.103\Microsoft.Common.CurrentVersion.targets(2437,5): warning MSB3277:           Project file item includes which caused reference "C:\tmp\VTSRTXUnlocker\lib\VTube Studio_Data\Managed\System.Reflection.Primitives.dll". [C:\tmp\VTSRTXUnlocker\VTSRTXUnlocker.csproj]
C:\Program Files\dotnet\sdk\10.0.103\Microsoft.Common.CurrentVersion.targets(2437,5): warning MSB3277:             System.Reflection.Primitives [C:\tmp\VTSRTXUnlocker\VTSRTXUnlocker.csproj]
C:\Program Files\dotnet\sdk\10.0.103\Microsoft.Common.CurrentVersion.targets(2437,5): warning MSB3277:             netfx.force.conflicts [C:\tmp\VTSRTXUnlocker\VTSRTXUnlocker.csproj]
C:\Program Files\dotnet\sdk\10.0.103\Microsoft.Common.CurrentVersion.targets(2437,5): warning MSB3277:         C:\tmp\VTSRTXUnlocker\lib\VTube Studio_Data\Managed\System.Resources.Reader.dll [C:\tmp\VTSRTXUnlocker\VTSRTXUnlocker.csproj]
C:\Program Files\dotnet\sdk\10.0.103\Microsoft.Common.CurrentVersion.targets(2437,5): warning MSB3277:           Project file item includes which caused reference "C:\tmp\VTSRTXUnlocker\lib\VTube Studio_Data\Managed\System.Resources.Reader.dll". [C:\tmp\VTSRTXUnlocker\VTSRTXUnlocker.csproj]
C:\Program Files\dotnet\sdk\10.0.103\Microsoft.Common.CurrentVersion.targets(2437,5): warning MSB3277:             System.Resources.Reader [C:\tmp\VTSRTXUnlocker\VTSRTXUnlocker.csproj]
C:\Program Files\dotnet\sdk\10.0.103\Microsoft.Common.CurrentVersion.targets(2437,5): warning MSB3277:         C:\tmp\VTSRTXUnlocker\lib\VTube Studio_Data\Managed\System.Resources.ResourceManager.dll [C:\tmp\VTSRTXUnlocker\VTSRTXUnlocker.csproj]
C:\Program Files\dotnet\sdk\10.0.103\Microsoft.Common.CurrentVersion.targets(2437,5): warning MSB3277:           Project file item includes which caused reference "C:\tmp\VTSRTXUnlocker\lib\VTube Studio_Data\Managed\System.Resources.ResourceManager.dll". [C:\tmp\VTSRTXUnlocker\VTSRTXUnlocker.csproj]
C:\Program Files\dotnet\sdk\10.0.103\Microsoft.Common.CurrentVersion.targets(2437,5): warning MSB3277:             System.Resources.ResourceManager [C:\tmp\VTSRTXUnlocker\VTSRTXUnlocker.csproj]
C:\Program Files\dotnet\sdk\10.0.103\Microsoft.Common.CurrentVersion.targets(2437,5): warning MSB3277:             netfx.force.conflicts [C:\tmp\VTSRTXUnlocker\VTSRTXUnlocker.csproj]
C:\Program Files\dotnet\sdk\10.0.103\Microsoft.Common.CurrentVersion.targets(2437,5): warning MSB3277:         C:\tmp\VTSRTXUnlocker\lib\VTube Studio_Data\Managed\System.Resources.Writer.dll [C:\tmp\VTSRTXUnlocker\VTSRTXUnlocker.csproj]
C:\Program Files\dotnet\sdk\10.0.103\Microsoft.Common.CurrentVersion.targets(2437,5): warning MSB3277:           Project file item includes which caused reference "C:\tmp\VTSRTXUnlocker\lib\VTube Studio_Data\Managed\System.Resources.Writer.dll". [C:\tmp\VTSRTXUnlocker\VTSRTXUnlocker.csproj]
C:\Program Files\dotnet\sdk\10.0.103\Microsoft.Common.CurrentVersion.targets(2437,5): warning MSB3277:             System.Resources.Writer [C:\tmp\VTSRTXUnlocker\VTSRTXUnlocker.csproj]
C:\Program Files\dotnet\sdk\10.0.103\Microsoft.Common.CurrentVersion.targets(2437,5): warning MSB3277:         C:\tmp\VTSRTXUnlocker\lib\VTube Studio_Data\Managed\System.Runtime.CompilerServices.VisualC.dll [C:\tmp\VTSRTXUnlocker\VTSRTXUnlocker.csproj]
C:\Program Files\dotnet\sdk\10.0.103\Microsoft.Common.CurrentVersion.targets(2437,5): warning MSB3277:           Project file item includes which caused reference "C:\tmp\VTSRTXUnlocker\lib\VTube Studio_Data\Managed\System.Runtime.CompilerServices.VisualC.dll". [C:\tmp\VTSRTXUnlocker\VTSRTXUnlocker.csproj]
C:\Program Files\dotnet\sdk\10.0.103\Microsoft.Common.CurrentVersion.targets(2437,5): warning MSB3277:             System.Runtime.CompilerServices.VisualC [C:\tmp\VTSRTXUnlocker\VTSRTXUnlocker.csproj]
C:\Program Files\dotnet\sdk\10.0.103\Microsoft.Common.CurrentVersion.targets(2437,5): warning MSB3277:         C:\tmp\VTSRTXUnlocker\lib\VTube Studio_Data\Managed\System.Runtime.dll [C:\tmp\VTSRTXUnlocker\VTSRTXUnlocker.csproj]
C:\Program Files\dotnet\sdk\10.0.103\Microsoft.Common.CurrentVersion.targets(2437,5): warning MSB3277:           Project file item includes which caused reference "C:\tmp\VTSRTXUnlocker\lib\VTube Studio_Data\Managed\System.Runtime.dll". [C:\tmp\VTSRTXUnlocker\VTSRTXUnlocker.csproj]
C:\Program Files\dotnet\sdk\10.0.103\Microsoft.Common.CurrentVersion.targets(2437,5): warning MSB3277:             System.Runtime [C:\tmp\VTSRTXUnlocker\VTSRTXUnlocker.csproj]
C:\Program Files\dotnet\sdk\10.0.103\Microsoft.Common.CurrentVersion.targets(2437,5): warning MSB3277:             netfx.force.conflicts [C:\tmp\VTSRTXUnlocker\VTSRTXUnlocker.csproj]
C:\Program Files\dotnet\sdk\10.0.103\Microsoft.Common.CurrentVersion.targets(2437,5): warning MSB3277:         C:\tmp\VTSRTXUnlocker\lib\VTube Studio_Data\Managed\System.Runtime.Extensions.dll [C:\tmp\VTSRTXUnlocker\VTSRTXUnlocker.csproj]
C:\Program Files\dotnet\sdk\10.0.103\Microsoft.Common.CurrentVersion.targets(2437,5): warning MSB3277:           Project file item includes which caused reference "C:\tmp\VTSRTXUnlocker\lib\VTube Studio_Data\Managed\System.Runtime.Extensions.dll". [C:\tmp\VTSRTXUnlocker\VTSRTXUnlocker.csproj]
C:\Program Files\dotnet\sdk\10.0.103\Microsoft.Common.CurrentVersion.targets(2437,5): warning MSB3277:             System.Runtime.Extensions [C:\tmp\VTSRTXUnlocker\VTSRTXUnlocker.csproj]
C:\Program Files\dotnet\sdk\10.0.103\Microsoft.Common.CurrentVersion.targets(2437,5): warning MSB3277:             netfx.force.conflicts [C:\tmp\VTSRTXUnlocker\VTSRTXUnlocker.csproj]
C:\Program Files\dotnet\sdk\10.0.103\Microsoft.Common.CurrentVersion.targets(2437,5): warning MSB3277:         C:\tmp\VTSRTXUnlocker\lib\VTube Studio_Data\Managed\System.Runtime.Handles.dll [C:\tmp\VTSRTXUnlocker\VTSRTXUnlocker.csproj]
C:\Program Files\dotnet\sdk\10.0.103\Microsoft.Common.CurrentVersion.targets(2437,5): warning MSB3277:           Project file item includes which caused reference "C:\tmp\VTSRTXUnlocker\lib\VTube Studio_Data\Managed\System.Runtime.Handles.dll". [C:\tmp\VTSRTXUnlocker\VTSRTXUnlocker.csproj]
C:\Program Files\dotnet\sdk\10.0.103\Microsoft.Common.CurrentVersion.targets(2437,5): warning MSB3277:             System.Runtime.Handles [C:\tmp\VTSRTXUnlocker\VTSRTXUnlocker.csproj]
C:\Program Files\dotnet\sdk\10.0.103\Microsoft.Common.CurrentVersion.targets(2437,5): warning MSB3277:         C:\tmp\VTSRTXUnlocker\lib\VTube Studio_Data\Managed\System.Runtime.InteropServices.dll [C:\tmp\VTSRTXUnlocker\VTSRTXUnlocker.csproj]
C:\Program Files\dotnet\sdk\10.0.103\Microsoft.Common.CurrentVersion.targets(2437,5): warning MSB3277:           Project file item includes which caused reference "C:\tmp\VTSRTXUnlocker\lib\VTube Studio_Data\Managed\System.Runtime.InteropServices.dll". [C:\tmp\VTSRTXUnlocker\VTSRTXUnlocker.csproj]
C:\Program Files\dotnet\sdk\10.0.103\Microsoft.Common.CurrentVersion.targets(2437,5): warning MSB3277:             System.Runtime.InteropServices [C:\tmp\VTSRTXUnlocker\VTSRTXUnlocker.csproj]
C:\Program Files\dotnet\sdk\10.0.103\Microsoft.Common.CurrentVersion.targets(2437,5): warning MSB3277:             netfx.force.conflicts [C:\tmp\VTSRTXUnlocker\VTSRTXUnlocker.csproj]
C:\Program Files\dotnet\sdk\10.0.103\Microsoft.Common.CurrentVersion.targets(2437,5): warning MSB3277:         C:\tmp\VTSRTXUnlocker\lib\VTube Studio_Data\Managed\System.Runtime.Numerics.dll [C:\tmp\VTSRTXUnlocker\VTSRTXUnlocker.csproj]
C:\Program Files\dotnet\sdk\10.0.103\Microsoft.Common.CurrentVersion.targets(2437,5): warning MSB3277:           Project file item includes which caused reference "C:\tmp\VTSRTXUnlocker\lib\VTube Studio_Data\Managed\System.Runtime.Numerics.dll". [C:\tmp\VTSRTXUnlocker\VTSRTXUnlocker.csproj]
C:\Program Files\dotnet\sdk\10.0.103\Microsoft.Common.CurrentVersion.targets(2437,5): warning MSB3277:             System.Runtime.Numerics [C:\tmp\VTSRTXUnlocker\VTSRTXUnlocker.csproj]
C:\Program Files\dotnet\sdk\10.0.103\Microsoft.Common.CurrentVersion.targets(2437,5): warning MSB3277:             netfx.force.conflicts [C:\tmp\VTSRTXUnlocker\VTSRTXUnlocker.csproj]
C:\Program Files\dotnet\sdk\10.0.103\Microsoft.Common.CurrentVersion.targets(2437,5): warning MSB3277:         C:\tmp\VTSRTXUnlocker\lib\VTube Studio_Data\Managed\System.Runtime.Serialization.Formatters.dll [C:\tmp\VTSRTXUnlocker\VTSRTXUnlocker.csproj]
C:\Program Files\dotnet\sdk\10.0.103\Microsoft.Common.CurrentVersion.targets(2437,5): warning MSB3277:           Project file item includes which caused reference "C:\tmp\VTSRTXUnlocker\lib\VTube Studio_Data\Managed\System.Runtime.Serialization.Formatters.dll". [C:\tmp\VTSRTXUnlocker\VTSRTXUnlocker.csproj]
C:\Program Files\dotnet\sdk\10.0.103\Microsoft.Common.CurrentVersion.targets(2437,5): warning MSB3277:             System.Runtime.Serialization.Formatters [C:\tmp\VTSRTXUnlocker\VTSRTXUnlocker.csproj]
C:\Program Files\dotnet\sdk\10.0.103\Microsoft.Common.CurrentVersion.targets(2437,5): warning MSB3277:         C:\tmp\VTSRTXUnlocker\lib\VTube Studio_Data\Managed\System.Runtime.Serialization.Json.dll [C:\tmp\VTSRTXUnlocker\VTSRTXUnlocker.csproj]
C:\Program Files\dotnet\sdk\10.0.103\Microsoft.Common.CurrentVersion.targets(2437,5): warning MSB3277:           Project file item includes which caused reference "C:\tmp\VTSRTXUnlocker\lib\VTube Studio_Data\Managed\System.Runtime.Serialization.Json.dll". [C:\tmp\VTSRTXUnlocker\VTSRTXUnlocker.csproj]
C:\Program Files\dotnet\sdk\10.0.103\Microsoft.Common.CurrentVersion.targets(2437,5): warning MSB3277:             System.Runtime.Serialization.Json [C:\tmp\VTSRTXUnlocker\VTSRTXUnlocker.csproj]
C:\Program Files\dotnet\sdk\10.0.103\Microsoft.Common.CurrentVersion.targets(2437,5): warning MSB3277:             netfx.force.conflicts [C:\tmp\VTSRTXUnlocker\VTSRTXUnlocker.csproj]
C:\Program Files\dotnet\sdk\10.0.103\Microsoft.Common.CurrentVersion.targets(2437,5): warning MSB3277:         C:\tmp\VTSRTXUnlocker\lib\VTube Studio_Data\Managed\System.Security.Claims.dll [C:\tmp\VTSRTXUnlocker\VTSRTXUnlocker.csproj]
C:\Program Files\dotnet\sdk\10.0.103\Microsoft.Common.CurrentVersion.targets(2437,5): warning MSB3277:           Project file item includes which caused reference "C:\tmp\VTSRTXUnlocker\lib\VTube Studio_Data\Managed\System.Security.Claims.dll". [C:\tmp\VTSRTXUnlocker\VTSRTXUnlocker.csproj]
C:\Program Files\dotnet\sdk\10.0.103\Microsoft.Common.CurrentVersion.targets(2437,5): warning MSB3277:             System.Security.Claims [C:\tmp\VTSRTXUnlocker\VTSRTXUnlocker.csproj]
C:\Program Files\dotnet\sdk\10.0.103\Microsoft.Common.CurrentVersion.targets(2437,5): warning MSB3277:         C:\tmp\VTSRTXUnlocker\lib\VTube Studio_Data\Managed\System.Security.Cryptography.Csp.dll [C:\tmp\VTSRTXUnlocker\VTSRTXUnlocker.csproj]
C:\Program Files\dotnet\sdk\10.0.103\Microsoft.Common.CurrentVersion.targets(2437,5): warning MSB3277:           Project file item includes which caused reference "C:\tmp\VTSRTXUnlocker\lib\VTube Studio_Data\Managed\System.Security.Cryptography.Csp.dll". [C:\tmp\VTSRTXUnlocker\VTSRTXUnlocker.csproj]
C:\Program Files\dotnet\sdk\10.0.103\Microsoft.Common.CurrentVersion.targets(2437,5): warning MSB3277:             System.Security.Cryptography.Csp [C:\tmp\VTSRTXUnlocker\VTSRTXUnlocker.csproj]
C:\Program Files\dotnet\sdk\10.0.103\Microsoft.Common.CurrentVersion.targets(2437,5): warning MSB3277:         C:\tmp\VTSRTXUnlocker\lib\VTube Studio_Data\Managed\System.Security.Cryptography.Encoding.dll [C:\tmp\VTSRTXUnlocker\VTSRTXUnlocker.csproj]
C:\Program Files\dotnet\sdk\10.0.103\Microsoft.Common.CurrentVersion.targets(2437,5): warning MSB3277:           Project file item includes which caused reference "C:\tmp\VTSRTXUnlocker\lib\VTube Studio_Data\Managed\System.Security.Cryptography.Encoding.dll". [C:\tmp\VTSRTXUnlocker\VTSRTXUnlocker.csproj]
C:\Program Files\dotnet\sdk\10.0.103\Microsoft.Common.CurrentVersion.targets(2437,5): warning MSB3277:             System.Security.Cryptography.Encoding [C:\tmp\VTSRTXUnlocker\VTSRTXUnlocker.csproj]
C:\Program Files\dotnet\sdk\10.0.103\Microsoft.Common.CurrentVersion.targets(2437,5): warning MSB3277:         C:\tmp\VTSRTXUnlocker\lib\VTube Studio_Data\Managed\System.Security.Cryptography.Primitives.dll [C:\tmp\VTSRTXUnlocker\VTSRTXUnlocker.csproj]
C:\Program Files\dotnet\sdk\10.0.103\Microsoft.Common.CurrentVersion.targets(2437,5): warning MSB3277:           Project file item includes which caused reference "C:\tmp\VTSRTXUnlocker\lib\VTube Studio_Data\Managed\System.Security.Cryptography.Primitives.dll". [C:\tmp\VTSRTXUnlocker\VTSRTXUnlocker.csproj]
C:\Program Files\dotnet\sdk\10.0.103\Microsoft.Common.CurrentVersion.targets(2437,5): warning MSB3277:             System.Security.Cryptography.Primitives [C:\tmp\VTSRTXUnlocker\VTSRTXUnlocker.csproj]
C:\Program Files\dotnet\sdk\10.0.103\Microsoft.Common.CurrentVersion.targets(2437,5): warning MSB3277:         C:\tmp\VTSRTXUnlocker\lib\VTube Studio_Data\Managed\System.Security.Cryptography.X509Certificates.dll [C:\tmp\VTSRTXUnlocker\VTSRTXUnlocker.csproj]
C:\Program Files\dotnet\sdk\10.0.103\Microsoft.Common.CurrentVersion.targets(2437,5): warning MSB3277:           Project file item includes which caused reference "C:\tmp\VTSRTXUnlocker\lib\VTube Studio_Data\Managed\System.Security.Cryptography.X509Certificates.dll". [C:\tmp\VTSRTXUnlocker\VTSRTXUnlocker.csproj]
C:\Program Files\dotnet\sdk\10.0.103\Microsoft.Common.CurrentVersion.targets(2437,5): warning MSB3277:             System.Security.Cryptography.X509Certificates [C:\tmp\VTSRTXUnlocker\VTSRTXUnlocker.csproj]
C:\Program Files\dotnet\sdk\10.0.103\Microsoft.Common.CurrentVersion.targets(2437,5): warning MSB3277:         C:\tmp\VTSRTXUnlocker\lib\VTube Studio_Data\Managed\System.Security.Principal.dll [C:\tmp\VTSRTXUnlocker\VTSRTXUnlocker.csproj]
C:\Program Files\dotnet\sdk\10.0.103\Microsoft.Common.CurrentVersion.targets(2437,5): warning MSB3277:           Project file item includes which caused reference "C:\tmp\VTSRTXUnlocker\lib\VTube Studio_Data\Managed\System.Security.Principal.dll". [C:\tmp\VTSRTXUnlocker\VTSRTXUnlocker.csproj]
C:\Program Files\dotnet\sdk\10.0.103\Microsoft.Common.CurrentVersion.targets(2437,5): warning MSB3277:             System.Security.Principal [C:\tmp\VTSRTXUnlocker\VTSRTXUnlocker.csproj]
C:\Program Files\dotnet\sdk\10.0.103\Microsoft.Common.CurrentVersion.targets(2437,5): warning MSB3277:             netfx.force.conflicts [C:\tmp\VTSRTXUnlocker\VTSRTXUnlocker.csproj]
C:\Program Files\dotnet\sdk\10.0.103\Microsoft.Common.CurrentVersion.targets(2437,5): warning MSB3277:         C:\tmp\VTSRTXUnlocker\lib\VTube Studio_Data\Managed\System.Text.Encoding.dll [C:\tmp\VTSRTXUnlocker\VTSRTXUnlocker.csproj]
C:\Program Files\dotnet\sdk\10.0.103\Microsoft.Common.CurrentVersion.targets(2437,5): warning MSB3277:           Project file item includes which caused reference "C:\tmp\VTSRTXUnlocker\lib\VTube Studio_Data\Managed\System.Text.Encoding.dll". [C:\tmp\VTSRTXUnlocker\VTSRTXUnlocker.csproj]
C:\Program Files\dotnet\sdk\10.0.103\Microsoft.Common.CurrentVersion.targets(2437,5): warning MSB3277:             System.Text.Encoding [C:\tmp\VTSRTXUnlocker\VTSRTXUnlocker.csproj]
C:\Program Files\dotnet\sdk\10.0.103\Microsoft.Common.CurrentVersion.targets(2437,5): warning MSB3277:             netfx.force.conflicts [C:\tmp\VTSRTXUnlocker\VTSRTXUnlocker.csproj]
C:\Program Files\dotnet\sdk\10.0.103\Microsoft.Common.CurrentVersion.targets(2437,5): warning MSB3277:         C:\tmp\VTSRTXUnlocker\lib\VTube Studio_Data\Managed\System.Text.Encoding.Extensions.dll [C:\tmp\VTSRTXUnlocker\VTSRTXUnlocker.csproj]
C:\Program Files\dotnet\sdk\10.0.103\Microsoft.Common.CurrentVersion.targets(2437,5): warning MSB3277:           Project file item includes which caused reference "C:\tmp\VTSRTXUnlocker\lib\VTube Studio_Data\Managed\System.Text.Encoding.Extensions.dll". [C:\tmp\VTSRTXUnlocker\VTSRTXUnlocker.csproj]
C:\Program Files\dotnet\sdk\10.0.103\Microsoft.Common.CurrentVersion.targets(2437,5): warning MSB3277:             System.Text.Encoding.Extensions [C:\tmp\VTSRTXUnlocker\VTSRTXUnlocker.csproj]
C:\Program Files\dotnet\sdk\10.0.103\Microsoft.Common.CurrentVersion.targets(2437,5): warning MSB3277:             netfx.force.conflicts [C:\tmp\VTSRTXUnlocker\VTSRTXUnlocker.csproj]
C:\Program Files\dotnet\sdk\10.0.103\Microsoft.Common.CurrentVersion.targets(2437,5): warning MSB3277:         C:\tmp\VTSRTXUnlocker\lib\VTube Studio_Data\Managed\System.Text.RegularExpressions.dll [C:\tmp\VTSRTXUnlocker\VTSRTXUnlocker.csproj]
C:\Program Files\dotnet\sdk\10.0.103\Microsoft.Common.CurrentVersion.targets(2437,5): warning MSB3277:           Project file item includes which caused reference "C:\tmp\VTSRTXUnlocker\lib\VTube Studio_Data\Managed\System.Text.RegularExpressions.dll". [C:\tmp\VTSRTXUnlocker\VTSRTXUnlocker.csproj]
C:\Program Files\dotnet\sdk\10.0.103\Microsoft.Common.CurrentVersion.targets(2437,5): warning MSB3277:             System.Text.RegularExpressions [C:\tmp\VTSRTXUnlocker\VTSRTXUnlocker.csproj]
C:\Program Files\dotnet\sdk\10.0.103\Microsoft.Common.CurrentVersion.targets(2437,5): warning MSB3277:             netfx.force.conflicts [C:\tmp\VTSRTXUnlocker\VTSRTXUnlocker.csproj]
C:\Program Files\dotnet\sdk\10.0.103\Microsoft.Common.CurrentVersion.targets(2437,5): warning MSB3277:         C:\tmp\VTSRTXUnlocker\lib\VTube Studio_Data\Managed\System.Threading.dll [C:\tmp\VTSRTXUnlocker\VTSRTXUnlocker.csproj]
C:\Program Files\dotnet\sdk\10.0.103\Microsoft.Common.CurrentVersion.targets(2437,5): warning MSB3277:           Project file item includes which caused reference "C:\tmp\VTSRTXUnlocker\lib\VTube Studio_Data\Managed\System.Threading.dll". [C:\tmp\VTSRTXUnlocker\VTSRTXUnlocker.csproj]
C:\Program Files\dotnet\sdk\10.0.103\Microsoft.Common.CurrentVersion.targets(2437,5): warning MSB3277:             System.Threading [C:\tmp\VTSRTXUnlocker\VTSRTXUnlocker.csproj]
C:\Program Files\dotnet\sdk\10.0.103\Microsoft.Common.CurrentVersion.targets(2437,5): warning MSB3277:             netfx.force.conflicts [C:\tmp\VTSRTXUnlocker\VTSRTXUnlocker.csproj]
C:\Program Files\dotnet\sdk\10.0.103\Microsoft.Common.CurrentVersion.targets(2437,5): warning MSB3277:         C:\tmp\VTSRTXUnlocker\lib\VTube Studio_Data\Managed\System.Threading.Tasks.dll [C:\tmp\VTSRTXUnlocker\VTSRTXUnlocker.csproj]
C:\Program Files\dotnet\sdk\10.0.103\Microsoft.Common.CurrentVersion.targets(2437,5): warning MSB3277:           Project file item includes which caused reference "C:\tmp\VTSRTXUnlocker\lib\VTube Studio_Data\Managed\System.Threading.Tasks.dll". [C:\tmp\VTSRTXUnlocker\VTSRTXUnlocker.csproj]
C:\Program Files\dotnet\sdk\10.0.103\Microsoft.Common.CurrentVersion.targets(2437,5): warning MSB3277:             System.Threading.Tasks [C:\tmp\VTSRTXUnlocker\VTSRTXUnlocker.csproj]
C:\Program Files\dotnet\sdk\10.0.103\Microsoft.Common.CurrentVersion.targets(2437,5): warning MSB3277:             netfx.force.conflicts [C:\tmp\VTSRTXUnlocker\VTSRTXUnlocker.csproj]
C:\Program Files\dotnet\sdk\10.0.103\Microsoft.Common.CurrentVersion.targets(2437,5): warning MSB3277:         C:\tmp\VTSRTXUnlocker\lib\VTube Studio_Data\Managed\System.Threading.Tasks.Parallel.dll [C:\tmp\VTSRTXUnlocker\VTSRTXUnlocker.csproj]
C:\Program Files\dotnet\sdk\10.0.103\Microsoft.Common.CurrentVersion.targets(2437,5): warning MSB3277:           Project file item includes which caused reference "C:\tmp\VTSRTXUnlocker\lib\VTube Studio_Data\Managed\System.Threading.Tasks.Parallel.dll". [C:\tmp\VTSRTXUnlocker\VTSRTXUnlocker.csproj]
C:\Program Files\dotnet\sdk\10.0.103\Microsoft.Common.CurrentVersion.targets(2437,5): warning MSB3277:             System.Threading.Tasks.Parallel [C:\tmp\VTSRTXUnlocker\VTSRTXUnlocker.csproj]
C:\Program Files\dotnet\sdk\10.0.103\Microsoft.Common.CurrentVersion.targets(2437,5): warning MSB3277:             netfx.force.conflicts [C:\tmp\VTSRTXUnlocker\VTSRTXUnlocker.csproj]
C:\Program Files\dotnet\sdk\10.0.103\Microsoft.Common.CurrentVersion.targets(2437,5): warning MSB3277:         C:\tmp\VTSRTXUnlocker\lib\VTube Studio_Data\Managed\System.Threading.Thread.dll [C:\tmp\VTSRTXUnlocker\VTSRTXUnlocker.csproj]
C:\Program Files\dotnet\sdk\10.0.103\Microsoft.Common.CurrentVersion.targets(2437,5): warning MSB3277:           Project file item includes which caused reference "C:\tmp\VTSRTXUnlocker\lib\VTube Studio_Data\Managed\System.Threading.Thread.dll". [C:\tmp\VTSRTXUnlocker\VTSRTXUnlocker.csproj]
C:\Program Files\dotnet\sdk\10.0.103\Microsoft.Common.CurrentVersion.targets(2437,5): warning MSB3277:             System.Threading.Thread [C:\tmp\VTSRTXUnlocker\VTSRTXUnlocker.csproj]
C:\Program Files\dotnet\sdk\10.0.103\Microsoft.Common.CurrentVersion.targets(2437,5): warning MSB3277:         C:\tmp\VTSRTXUnlocker\lib\VTube Studio_Data\Managed\System.Threading.ThreadPool.dll [C:\tmp\VTSRTXUnlocker\VTSRTXUnlocker.csproj]
C:\Program Files\dotnet\sdk\10.0.103\Microsoft.Common.CurrentVersion.targets(2437,5): warning MSB3277:           Project file item includes which caused reference "C:\tmp\VTSRTXUnlocker\lib\VTube Studio_Data\Managed\System.Threading.ThreadPool.dll". [C:\tmp\VTSRTXUnlocker\VTSRTXUnlocker.csproj]
C:\Program Files\dotnet\sdk\10.0.103\Microsoft.Common.CurrentVersion.targets(2437,5): warning MSB3277:             System.Threading.ThreadPool [C:\tmp\VTSRTXUnlocker\VTSRTXUnlocker.csproj]
C:\Program Files\dotnet\sdk\10.0.103\Microsoft.Common.CurrentVersion.targets(2437,5): warning MSB3277:         C:\tmp\VTSRTXUnlocker\lib\VTube Studio_Data\Managed\System.Threading.Timer.dll [C:\tmp\VTSRTXUnlocker\VTSRTXUnlocker.csproj]
C:\Program Files\dotnet\sdk\10.0.103\Microsoft.Common.CurrentVersion.targets(2437,5): warning MSB3277:           Project file item includes which caused reference "C:\tmp\VTSRTXUnlocker\lib\VTube Studio_Data\Managed\System.Threading.Timer.dll". [C:\tmp\VTSRTXUnlocker\VTSRTXUnlocker.csproj]
C:\Program Files\dotnet\sdk\10.0.103\Microsoft.Common.CurrentVersion.targets(2437,5): warning MSB3277:             System.Threading.Timer [C:\tmp\VTSRTXUnlocker\VTSRTXUnlocker.csproj]
C:\Program Files\dotnet\sdk\10.0.103\Microsoft.Common.CurrentVersion.targets(2437,5): warning MSB3277:             netfx.force.conflicts [C:\tmp\VTSRTXUnlocker\VTSRTXUnlocker.csproj]
C:\Program Files\dotnet\sdk\10.0.103\Microsoft.Common.CurrentVersion.targets(2437,5): warning MSB3277:         C:\tmp\VTSRTXUnlocker\lib\VTube Studio_Data\Managed\System.Xml.ReaderWriter.dll [C:\tmp\VTSRTXUnlocker\VTSRTXUnlocker.csproj]
C:\Program Files\dotnet\sdk\10.0.103\Microsoft.Common.CurrentVersion.targets(2437,5): warning MSB3277:           Project file item includes which caused reference "C:\tmp\VTSRTXUnlocker\lib\VTube Studio_Data\Managed\System.Xml.ReaderWriter.dll". [C:\tmp\VTSRTXUnlocker\VTSRTXUnlocker.csproj]
C:\Program Files\dotnet\sdk\10.0.103\Microsoft.Common.CurrentVersion.targets(2437,5): warning MSB3277:             System.Xml.ReaderWriter [C:\tmp\VTSRTXUnlocker\VTSRTXUnlocker.csproj]
C:\Program Files\dotnet\sdk\10.0.103\Microsoft.Common.CurrentVersion.targets(2437,5): warning MSB3277:             netfx.force.conflicts [C:\tmp\VTSRTXUnlocker\VTSRTXUnlocker.csproj]
C:\Program Files\dotnet\sdk\10.0.103\Microsoft.Common.CurrentVersion.targets(2437,5): warning MSB3277:         C:\tmp\VTSRTXUnlocker\lib\VTube Studio_Data\Managed\System.Xml.XDocument.dll [C:\tmp\VTSRTXUnlocker\VTSRTXUnlocker.csproj]
C:\Program Files\dotnet\sdk\10.0.103\Microsoft.Common.CurrentVersion.targets(2437,5): warning MSB3277:           Project file item includes which caused reference "C:\tmp\VTSRTXUnlocker\lib\VTube Studio_Data\Managed\System.Xml.XDocument.dll". [C:\tmp\VTSRTXUnlocker\VTSRTXUnlocker.csproj]
C:\Program Files\dotnet\sdk\10.0.103\Microsoft.Common.CurrentVersion.targets(2437,5): warning MSB3277:             System.Xml.XDocument [C:\tmp\VTSRTXUnlocker\VTSRTXUnlocker.csproj]
C:\Program Files\dotnet\sdk\10.0.103\Microsoft.Common.CurrentVersion.targets(2437,5): warning MSB3277:             netfx.force.conflicts [C:\tmp\VTSRTXUnlocker\VTSRTXUnlocker.csproj]
C:\Program Files\dotnet\sdk\10.0.103\Microsoft.Common.CurrentVersion.targets(2437,5): warning MSB3277:         C:\tmp\VTSRTXUnlocker\lib\VTube Studio_Data\Managed\System.Xml.XmlDocument.dll [C:\tmp\VTSRTXUnlocker\VTSRTXUnlocker.csproj]
C:\Program Files\dotnet\sdk\10.0.103\Microsoft.Common.CurrentVersion.targets(2437,5): warning MSB3277:           Project file item includes which caused reference "C:\tmp\VTSRTXUnlocker\lib\VTube Studio_Data\Managed\System.Xml.XmlDocument.dll". [C:\tmp\VTSRTXUnlocker\VTSRTXUnlocker.csproj]
C:\Program Files\dotnet\sdk\10.0.103\Microsoft.Common.CurrentVersion.targets(2437,5): warning MSB3277:             System.Xml.XmlDocument [C:\tmp\VTSRTXUnlocker\VTSRTXUnlocker.csproj]
C:\Program Files\dotnet\sdk\10.0.103\Microsoft.Common.CurrentVersion.targets(2437,5): warning MSB3277:         C:\tmp\VTSRTXUnlocker\lib\VTube Studio_Data\Managed\System.Xml.XmlSerializer.dll [C:\tmp\VTSRTXUnlocker\VTSRTXUnlocker.csproj]
C:\Program Files\dotnet\sdk\10.0.103\Microsoft.Common.CurrentVersion.targets(2437,5): warning MSB3277:           Project file item includes which caused reference "C:\tmp\VTSRTXUnlocker\lib\VTube Studio_Data\Managed\System.Xml.XmlSerializer.dll". [C:\tmp\VTSRTXUnlocker\VTSRTXUnlocker.csproj]
C:\Program Files\dotnet\sdk\10.0.103\Microsoft.Common.CurrentVersion.targets(2437,5): warning MSB3277:             System.Xml.XmlSerializer [C:\tmp\VTSRTXUnlocker\VTSRTXUnlocker.csproj]
C:\Program Files\dotnet\sdk\10.0.103\Microsoft.Common.CurrentVersion.targets(2437,5): warning MSB3277:             netfx.force.conflicts [C:\tmp\VTSRTXUnlocker\VTSRTXUnlocker.csproj]
C:\Program Files\dotnet\sdk\10.0.103\Microsoft.Common.CurrentVersion.targets(2437,5): warning MSB3277:         C:\tmp\VTSRTXUnlocker\lib\VTube Studio_Data\Managed\System.Xml.XPath.dll [C:\tmp\VTSRTXUnlocker\VTSRTXUnlocker.csproj]
C:\Program Files\dotnet\sdk\10.0.103\Microsoft.Common.CurrentVersion.targets(2437,5): warning MSB3277:           Project file item includes which caused reference "C:\tmp\VTSRTXUnlocker\lib\VTube Studio_Data\Managed\System.Xml.XPath.dll". [C:\tmp\VTSRTXUnlocker\VTSRTXUnlocker.csproj]
C:\Program Files\dotnet\sdk\10.0.103\Microsoft.Common.CurrentVersion.targets(2437,5): warning MSB3277:             System.Xml.XPath [C:\tmp\VTSRTXUnlocker\VTSRTXUnlocker.csproj]
C:\tmp\VTSRTXUnlocker\obj\Release\net462\.NETFramework,Version=v4.6.2.AssemblyAttributes.cs(4,12): error CS0579: Duplicate 'global::System.Runtime.Versioning.TargetFrameworkAttribute' attribute [C:\tmp\VTSRTXUnlocker\VTSRTXUnlocker.csproj]
C:\tmp\VTSRTXUnlocker\obj\Release\net462\VTSRTXUnlocker.AssemblyInfo.cs(13,12): error CS0579: Duplicate 'System.Reflection.AssemblyCompanyAttribute' attribute [C:\tmp\VTSRTXUnlocker\VTSRTXUnlocker.csproj]
C:\tmp\VTSRTXUnlocker\obj\Release\net462\VTSRTXUnlocker.AssemblyInfo.cs(14,12): error CS0579: Duplicate 'System.Reflection.AssemblyConfigurationAttribute' attribute [C:\tmp\VTSRTXUnlocker\VTSRTXUnlocker.csproj]
C:\tmp\VTSRTXUnlocker\obj\Release\net462\VTSRTXUnlocker.AssemblyInfo.cs(15,12): error CS0579: Duplicate 'System.Reflection.AssemblyFileVersionAttribute' attribute [C:\tmp\VTSRTXUnlocker\VTSRTXUnlocker.csproj]
C:\tmp\VTSRTXUnlocker\obj\Release\net462\VTSRTXUnlocker.AssemblyInfo.cs(16,12): error CS0579: Duplicate 'System.Reflection.AssemblyInformationalVersionAttribute' attribute [C:\tmp\VTSRTXUnlocker\VTSRTXUnlocker.csproj]
C:\tmp\VTSRTXUnlocker\obj\Release\net462\VTSRTXUnlocker.AssemblyInfo.cs(17,12): error CS0579: Duplicate 'System.Reflection.AssemblyProductAttribute' attribute [C:\tmp\VTSRTXUnlocker\VTSRTXUnlocker.csproj]
C:\tmp\VTSRTXUnlocker\obj\Release\net462\VTSRTXUnlocker.AssemblyInfo.cs(18,12): error CS0579: Duplicate 'System.Reflection.AssemblyTitleAttribute' attribute [C:\tmp\VTSRTXUnlocker\VTSRTXUnlocker.csproj]
C:\tmp\VTSRTXUnlocker\obj\Release\net462\VTSRTXUnlocker.AssemblyInfo.cs(19,12): error CS0579: Duplicate 'System.Reflection.AssemblyVersionAttribute' attribute [C:\tmp\VTSRTXUnlocker\VTSRTXUnlocker.csproj]
C:\tmp\VTSRTXUnlocker\Plugin.cs(239,26): warning CS0436: The type 'MXStarter' in 'C:\tmp\VTSRTXUnlocker\ci\Stubs.cs' conflicts with the imported type 'MXStarter' in 'Assembly-CSharp, Version=1.0.0.0, Culture=neutral, PublicKeyToken=null'. Using the type defined in 'C:\tmp\VTSRTXUnlocker\ci\Stubs.cs'. [C:\tmp\VTSRTXUnlocker\VTSRTXUnlocker.csproj]
C:\tmp\VTSRTXUnlocker\Plugin.cs(260,26): warning CS0436: The type 'MXStarter' in 'C:\tmp\VTSRTXUnlocker\ci\Stubs.cs' conflicts with the imported type 'MXStarter' in 'Assembly-CSharp, Version=1.0.0.0, Culture=neutral, PublicKeyToken=null'. Using the type defined in 'C:\tmp\VTSRTXUnlocker\ci\Stubs.cs'. [C:\tmp\VTSRTXUnlocker\VTSRTXUnlocker.csproj]
C:\tmp\VTSRTXUnlocker\Plugin.cs(209,34): warning CS0436: The type 'Logger' in 'C:\tmp\VTSRTXUnlocker\ci\Stubs.cs' conflicts with the imported type 'Logger' in 'Assembly-CSharp, Version=1.0.0.0, Culture=neutral, PublicKeyToken=null'. Using the type defined in 'C:\tmp\VTSRTXUnlocker\ci\Stubs.cs'. [C:\tmp\VTSRTXUnlocker\VTSRTXUnlocker.csproj]
C:\tmp\VTSRTXUnlocker\Plugin.cs(283,26): warning CS0436: The type 'WebcamTrackingConfigItem' in 'C:\tmp\VTSRTXUnlocker\ci\Stubs.cs' conflicts with the imported type 'WebcamTrackingConfigItem' in 'Assembly-CSharp, Version=1.0.0.0, Culture=neutral, PublicKeyToken=null'. Using the type defined in 'C:\tmp\VTSRTXUnlocker\ci\Stubs.cs'. [C:\tmp\VTSRTXUnlocker\VTSRTXUnlocker.csproj]
C:\tmp\VTSRTXUnlocker\ci\Stubs.cs(44,19): warning CS0436: The type 'ItemSelectionWindow' in 'C:\tmp\VTSRTXUnlocker\ci\Stubs.cs' conflicts with the imported type 'ItemSelectionWindow' in 'Assembly-CSharp, Version=1.0.0.0, Culture=neutral, PublicKeyToken=null'. Using the type defined in 'C:\tmp\VTSRTXUnlocker\ci\Stubs.cs'. [C:\tmp\VTSRTXUnlocker\VTSRTXUnlocker.csproj]
C:\tmp\VTSRTXUnlocker\ci\Stubs.cs(48,62): warning CS0436: The type 'ItemSelectionWindowEntry' in 'C:\tmp\VTSRTXUnlocker\ci\Stubs.cs' conflicts with the imported type 'ItemSelectionWindowEntry' in 'Assembly-CSharp, Version=1.0.0.0, Culture=neutral, PublicKeyToken=null'. Using the type defined in 'C:\tmp\VTSRTXUnlocker\ci\Stubs.cs'. [C:\tmp\VTSRTXUnlocker\VTSRTXUnlocker.csproj]
C:\tmp\VTSRTXUnlocker\ci\Stubs.cs(43,20): warning CS0436: The type 'ItemSelectionWindow' in 'C:\tmp\VTSRTXUnlocker\ci\Stubs.cs' conflicts with the imported type 'ItemSelectionWindow' in 'Assembly-CSharp, Version=1.0.0.0, Culture=neutral, PublicKeyToken=null'. Using the type defined in 'C:\tmp\VTSRTXUnlocker\ci\Stubs.cs'. [C:\tmp\VTSRTXUnlocker\VTSRTXUnlocker.csproj]

Build FAILED.

C:\Program Files\dotnet\sdk\10.0.103\Microsoft.Common.CurrentVersion.targets(2437,5): warning MSB3277: Found conflicts between different versions of "netstandard" that could not be resolved. [C:\tmp\VTSRTXUnlocker\VTSRTXUnlocker.csproj]
C:\Program Files\dotnet\sdk\10.0.103\Microsoft.Common.CurrentVersion.targets(2437,5): warning MSB3277: There was a conflict between "netstandard, Version=2.0.0.0, Culture=neutral, PublicKeyToken=cc7b13ffcd2ddd51" and "netstandard, Version=2.1.0.0, Culture=neutral, PublicKeyToken=cc7b13ffcd2ddd51". [C:\tmp\VTSRTXUnlocker\VTSRTXUnlocker.csproj]
C:\Program Files\dotnet\sdk\10.0.103\Microsoft.Common.CurrentVersion.targets(2437,5): warning MSB3277:     "netstandard, Version=2.0.0.0, Culture=neutral, PublicKeyToken=cc7b13ffcd2ddd51" was chosen because it was primary and "netstandard, Version=2.1.0.0, Culture=neutral, PublicKeyToken=cc7b13ffcd2ddd51" was not. [C:\tmp\VTSRTXUnlocker\VTSRTXUnlocker.csproj]
C:\Program Files\dotnet\sdk\10.0.103\Microsoft.Common.CurrentVersion.targets(2437,5): warning MSB3277:     References which depend on "netstandard, Version=2.0.0.0, Culture=neutral, PublicKeyToken=cc7b13ffcd2ddd51" [C:\tmp\VTSRTXUnlocker\lib\VTube Studio_Data\Managed\netstandard.dll]. [C:\tmp\VTSRTXUnlocker\VTSRTXUnlocker.csproj]
C:\Program Files\dotnet\sdk\10.0.103\Microsoft.Common.CurrentVersion.targets(2437,5): warning MSB3277:         C:\tmp\VTSRTXUnlocker\lib\VTube Studio_Data\Managed\netstandard.dll [C:\tmp\VTSRTXUnlocker\VTSRTXUnlocker.csproj]
C:\Program Files\dotnet\sdk\10.0.103\Microsoft.Common.CurrentVersion.targets(2437,5): warning MSB3277:           Project file item includes which caused reference "C:\tmp\VTSRTXUnlocker\lib\VTube Studio_Data\Managed\netstandard.dll". [C:\tmp\VTSRTXUnlocker\VTSRTXUnlocker.csproj]
C:\Program Files\dotnet\sdk\10.0.103\Microsoft.Common.CurrentVersion.targets(2437,5): warning MSB3277:             netstandard [C:\tmp\VTSRTXUnlocker\VTSRTXUnlocker.csproj]
C:\Program Files\dotnet\sdk\10.0.103\Microsoft.Common.CurrentVersion.targets(2437,5): warning MSB3277:     References which depend on or have been unified to "netstandard, Version=2.1.0.0, Culture=neutral, PublicKeyToken=cc7b13ffcd2ddd51" []. [C:\tmp\VTSRTXUnlocker\VTSRTXUnlocker.csproj]
C:\Program Files\dotnet\sdk\10.0.103\Microsoft.Common.CurrentVersion.targets(2437,5): warning MSB3277:         C:\tmp\VTSRTXUnlocker\lib\VTube Studio_Data\Managed\UnityEngine.dll [C:\tmp\VTSRTXUnlocker\VTSRTXUnlocker.csproj]
C:\Program Files\dotnet\sdk\10.0.103\Microsoft.Common.CurrentVersion.targets(2437,5): warning MSB3277:           Project file item includes which caused reference "C:\tmp\VTSRTXUnlocker\lib\VTube Studio_Data\Managed\UnityEngine.dll". [C:\tmp\VTSRTXUnlocker\VTSRTXUnlocker.csproj]
C:\Program Files\dotnet\sdk\10.0.103\Microsoft.Common.CurrentVersion.targets(2437,5): warning MSB3277:             UnityEngine [C:\tmp\VTSRTXUnlocker\VTSRTXUnlocker.csproj]
C:\Program Files\dotnet\sdk\10.0.103\Microsoft.Common.CurrentVersion.targets(2437,5): warning MSB3277:         C:\tmp\VTSRTXUnlocker\lib\VTube Studio_Data\Managed\UnityEngine.CoreModule.dll [C:\tmp\VTSRTXUnlocker\VTSRTXUnlocker.csproj]
C:\Program Files\dotnet\sdk\10.0.103\Microsoft.Common.CurrentVersion.targets(2437,5): warning MSB3277:           Project file item includes which caused reference "C:\tmp\VTSRTXUnlocker\lib\VTube Studio_Data\Managed\UnityEngine.CoreModule.dll". [C:\tmp\VTSRTXUnlocker\VTSRTXUnlocker.csproj]
C:\Program Files\dotnet\sdk\10.0.103\Microsoft.Common.CurrentVersion.targets(2437,5): warning MSB3277:             UnityEngine.CoreModule [C:\tmp\VTSRTXUnlocker\VTSRTXUnlocker.csproj]
C:\Program Files\dotnet\sdk\10.0.103\Microsoft.Common.CurrentVersion.targets(2437,5): warning MSB3277:             Assembly-CSharp [C:\tmp\VTSRTXUnlocker\VTSRTXUnlocker.csproj]
C:\Program Files\dotnet\sdk\10.0.103\Microsoft.Common.CurrentVersion.targets(2437,5): warning MSB3277:             UnityEngine [C:\tmp\VTSRTXUnlocker\VTSRTXUnlocker.csproj]
C:\Program Files\dotnet\sdk\10.0.103\Microsoft.Common.CurrentVersion.targets(2437,5): warning MSB3277:             UnityEngine.IMGUIModule [C:\tmp\VTSRTXUnlocker\VTSRTXUnlocker.csproj]
C:\Program Files\dotnet\sdk\10.0.103\Microsoft.Common.CurrentVersion.targets(2437,5): warning MSB3277:             UnityEngine.InputLegacyModule [C:\tmp\VTSRTXUnlocker\VTSRTXUnlocker.csproj]
C:\Program Files\dotnet\sdk\10.0.103\Microsoft.Common.CurrentVersion.targets(2437,5): warning MSB3277:             UnityEngine.TextRenderingModule [C:\tmp\VTSRTXUnlocker\VTSRTXUnlocker.csproj]
C:\Program Files\dotnet\sdk\10.0.103\Microsoft.Common.CurrentVersion.targets(2437,5): warning MSB3277:         C:\tmp\VTSRTXUnlocker\lib\VTube Studio_Data\Managed\UnityEngine.IMGUIModule.dll [C:\tmp\VTSRTXUnlocker\VTSRTXUnlocker.csproj]
C:\Program Files\dotnet\sdk\10.0.103\Microsoft.Common.CurrentVersion.targets(2437,5): warning MSB3277:           Project file item includes which caused reference "C:\tmp\VTSRTXUnlocker\lib\VTube Studio_Data\Managed\UnityEngine.IMGUIModule.dll". [C:\tmp\VTSRTXUnlocker\VTSRTXUnlocker.csproj]
C:\Program Files\dotnet\sdk\10.0.103\Microsoft.Common.CurrentVersion.targets(2437,5): warning MSB3277:             UnityEngine.IMGUIModule [C:\tmp\VTSRTXUnlocker\VTSRTXUnlocker.csproj]
C:\Program Files\dotnet\sdk\10.0.103\Microsoft.Common.CurrentVersion.targets(2437,5): warning MSB3277:             UnityEngine [C:\tmp\VTSRTXUnlocker\VTSRTXUnlocker.csproj]
C:\Program Files\dotnet\sdk\10.0.103\Microsoft.Common.CurrentVersion.targets(2437,5): warning MSB3277:         C:\tmp\VTSRTXUnlocker\lib\VTube Studio_Data\Managed\UnityEngine.InputLegacyModule.dll [C:\tmp\VTSRTXUnlocker\VTSRTXUnlocker.csproj]
C:\Program Files\dotnet\sdk\10.0.103\Microsoft.Common.CurrentVersion.targets(2437,5): warning MSB3277:           Project file item includes which caused reference "C:\tmp\VTSRTXUnlocker\lib\VTube Studio_Data\Managed\UnityEngine.InputLegacyModule.dll". [C:\tmp\VTSRTXUnlocker\VTSRTXUnlocker.csproj]
C:\Program Files\dotnet\sdk\10.0.103\Microsoft.Common.CurrentVersion.targets(2437,5): warning MSB3277:             UnityEngine.InputLegacyModule [C:\tmp\VTSRTXUnlocker\VTSRTXUnlocker.csproj]
C:\Program Files\dotnet\sdk\10.0.103\Microsoft.Common.CurrentVersion.targets(2437,5): warning MSB3277:             UnityEngine [C:\tmp\VTSRTXUnlocker\VTSRTXUnlocker.csproj]
C:\Program Files\dotnet\sdk\10.0.103\Microsoft.Common.CurrentVersion.targets(2437,5): warning MSB3277:             UnityEngine.IMGUIModule [C:\tmp\VTSRTXUnlocker\VTSRTXUnlocker.csproj]
C:\Program Files\dotnet\sdk\10.0.103\Microsoft.Common.CurrentVersion.targets(2437,5): warning MSB3277:         C:\tmp\VTSRTXUnlocker\lib\VTube Studio_Data\Managed\UnityEngine.TextRenderingModule.dll [C:\tmp\VTSRTXUnlocker\VTSRTXUnlocker.csproj]
C:\Program Files\dotnet\sdk\10.0.103\Microsoft.Common.CurrentVersion.targets(2437,5): warning MSB3277:           Project file item includes which caused reference "C:\tmp\VTSRTXUnlocker\lib\VTube Studio_Data\Managed\UnityEngine.TextRenderingModule.dll". [C:\tmp\VTSRTXUnlocker\VTSRTXUnlocker.csproj]
C:\Program Files\dotnet\sdk\10.0.103\Microsoft.Common.CurrentVersion.targets(2437,5): warning MSB3277:             UnityEngine.TextRenderingModule [C:\tmp\VTSRTXUnlocker\VTSRTXUnlocker.csproj]
C:\Program Files\dotnet\sdk\10.0.103\Microsoft.Common.CurrentVersion.targets(2437,5): warning MSB3277:             UnityEngine [C:\tmp\VTSRTXUnlocker\VTSRTXUnlocker.csproj]
C:\Program Files\dotnet\sdk\10.0.103\Microsoft.Common.CurrentVersion.targets(2437,5): warning MSB3277:             UnityEngine.IMGUIModule [C:\tmp\VTSRTXUnlocker\VTSRTXUnlocker.csproj]
C:\Program Files\dotnet\sdk\10.0.103\Microsoft.Common.CurrentVersion.targets(2437,5): warning MSB3277:         C:\tmp\VTSRTXUnlocker\lib\VTube Studio_Data\Managed\Microsoft.Win32.Primitives.dll [C:\tmp\VTSRTXUnlocker\VTSRTXUnlocker.csproj]
C:\Program Files\dotnet\sdk\10.0.103\Microsoft.Common.CurrentVersion.targets(2437,5): warning MSB3277:           Project file item includes which caused reference "C:\tmp\VTSRTXUnlocker\lib\VTube Studio_Data\Managed\Microsoft.Win32.Primitives.dll". [C:\tmp\VTSRTXUnlocker\VTSRTXUnlocker.csproj]
C:\Program Files\dotnet\sdk\10.0.103\Microsoft.Common.CurrentVersion.targets(2437,5): warning MSB3277:             Microsoft.Win32.Primitives [C:\tmp\VTSRTXUnlocker\VTSRTXUnlocker.csproj]
C:\Program Files\dotnet\sdk\10.0.103\Microsoft.Common.CurrentVersion.targets(2437,5): warning MSB3277:         C:\tmp\VTSRTXUnlocker\lib\VTube Studio_Data\Managed\System.AppContext.dll [C:\tmp\VTSRTXUnlocker\VTSRTXUnlocker.csproj]
C:\Program Files\dotnet\sdk\10.0.103\Microsoft.Common.CurrentVersion.targets(2437,5): warning MSB3277:           Project file item includes which caused reference "C:\tmp\VTSRTXUnlocker\lib\VTube Studio_Data\Managed\System.AppContext.dll". [C:\tmp\VTSRTXUnlocker\VTSRTXUnlocker.csproj]
C:\Program Files\dotnet\sdk\10.0.103\Microsoft.Common.CurrentVersion.targets(2437,5): warning MSB3277:             System.AppContext [C:\tmp\VTSRTXUnlocker\VTSRTXUnlocker.csproj]
C:\Program Files\dotnet\sdk\10.0.103\Microsoft.Common.CurrentVersion.targets(2437,5): warning MSB3277:         C:\tmp\VTSRTXUnlocker\lib\VTube Studio_Data\Managed\System.Collections.Concurrent.dll [C:\tmp\VTSRTXUnlocker\VTSRTXUnlocker.csproj]
C:\Program Files\dotnet\sdk\10.0.103\Microsoft.Common.CurrentVersion.targets(2437,5): warning MSB3277:           Project file item includes which caused reference "C:\tmp\VTSRTXUnlocker\lib\VTube Studio_Data\Managed\System.Collections.Concurrent.dll". [C:\tmp\VTSRTXUnlocker\VTSRTXUnlocker.csproj]
C:\Program Files\dotnet\sdk\10.0.103\Microsoft.Common.CurrentVersion.targets(2437,5): warning MSB3277:             System.Collections.Concurrent [C:\tmp\VTSRTXUnlocker\VTSRTXUnlocker.csproj]
C:\Program Files\dotnet\sdk\10.0.103\Microsoft.Common.CurrentVersion.targets(2437,5): warning MSB3277:             netfx.force.conflicts [C:\tmp\VTSRTXUnlocker\VTSRTXUnlocker.csproj]
C:\Program Files\dotnet\sdk\10.0.103\Microsoft.Common.CurrentVersion.targets(2437,5): warning MSB3277:         C:\tmp\VTSRTXUnlocker\lib\VTube Studio_Data\Managed\System.Collections.dll [C:\tmp\VTSRTXUnlocker\VTSRTXUnlocker.csproj]
C:\Program Files\dotnet\sdk\10.0.103\Microsoft.Common.CurrentVersion.targets(2437,5): warning MSB3277:           Project file item includes which caused reference "C:\tmp\VTSRTXUnlocker\lib\VTube Studio_Data\Managed\System.Collections.dll". [C:\tmp\VTSRTXUnlocker\VTSRTXUnlocker.csproj]
C:\Program Files\dotnet\sdk\10.0.103\Microsoft.Common.CurrentVersion.targets(2437,5): warning MSB3277:             System.Collections [C:\tmp\VTSRTXUnlocker\VTSRTXUnlocker.csproj]
C:\Program Files\dotnet\sdk\10.0.103\Microsoft.Common.CurrentVersion.targets(2437,5): warning MSB3277:             netfx.force.conflicts [C:\tmp\VTSRTXUnlocker\VTSRTXUnlocker.csproj]
C:\Program Files\dotnet\sdk\10.0.103\Microsoft.Common.CurrentVersion.targets(2437,5): warning MSB3277:         C:\tmp\VTSRTXUnlocker\lib\VTube Studio_Data\Managed\System.Collections.NonGeneric.dll [C:\tmp\VTSRTXUnlocker\VTSRTXUnlocker.csproj]
C:\Program Files\dotnet\sdk\10.0.103\Microsoft.Common.CurrentVersion.targets(2437,5): warning MSB3277:           Project file item includes which caused reference "C:\tmp\VTSRTXUnlocker\lib\VTube Studio_Data\Managed\System.Collections.NonGeneric.dll". [C:\tmp\VTSRTXUnlocker\VTSRTXUnlocker.csproj]
C:\Program Files\dotnet\sdk\10.0.103\Microsoft.Common.CurrentVersion.targets(2437,5): warning MSB3277:             System.Collections.NonGeneric [C:\tmp\VTSRTXUnlocker\VTSRTXUnlocker.csproj]
C:\Program Files\dotnet\sdk\10.0.103\Microsoft.Common.CurrentVersion.targets(2437,5): warning MSB3277:         C:\tmp\VTSRTXUnlocker\lib\VTube Studio_Data\Managed\System.Collections.Specialized.dll [C:\tmp\VTSRTXUnlocker\VTSRTXUnlocker.csproj]
C:\Program Files\dotnet\sdk\10.0.103\Microsoft.Common.CurrentVersion.targets(2437,5): warning MSB3277:           Project file item includes which caused reference "C:\tmp\VTSRTXUnlocker\lib\VTube Studio_Data\Managed\System.Collections.Specialized.dll". [C:\tmp\VTSRTXUnlocker\VTSRTXUnlocker.csproj]
C:\Program Files\dotnet\sdk\10.0.103\Microsoft.Common.CurrentVersion.targets(2437,5): warning MSB3277:             System.Collections.Specialized [C:\tmp\VTSRTXUnlocker\VTSRTXUnlocker.csproj]
C:\Program Files\dotnet\sdk\10.0.103\Microsoft.Common.CurrentVersion.targets(2437,5): warning MSB3277:         C:\tmp\VTSRTXUnlocker\lib\VTube Studio_Data\Managed\System.ComponentModel.dll [C:\tmp\VTSRTXUnlocker\VTSRTXUnlocker.csproj]
C:\Program Files\dotnet\sdk\10.0.103\Microsoft.Common.CurrentVersion.targets(2437,5): warning MSB3277:           Project file item includes which caused reference "C:\tmp\VTSRTXUnlocker\lib\VTube Studio_Data\Managed\System.ComponentModel.dll". [C:\tmp\VTSRTXUnlocker\VTSRTXUnlocker.csproj]
C:\Program Files\dotnet\sdk\10.0.103\Microsoft.Common.CurrentVersion.targets(2437,5): warning MSB3277:             System.ComponentModel [C:\tmp\VTSRTXUnlocker\VTSRTXUnlocker.csproj]
C:\Program Files\dotnet\sdk\10.0.103\Microsoft.Common.CurrentVersion.targets(2437,5): warning MSB3277:             netfx.force.conflicts [C:\tmp\VTSRTXUnlocker\VTSRTXUnlocker.csproj]
C:\Program Files\dotnet\sdk\10.0.103\Microsoft.Common.CurrentVersion.targets(2437,5): warning MSB3277:         C:\tmp\VTSRTXUnlocker\lib\VTube Studio_Data\Managed\System.ComponentModel.EventBasedAsync.dll [C:\tmp\VTSRTXUnlocker\VTSRTXUnlocker.csproj]
C:\Program Files\dotnet\sdk\10.0.103\Microsoft.Common.CurrentVersion.targets(2437,5): warning MSB3277:           Project file item includes which caused reference "C:\tmp\VTSRTXUnlocker\lib\VTube Studio_Data\Managed\System.ComponentModel.EventBasedAsync.dll". [C:\tmp\VTSRTXUnlocker\VTSRTXUnlocker.csproj]
C:\Program Files\dotnet\sdk\10.0.103\Microsoft.Common.CurrentVersion.targets(2437,5): warning MSB3277:             System.ComponentModel.EventBasedAsync [C:\tmp\VTSRTXUnlocker\VTSRTXUnlocker.csproj]
C:\Program Files\dotnet\sdk\10.0.103\Microsoft.Common.CurrentVersion.targets(2437,5): warning MSB3277:             netfx.force.conflicts [C:\tmp\VTSRTXUnlocker\VTSRTXUnlocker.csproj]
C:\Program Files\dotnet\sdk\10.0.103\Microsoft.Common.CurrentVersion.targets(2437,5): warning MSB3277:         C:\tmp\VTSRTXUnlocker\lib\VTube Studio_Data\Managed\System.ComponentModel.Primitives.dll [C:\tmp\VTSRTXUnlocker\VTSRTXUnlocker.csproj]
C:\Program Files\dotnet\sdk\10.0.103\Microsoft.Common.CurrentVersion.targets(2437,5): warning MSB3277:           Project file item includes which caused reference "C:\tmp\VTSRTXUnlocker\lib\VTube Studio_Data\Managed\System.ComponentModel.Primitives.dll". [C:\tmp\VTSRTXUnlocker\VTSRTXUnlocker.csproj]
C:\Program Files\dotnet\sdk\10.0.103\Microsoft.Common.CurrentVersion.targets(2437,5): warning MSB3277:             System.ComponentModel.Primitives [C:\tmp\VTSRTXUnlocker\VTSRTXUnlocker.csproj]
C:\Program Files\dotnet\sdk\10.0.103\Microsoft.Common.CurrentVersion.targets(2437,5): warning MSB3277:         C:\tmp\VTSRTXUnlocker\lib\VTube Studio_Data\Managed\System.ComponentModel.TypeConverter.dll [C:\tmp\VTSRTXUnlocker\VTSRTXUnlocker.csproj]
C:\Program Files\dotnet\sdk\10.0.103\Microsoft.Common.CurrentVersion.targets(2437,5): warning MSB3277:           Project file item includes which caused reference "C:\tmp\VTSRTXUnlocker\lib\VTube Studio_Data\Managed\System.ComponentModel.TypeConverter.dll". [C:\tmp\VTSRTXUnlocker\VTSRTXUnlocker.csproj]
C:\Program Files\dotnet\sdk\10.0.103\Microsoft.Common.CurrentVersion.targets(2437,5): warning MSB3277:             System.ComponentModel.TypeConverter [C:\tmp\VTSRTXUnlocker\VTSRTXUnlocker.csproj]
C:\Program Files\dotnet\sdk\10.0.103\Microsoft.Common.CurrentVersion.targets(2437,5): warning MSB3277:         C:\tmp\VTSRTXUnlocker\lib\VTube Studio_Data\Managed\System.Console.dll [C:\tmp\VTSRTXUnlocker\VTSRTXUnlocker.csproj]
C:\Program Files\dotnet\sdk\10.0.103\Microsoft.Common.CurrentVersion.targets(2437,5): warning MSB3277:           Project file item includes which caused reference "C:\tmp\VTSRTXUnlocker\lib\VTube Studio_Data\Managed\System.Console.dll". [C:\tmp\VTSRTXUnlocker\VTSRTXUnlocker.csproj]
C:\Program Files\dotnet\sdk\10.0.103\Microsoft.Common.CurrentVersion.targets(2437,5): warning MSB3277:             System.Console [C:\tmp\VTSRTXUnlocker\VTSRTXUnlocker.csproj]
C:\Program Files\dotnet\sdk\10.0.103\Microsoft.Common.CurrentVersion.targets(2437,5): warning MSB3277:         C:\tmp\VTSRTXUnlocker\lib\VTube Studio_Data\Managed\System.Diagnostics.Contracts.dll [C:\tmp\VTSRTXUnlocker\VTSRTXUnlocker.csproj]
C:\Program Files\dotnet\sdk\10.0.103\Microsoft.Common.CurrentVersion.targets(2437,5): warning MSB3277:           Project file item includes which caused reference "C:\tmp\VTSRTXUnlocker\lib\VTube Studio_Data\Managed\System.Diagnostics.Contracts.dll". [C:\tmp\VTSRTXUnlocker\VTSRTXUnlocker.csproj]
C:\Program Files\dotnet\sdk\10.0.103\Microsoft.Common.CurrentVersion.targets(2437,5): warning MSB3277:             System.Diagnostics.Contracts [C:\tmp\VTSRTXUnlocker\VTSRTXUnlocker.csproj]
C:\Program Files\dotnet\sdk\10.0.103\Microsoft.Common.CurrentVersion.targets(2437,5): warning MSB3277:             netfx.force.conflicts [C:\tmp\VTSRTXUnlocker\VTSRTXUnlocker.csproj]
C:\Program Files\dotnet\sdk\10.0.103\Microsoft.Common.CurrentVersion.targets(2437,5): warning MSB3277:         C:\tmp\VTSRTXUnlocker\lib\VTube Studio_Data\Managed\System.Diagnostics.Debug.dll [C:\tmp\VTSRTXUnlocker\VTSRTXUnlocker.csproj]
C:\Program Files\dotnet\sdk\10.0.103\Microsoft.Common.CurrentVersion.targets(2437,5): warning MSB3277:           Project file item includes which caused reference "C:\tmp\VTSRTXUnlocker\lib\VTube Studio_Data\Managed\System.Diagnostics.Debug.dll". [C:\tmp\VTSRTXUnlocker\VTSRTXUnlocker.csproj]
C:\Program Files\dotnet\sdk\10.0.103\Microsoft.Common.CurrentVersion.targets(2437,5): warning MSB3277:             System.Diagnostics.Debug [C:\tmp\VTSRTXUnlocker\VTSRTXUnlocker.csproj]
C:\Program Files\dotnet\sdk\10.0.103\Microsoft.Common.CurrentVersion.targets(2437,5): warning MSB3277:             netfx.force.conflicts [C:\tmp\VTSRTXUnlocker\VTSRTXUnlocker.csproj]
C:\Program Files\dotnet\sdk\10.0.103\Microsoft.Common.CurrentVersion.targets(2437,5): warning MSB3277:         C:\tmp\VTSRTXUnlocker\lib\VTube Studio_Data\Managed\System.Diagnostics.FileVersionInfo.dll [C:\tmp\VTSRTXUnlocker\VTSRTXUnlocker.csproj]
C:\Program Files\dotnet\sdk\10.0.103\Microsoft.Common.CurrentVersion.targets(2437,5): warning MSB3277:           Project file item includes which caused reference "C:\tmp\VTSRTXUnlocker\lib\VTube Studio_Data\Managed\System.Diagnostics.FileVersionInfo.dll". [C:\tmp\VTSRTXUnlocker\VTSRTXUnlocker.csproj]
C:\Program Files\dotnet\sdk\10.0.103\Microsoft.Common.CurrentVersion.targets(2437,5): warning MSB3277:             System.Diagnostics.FileVersionInfo [C:\tmp\VTSRTXUnlocker\VTSRTXUnlocker.csproj]
C:\Program Files\dotnet\sdk\10.0.103\Microsoft.Common.CurrentVersion.targets(2437,5): warning MSB3277:         C:\tmp\VTSRTXUnlocker\lib\VTube Studio_Data\Managed\System.Diagnostics.Process.dll [C:\tmp\VTSRTXUnlocker\VTSRTXUnlocker.csproj]
C:\Program Files\dotnet\sdk\10.0.103\Microsoft.Common.CurrentVersion.targets(2437,5): warning MSB3277:           Project file item includes which caused reference "C:\tmp\VTSRTXUnlocker\lib\VTube Studio_Data\Managed\System.Diagnostics.Process.dll". [C:\tmp\VTSRTXUnlocker\VTSRTXUnlocker.csproj]
C:\Program Files\dotnet\sdk\10.0.103\Microsoft.Common.CurrentVersion.targets(2437,5): warning MSB3277:             System.Diagnostics.Process [C:\tmp\VTSRTXUnlocker\VTSRTXUnlocker.csproj]
C:\Program Files\dotnet\sdk\10.0.103\Microsoft.Common.CurrentVersion.targets(2437,5): warning MSB3277:         C:\tmp\VTSRTXUnlocker\lib\VTube Studio_Data\Managed\System.Diagnostics.TextWriterTraceListener.dll [C:\tmp\VTSRTXUnlocker\VTSRTXUnlocker.csproj]
C:\Program Files\dotnet\sdk\10.0.103\Microsoft.Common.CurrentVersion.targets(2437,5): warning MSB3277:           Project file item includes which caused reference "C:\tmp\VTSRTXUnlocker\lib\VTube Studio_Data\Managed\System.Diagnostics.TextWriterTraceListener.dll". [C:\tmp\VTSRTXUnlocker\VTSRTXUnlocker.csproj]
C:\Program Files\dotnet\sdk\10.0.103\Microsoft.Common.CurrentVersion.targets(2437,5): warning MSB3277:             System.Diagnostics.TextWriterTraceListener [C:\tmp\VTSRTXUnlocker\VTSRTXUnlocker.csproj]
C:\Program Files\dotnet\sdk\10.0.103\Microsoft.Common.CurrentVersion.targets(2437,5): warning MSB3277:         C:\tmp\VTSRTXUnlocker\lib\VTube Studio_Data\Managed\System.Diagnostics.Tools.dll [C:\tmp\VTSRTXUnlocker\VTSRTXUnlocker.csproj]
C:\Program Files\dotnet\sdk\10.0.103\Microsoft.Common.CurrentVersion.targets(2437,5): warning MSB3277:           Project file item includes which caused reference "C:\tmp\VTSRTXUnlocker\lib\VTube Studio_Data\Managed\System.Diagnostics.Tools.dll". [C:\tmp\VTSRTXUnlocker\VTSRTXUnlocker.csproj]
C:\Program Files\dotnet\sdk\10.0.103\Microsoft.Common.CurrentVersion.targets(2437,5): warning MSB3277:             System.Diagnostics.Tools [C:\tmp\VTSRTXUnlocker\VTSRTXUnlocker.csproj]
C:\Program Files\dotnet\sdk\10.0.103\Microsoft.Common.CurrentVersion.targets(2437,5): warning MSB3277:             netfx.force.conflicts [C:\tmp\VTSRTXUnlocker\VTSRTXUnlocker.csproj]
C:\Program Files\dotnet\sdk\10.0.103\Microsoft.Common.CurrentVersion.targets(2437,5): warning MSB3277:         C:\tmp\VTSRTXUnlocker\lib\VTube Studio_Data\Managed\System.Diagnostics.TraceSource.dll [C:\tmp\VTSRTXUnlocker\VTSRTXUnlocker.csproj]
C:\Program Files\dotnet\sdk\10.0.103\Microsoft.Common.CurrentVersion.targets(2437,5): warning MSB3277:           Project file item includes which caused reference "C:\tmp\VTSRTXUnlocker\lib\VTube Studio_Data\Managed\System.Diagnostics.TraceSource.dll". [C:\tmp\VTSRTXUnlocker\VTSRTXUnlocker.csproj]
C:\Program Files\dotnet\sdk\10.0.103\Microsoft.Common.CurrentVersion.targets(2437,5): warning MSB3277:             System.Diagnostics.TraceSource [C:\tmp\VTSRTXUnlocker\VTSRTXUnlocker.csproj]
C:\Program Files\dotnet\sdk\10.0.103\Microsoft.Common.CurrentVersion.targets(2437,5): warning MSB3277:         C:\tmp\VTSRTXUnlocker\lib\VTube Studio_Data\Managed\System.Drawing.Primitives.dll [C:\tmp\VTSRTXUnlocker\VTSRTXUnlocker.csproj]
C:\Program Files\dotnet\sdk\10.0.103\Microsoft.Common.CurrentVersion.targets(2437,5): warning MSB3277:           Project file item includes which caused reference "C:\tmp\VTSRTXUnlocker\lib\VTube Studio_Data\Managed\System.Drawing.Primitives.dll". [C:\tmp\VTSRTXUnlocker\VTSRTXUnlocker.csproj]
C:\Program Files\dotnet\sdk\10.0.103\Microsoft.Common.CurrentVersion.targets(2437,5): warning MSB3277:             System.Drawing.Primitives [C:\tmp\VTSRTXUnlocker\VTSRTXUnlocker.csproj]
C:\Program Files\dotnet\sdk\10.0.103\Microsoft.Common.CurrentVersion.targets(2437,5): warning MSB3277:         C:\tmp\VTSRTXUnlocker\lib\VTube Studio_Data\Managed\System.Dynamic.Runtime.dll [C:\tmp\VTSRTXUnlocker\VTSRTXUnlocker.csproj]
C:\Program Files\dotnet\sdk\10.0.103\Microsoft.Common.CurrentVersion.targets(2437,5): warning MSB3277:           Project file item includes which caused reference "C:\tmp\VTSRTXUnlocker\lib\VTube Studio_Data\Managed\System.Dynamic.Runtime.dll". [C:\tmp\VTSRTXUnlocker\VTSRTXUnlocker.csproj]
C:\Program Files\dotnet\sdk\10.0.103\Microsoft.Common.CurrentVersion.targets(2437,5): warning MSB3277:             System.Dynamic.Runtime [C:\tmp\VTSRTXUnlocker\VTSRTXUnlocker.csproj]
C:\Program Files\dotnet\sdk\10.0.103\Microsoft.Common.CurrentVersion.targets(2437,5): warning MSB3277:             netfx.force.conflicts [C:\tmp\VTSRTXUnlocker\VTSRTXUnlocker.csproj]
C:\Program Files\dotnet\sdk\10.0.103\Microsoft.Common.CurrentVersion.targets(2437,5): warning MSB3277:         C:\tmp\VTSRTXUnlocker\lib\VTube Studio_Data\Managed\System.Globalization.Calendars.dll [C:\tmp\VTSRTXUnlocker\VTSRTXUnlocker.csproj]
C:\Program Files\dotnet\sdk\10.0.103\Microsoft.Common.CurrentVersion.targets(2437,5): warning MSB3277:           Project file item includes which caused reference "C:\tmp\VTSRTXUnlocker\lib\VTube Studio_Data\Managed\System.Globalization.Calendars.dll". [C:\tmp\VTSRTXUnlocker\VTSRTXUnlocker.csproj]
C:\Program Files\dotnet\sdk\10.0.103\Microsoft.Common.CurrentVersion.targets(2437,5): warning MSB3277:             System.Globalization.Calendars [C:\tmp\VTSRTXUnlocker\VTSRTXUnlocker.csproj]
C:\Program Files\dotnet\sdk\10.0.103\Microsoft.Common.CurrentVersion.targets(2437,5): warning MSB3277:         C:\tmp\VTSRTXUnlocker\lib\VTube Studio_Data\Managed\System.Globalization.dll [C:\tmp\VTSRTXUnlocker\VTSRTXUnlocker.csproj]
C:\Program Files\dotnet\sdk\10.0.103\Microsoft.Common.CurrentVersion.targets(2437,5): warning MSB3277:           Project file item includes which caused reference "C:\tmp\VTSRTXUnlocker\lib\VTube Studio_Data\Managed\System.Globalization.dll". [C:\tmp\VTSRTXUnlocker\VTSRTXUnlocker.csproj]
C:\Program Files\dotnet\sdk\10.0.103\Microsoft.Common.CurrentVersion.targets(2437,5): warning MSB3277:             System.Globalization [C:\tmp\VTSRTXUnlocker\VTSRTXUnlocker.csproj]
C:\Program Files\dotnet\sdk\10.0.103\Microsoft.Common.CurrentVersion.targets(2437,5): warning MSB3277:             netfx.force.conflicts [C:\tmp\VTSRTXUnlocker\VTSRTXUnlocker.csproj]
C:\Program Files\dotnet\sdk\10.0.103\Microsoft.Common.CurrentVersion.targets(2437,5): warning MSB3277:         C:\tmp\VTSRTXUnlocker\lib\VTube Studio_Data\Managed\System.IO.Compression.ZipFile.dll [C:\tmp\VTSRTXUnlocker\VTSRTXUnlocker.csproj]
C:\Program Files\dotnet\sdk\10.0.103\Microsoft.Common.CurrentVersion.targets(2437,5): warning MSB3277:           Project file item includes which caused reference "C:\tmp\VTSRTXUnlocker\lib\VTube Studio_Data\Managed\System.IO.Compression.ZipFile.dll". [C:\tmp\VTSRTXUnlocker\VTSRTXUnlocker.csproj]
C:\Program Files\dotnet\sdk\10.0.103\Microsoft.Common.CurrentVersion.targets(2437,5): warning MSB3277:             System.IO.Compression.ZipFile [C:\tmp\VTSRTXUnlocker\VTSRTXUnlocker.csproj]
C:\Program Files\dotnet\sdk\10.0.103\Microsoft.Common.CurrentVersion.targets(2437,5): warning MSB3277:         C:\tmp\VTSRTXUnlocker\lib\VTube Studio_Data\Managed\System.IO.dll [C:\tmp\VTSRTXUnlocker\VTSRTXUnlocker.csproj]
C:\Program Files\dotnet\sdk\10.0.103\Microsoft.Common.CurrentVersion.targets(2437,5): warning MSB3277:           Project file item includes which caused reference "C:\tmp\VTSRTXUnlocker\lib\VTube Studio_Data\Managed\System.IO.dll". [C:\tmp\VTSRTXUnlocker\VTSRTXUnlocker.csproj]
C:\Program Files\dotnet\sdk\10.0.103\Microsoft.Common.CurrentVersion.targets(2437,5): warning MSB3277:             System.IO [C:\tmp\VTSRTXUnlocker\VTSRTXUnlocker.csproj]
C:\Program Files\dotnet\sdk\10.0.103\Microsoft.Common.CurrentVersion.targets(2437,5): warning MSB3277:             netfx.force.conflicts [C:\tmp\VTSRTXUnlocker\VTSRTXUnlocker.csproj]
C:\Program Files\dotnet\sdk\10.0.103\Microsoft.Common.CurrentVersion.targets(2437,5): warning MSB3277:         C:\tmp\VTSRTXUnlocker\lib\VTube Studio_Data\Managed\System.IO.FileSystem.dll [C:\tmp\VTSRTXUnlocker\VTSRTXUnlocker.csproj]
C:\Program Files\dotnet\sdk\10.0.103\Microsoft.Common.CurrentVersion.targets(2437,5): warning MSB3277:           Project file item includes which caused reference "C:\tmp\VTSRTXUnlocker\lib\VTube Studio_Data\Managed\System.IO.FileSystem.dll". [C:\tmp\VTSRTXUnlocker\VTSRTXUnlocker.csproj]
C:\Program Files\dotnet\sdk\10.0.103\Microsoft.Common.CurrentVersion.targets(2437,5): warning MSB3277:             System.IO.FileSystem [C:\tmp\VTSRTXUnlocker\VTSRTXUnlocker.csproj]
C:\Program Files\dotnet\sdk\10.0.103\Microsoft.Common.CurrentVersion.targets(2437,5): warning MSB3277:         C:\tmp\VTSRTXUnlocker\lib\VTube Studio_Data\Managed\System.IO.FileSystem.DriveInfo.dll [C:\tmp\VTSRTXUnlocker\VTSRTXUnlocker.csproj]
C:\Program Files\dotnet\sdk\10.0.103\Microsoft.Common.CurrentVersion.targets(2437,5): warning MSB3277:           Project file item includes which caused reference "C:\tmp\VTSRTXUnlocker\lib\VTube Studio_Data\Managed\System.IO.FileSystem.DriveInfo.dll". [C:\tmp\VTSRTXUnlocker\VTSRTXUnlocker.csproj]
C:\Program Files\dotnet\sdk\10.0.103\Microsoft.Common.CurrentVersion.targets(2437,5): warning MSB3277:             System.IO.FileSystem.DriveInfo [C:\tmp\VTSRTXUnlocker\VTSRTXUnlocker.csproj]
C:\Program Files\dotnet\sdk\10.0.103\Microsoft.Common.CurrentVersion.targets(2437,5): warning MSB3277:         C:\tmp\VTSRTXUnlocker\lib\VTube Studio_Data\Managed\System.IO.FileSystem.Primitives.dll [C:\tmp\VTSRTXUnlocker\VTSRTXUnlocker.csproj]
C:\Program Files\dotnet\sdk\10.0.103\Microsoft.Common.CurrentVersion.targets(2437,5): warning MSB3277:           Project file item includes which caused reference "C:\tmp\VTSRTXUnlocker\lib\VTube Studio_Data\Managed\System.IO.FileSystem.Primitives.dll". [C:\tmp\VTSRTXUnlocker\VTSRTXUnlocker.csproj]
C:\Program Files\dotnet\sdk\10.0.103\Microsoft.Common.CurrentVersion.targets(2437,5): warning MSB3277:             System.IO.FileSystem.Primitives [C:\tmp\VTSRTXUnlocker\VTSRTXUnlocker.csproj]
C:\Program Files\dotnet\sdk\10.0.103\Microsoft.Common.CurrentVersion.targets(2437,5): warning MSB3277:         C:\tmp\VTSRTXUnlocker\lib\VTube Studio_Data\Managed\System.IO.FileSystem.Watcher.dll [C:\tmp\VTSRTXUnlocker\VTSRTXUnlocker.csproj]
C:\Program Files\dotnet\sdk\10.0.103\Microsoft.Common.CurrentVersion.targets(2437,5): warning MSB3277:           Project file item includes which caused reference "C:\tmp\VTSRTXUnlocker\lib\VTube Studio_Data\Managed\System.IO.FileSystem.Watcher.dll". [C:\tmp\VTSRTXUnlocker\VTSRTXUnlocker.csproj]
C:\Program Files\dotnet\sdk\10.0.103\Microsoft.Common.CurrentVersion.targets(2437,5): warning MSB3277:             System.IO.FileSystem.Watcher [C:\tmp\VTSRTXUnlocker\VTSRTXUnlocker.csproj]
C:\Program Files\dotnet\sdk\10.0.103\Microsoft.Common.CurrentVersion.targets(2437,5): warning MSB3277:         C:\tmp\VTSRTXUnlocker\lib\VTube Studio_Data\Managed\System.IO.IsolatedStorage.dll [C:\tmp\VTSRTXUnlocker\VTSRTXUnlocker.csproj]
C:\Program Files\dotnet\sdk\10.0.103\Microsoft.Common.CurrentVersion.targets(2437,5): warning MSB3277:           Project file item includes which caused reference "C:\tmp\VTSRTXUnlocker\lib\VTube Studio_Data\Managed\System.IO.IsolatedStorage.dll". [C:\tmp\VTSRTXUnlocker\VTSRTXUnlocker.csproj]
C:\Program Files\dotnet\sdk\10.0.103\Microsoft.Common.CurrentVersion.targets(2437,5): warning MSB3277:             System.IO.IsolatedStorage [C:\tmp\VTSRTXUnlocker\VTSRTXUnlocker.csproj]
C:\Program Files\dotnet\sdk\10.0.103\Microsoft.Common.CurrentVersion.targets(2437,5): warning MSB3277:         C:\tmp\VTSRTXUnlocker\lib\VTube Studio_Data\Managed\System.IO.MemoryMappedFiles.dll [C:\tmp\VTSRTXUnlocker\VTSRTXUnlocker.csproj]
C:\Program Files\dotnet\sdk\10.0.103\Microsoft.Common.CurrentVersion.targets(2437,5): warning MSB3277:           Project file item includes which caused reference "C:\tmp\VTSRTXUnlocker\lib\VTube Studio_Data\Managed\System.IO.MemoryMappedFiles.dll". [C:\tmp\VTSRTXUnlocker\VTSRTXUnlocker.csproj]
C:\Program Files\dotnet\sdk\10.0.103\Microsoft.Common.CurrentVersion.targets(2437,5): warning MSB3277:             System.IO.MemoryMappedFiles [C:\tmp\VTSRTXUnlocker\VTSRTXUnlocker.csproj]
C:\Program Files\dotnet\sdk\10.0.103\Microsoft.Common.CurrentVersion.targets(2437,5): warning MSB3277:         C:\tmp\VTSRTXUnlocker\lib\VTube Studio_Data\Managed\System.IO.Pipes.dll [C:\tmp\VTSRTXUnlocker\VTSRTXUnlocker.csproj]
C:\Program Files\dotnet\sdk\10.0.103\Microsoft.Common.CurrentVersion.targets(2437,5): warning MSB3277:           Project file item includes which caused reference "C:\tmp\VTSRTXUnlocker\lib\VTube Studio_Data\Managed\System.IO.Pipes.dll". [C:\tmp\VTSRTXUnlocker\VTSRTXUnlocker.csproj]
C:\Program Files\dotnet\sdk\10.0.103\Microsoft.Common.CurrentVersion.targets(2437,5): warning MSB3277:             System.IO.Pipes [C:\tmp\VTSRTXUnlocker\VTSRTXUnlocker.csproj]
C:\Program Files\dotnet\sdk\10.0.103\Microsoft.Common.CurrentVersion.targets(2437,5): warning MSB3277:         C:\tmp\VTSRTXUnlocker\lib\VTube Studio_Data\Managed\System.IO.UnmanagedMemoryStream.dll [C:\tmp\VTSRTXUnlocker\VTSRTXUnlocker.csproj]
C:\Program Files\dotnet\sdk\10.0.103\Microsoft.Common.CurrentVersion.targets(2437,5): warning MSB3277:           Project file item includes which caused reference "C:\tmp\VTSRTXUnlocker\lib\VTube Studio_Data\Managed\System.IO.UnmanagedMemoryStream.dll". [C:\tmp\VTSRTXUnlocker\VTSRTXUnlocker.csproj]
C:\Program Files\dotnet\sdk\10.0.103\Microsoft.Common.CurrentVersion.targets(2437,5): warning MSB3277:             System.IO.UnmanagedMemoryStream [C:\tmp\VTSRTXUnlocker\VTSRTXUnlocker.csproj]
C:\Program Files\dotnet\sdk\10.0.103\Microsoft.Common.CurrentVersion.targets(2437,5): warning MSB3277:         C:\tmp\VTSRTXUnlocker\lib\VTube Studio_Data\Managed\System.Linq.dll [C:\tmp\VTSRTXUnlocker\VTSRTXUnlocker.csproj]
C:\Program Files\dotnet\sdk\10.0.103\Microsoft.Common.CurrentVersion.targets(2437,5): warning MSB3277:           Project file item includes which caused reference "C:\tmp\VTSRTXUnlocker\lib\VTube Studio_Data\Managed\System.Linq.dll". [C:\tmp\VTSRTXUnlocker\VTSRTXUnlocker.csproj]
C:\Program Files\dotnet\sdk\10.0.103\Microsoft.Common.CurrentVersion.targets(2437,5): warning MSB3277:             System.Linq [C:\tmp\VTSRTXUnlocker\VTSRTXUnlocker.csproj]
C:\Program Files\dotnet\sdk\10.0.103\Microsoft.Common.CurrentVersion.targets(2437,5): warning MSB3277:             netfx.force.conflicts [C:\tmp\VTSRTXUnlocker\VTSRTXUnlocker.csproj]
C:\Program Files\dotnet\sdk\10.0.103\Microsoft.Common.CurrentVersion.targets(2437,5): warning MSB3277:         C:\tmp\VTSRTXUnlocker\lib\VTube Studio_Data\Managed\System.Linq.Expressions.dll [C:\tmp\VTSRTXUnlocker\VTSRTXUnlocker.csproj]
C:\Program Files\dotnet\sdk\10.0.103\Microsoft.Common.CurrentVersion.targets(2437,5): warning MSB3277:           Project file item includes which caused reference "C:\tmp\VTSRTXUnlocker\lib\VTube Studio_Data\Managed\System.Linq.Expressions.dll". [C:\tmp\VTSRTXUnlocker\VTSRTXUnlocker.csproj]
C:\Program Files\dotnet\sdk\10.0.103\Microsoft.Common.CurrentVersion.targets(2437,5): warning MSB3277:             System.Linq.Expressions [C:\tmp\VTSRTXUnlocker\VTSRTXUnlocker.csproj]
C:\Program Files\dotnet\sdk\10.0.103\Microsoft.Common.CurrentVersion.targets(2437,5): warning MSB3277:             netfx.force.conflicts [C:\tmp\VTSRTXUnlocker\VTSRTXUnlocker.csproj]
C:\Program Files\dotnet\sdk\10.0.103\Microsoft.Common.CurrentVersion.targets(2437,5): warning MSB3277:         C:\tmp\VTSRTXUnlocker\lib\VTube Studio_Data\Managed\System.Linq.Parallel.dll [C:\tmp\VTSRTXUnlocker\VTSRTXUnlocker.csproj]
C:\Program Files\dotnet\sdk\10.0.103\Microsoft.Common.CurrentVersion.targets(2437,5): warning MSB3277:           Project file item includes which caused reference "C:\tmp\VTSRTXUnlocker\lib\VTube Studio_Data\Managed\System.Linq.Parallel.dll". [C:\tmp\VTSRTXUnlocker\VTSRTXUnlocker.csproj]
C:\Program Files\dotnet\sdk\10.0.103\Microsoft.Common.CurrentVersion.targets(2437,5): warning MSB3277:             System.Linq.Parallel [C:\tmp\VTSRTXUnlocker\VTSRTXUnlocker.csproj]
C:\Program Files\dotnet\sdk\10.0.103\Microsoft.Common.CurrentVersion.targets(2437,5): warning MSB3277:             netfx.force.conflicts [C:\tmp\VTSRTXUnlocker\VTSRTXUnlocker.csproj]
C:\Program Files\dotnet\sdk\10.0.103\Microsoft.Common.CurrentVersion.targets(2437,5): warning MSB3277:         C:\tmp\VTSRTXUnlocker\lib\VTube Studio_Data\Managed\System.Linq.Queryable.dll [C:\tmp\VTSRTXUnlocker\VTSRTXUnlocker.csproj]
C:\Program Files\dotnet\sdk\10.0.103\Microsoft.Common.CurrentVersion.targets(2437,5): warning MSB3277:           Project file item includes which caused reference "C:\tmp\VTSRTXUnlocker\lib\VTube Studio_Data\Managed\System.Linq.Queryable.dll". [C:\tmp\VTSRTXUnlocker\VTSRTXUnlocker.csproj]
C:\Program Files\dotnet\sdk\10.0.103\Microsoft.Common.CurrentVersion.targets(2437,5): warning MSB3277:             System.Linq.Queryable [C:\tmp\VTSRTXUnlocker\VTSRTXUnlocker.csproj]
C:\Program Files\dotnet\sdk\10.0.103\Microsoft.Common.CurrentVersion.targets(2437,5): warning MSB3277:             netfx.force.conflicts [C:\tmp\VTSRTXUnlocker\VTSRTXUnlocker.csproj]
C:\Program Files\dotnet\sdk\10.0.103\Microsoft.Common.CurrentVersion.targets(2437,5): warning MSB3277:         C:\tmp\VTSRTXUnlocker\lib\VTube Studio_Data\Managed\System.Net.NameResolution.dll [C:\tmp\VTSRTXUnlocker\VTSRTXUnlocker.csproj]
C:\Program Files\dotnet\sdk\10.0.103\Microsoft.Common.CurrentVersion.targets(2437,5): warning MSB3277:           Project file item includes which caused reference "C:\tmp\VTSRTXUnlocker\lib\VTube Studio_Data\Managed\System.Net.NameResolution.dll". [C:\tmp\VTSRTXUnlocker\VTSRTXUnlocker.csproj]
C:\Program Files\dotnet\sdk\10.0.103\Microsoft.Common.CurrentVersion.targets(2437,5): warning MSB3277:             System.Net.NameResolution [C:\tmp\VTSRTXUnlocker\VTSRTXUnlocker.csproj]
C:\Program Files\dotnet\sdk\10.0.103\Microsoft.Common.CurrentVersion.targets(2437,5): warning MSB3277:         C:\tmp\VTSRTXUnlocker\lib\VTube Studio_Data\Managed\System.Net.NetworkInformation.dll [C:\tmp\VTSRTXUnlocker\VTSRTXUnlocker.csproj]
C:\Program Files\dotnet\sdk\10.0.103\Microsoft.Common.CurrentVersion.targets(2437,5): warning MSB3277:           Project file item includes which caused reference "C:\tmp\VTSRTXUnlocker\lib\VTube Studio_Data\Managed\System.Net.NetworkInformation.dll". [C:\tmp\VTSRTXUnlocker\VTSRTXUnlocker.csproj]
C:\Program Files\dotnet\sdk\10.0.103\Microsoft.Common.CurrentVersion.targets(2437,5): warning MSB3277:             System.Net.NetworkInformation [C:\tmp\VTSRTXUnlocker\VTSRTXUnlocker.csproj]
C:\Program Files\dotnet\sdk\10.0.103\Microsoft.Common.CurrentVersion.targets(2437,5): warning MSB3277:             netfx.force.conflicts [C:\tmp\VTSRTXUnlocker\VTSRTXUnlocker.csproj]
C:\Program Files\dotnet\sdk\10.0.103\Microsoft.Common.CurrentVersion.targets(2437,5): warning MSB3277:         C:\tmp\VTSRTXUnlocker\lib\VTube Studio_Data\Managed\System.Net.Ping.dll [C:\tmp\VTSRTXUnlocker\VTSRTXUnlocker.csproj]
C:\Program Files\dotnet\sdk\10.0.103\Microsoft.Common.CurrentVersion.targets(2437,5): warning MSB3277:           Project file item includes which caused reference "C:\tmp\VTSRTXUnlocker\lib\VTube Studio_Data\Managed\System.Net.Ping.dll". [C:\tmp\VTSRTXUnlocker\VTSRTXUnlocker.csproj]
C:\Program Files\dotnet\sdk\10.0.103\Microsoft.Common.CurrentVersion.targets(2437,5): warning MSB3277:             System.Net.Ping [C:\tmp\VTSRTXUnlocker\VTSRTXUnlocker.csproj]
C:\Program Files\dotnet\sdk\10.0.103\Microsoft.Common.CurrentVersion.targets(2437,5): warning MSB3277:         C:\tmp\VTSRTXUnlocker\lib\VTube Studio_Data\Managed\System.Net.Primitives.dll [C:\tmp\VTSRTXUnlocker\VTSRTXUnlocker.csproj]
C:\Program Files\dotnet\sdk\10.0.103\Microsoft.Common.CurrentVersion.targets(2437,5): warning MSB3277:           Project file item includes which caused reference "C:\tmp\VTSRTXUnlocker\lib\VTube Studio_Data\Managed\System.Net.Primitives.dll". [C:\tmp\VTSRTXUnlocker\VTSRTXUnlocker.csproj]
C:\Program Files\dotnet\sdk\10.0.103\Microsoft.Common.CurrentVersion.targets(2437,5): warning MSB3277:             System.Net.Primitives [C:\tmp\VTSRTXUnlocker\VTSRTXUnlocker.csproj]
C:\Program Files\dotnet\sdk\10.0.103\Microsoft.Common.CurrentVersion.targets(2437,5): warning MSB3277:             netfx.force.conflicts [C:\tmp\VTSRTXUnlocker\VTSRTXUnlocker.csproj]
C:\Program Files\dotnet\sdk\10.0.103\Microsoft.Common.CurrentVersion.targets(2437,5): warning MSB3277:         C:\tmp\VTSRTXUnlocker\lib\VTube Studio_Data\Managed\System.Net.Requests.dll [C:\tmp\VTSRTXUnlocker\VTSRTXUnlocker.csproj]
C:\Program Files\dotnet\sdk\10.0.103\Microsoft.Common.CurrentVersion.targets(2437,5): warning MSB3277:           Project file item includes which caused reference "C:\tmp\VTSRTXUnlocker\lib\VTube Studio_Data\Managed\System.Net.Requests.dll". [C:\tmp\VTSRTXUnlocker\VTSRTXUnlocker.csproj]
C:\Program Files\dotnet\sdk\10.0.103\Microsoft.Common.CurrentVersion.targets(2437,5): warning MSB3277:             System.Net.Requests [C:\tmp\VTSRTXUnlocker\VTSRTXUnlocker.csproj]
C:\Program Files\dotnet\sdk\10.0.103\Microsoft.Common.CurrentVersion.targets(2437,5): warning MSB3277:             netfx.force.conflicts [C:\tmp\VTSRTXUnlocker\VTSRTXUnlocker.csproj]
C:\Program Files\dotnet\sdk\10.0.103\Microsoft.Common.CurrentVersion.targets(2437,5): warning MSB3277:         C:\tmp\VTSRTXUnlocker\lib\VTube Studio_Data\Managed\System.Net.Security.dll [C:\tmp\VTSRTXUnlocker\VTSRTXUnlocker.csproj]
C:\Program Files\dotnet\sdk\10.0.103\Microsoft.Common.CurrentVersion.targets(2437,5): warning MSB3277:           Project file item includes which caused reference "C:\tmp\VTSRTXUnlocker\lib\VTube Studio_Data\Managed\System.Net.Security.dll". [C:\tmp\VTSRTXUnlocker\VTSRTXUnlocker.csproj]
C:\Program Files\dotnet\sdk\10.0.103\Microsoft.Common.CurrentVersion.targets(2437,5): warning MSB3277:             System.Net.Security [C:\tmp\VTSRTXUnlocker\VTSRTXUnlocker.csproj]
C:\Program Files\dotnet\sdk\10.0.103\Microsoft.Common.CurrentVersion.targets(2437,5): warning MSB3277:         C:\tmp\VTSRTXUnlocker\lib\VTube Studio_Data\Managed\System.Net.WebHeaderCollection.dll [C:\tmp\VTSRTXUnlocker\VTSRTXUnlocker.csproj]
C:\Program Files\dotnet\sdk\10.0.103\Microsoft.Common.CurrentVersion.targets(2437,5): warning MSB3277:           Project file item includes which caused reference "C:\tmp\VTSRTXUnlocker\lib\VTube Studio_Data\Managed\System.Net.WebHeaderCollection.dll". [C:\tmp\VTSRTXUnlocker\VTSRTXUnlocker.csproj]
C:\Program Files\dotnet\sdk\10.0.103\Microsoft.Common.CurrentVersion.targets(2437,5): warning MSB3277:             System.Net.WebHeaderCollection [C:\tmp\VTSRTXUnlocker\VTSRTXUnlocker.csproj]
C:\Program Files\dotnet\sdk\10.0.103\Microsoft.Common.CurrentVersion.targets(2437,5): warning MSB3277:         C:\tmp\VTSRTXUnlocker\lib\VTube Studio_Data\Managed\System.Net.WebSockets.Client.dll [C:\tmp\VTSRTXUnlocker\VTSRTXUnlocker.csproj]
C:\Program Files\dotnet\sdk\10.0.103\Microsoft.Common.CurrentVersion.targets(2437,5): warning MSB3277:           Project file item includes which caused reference "C:\tmp\VTSRTXUnlocker\lib\VTube Studio_Data\Managed\System.Net.WebSockets.Client.dll". [C:\tmp\VTSRTXUnlocker\VTSRTXUnlocker.csproj]
C:\Program Files\dotnet\sdk\10.0.103\Microsoft.Common.CurrentVersion.targets(2437,5): warning MSB3277:             System.Net.WebSockets.Client [C:\tmp\VTSRTXUnlocker\VTSRTXUnlocker.csproj]
C:\Program Files\dotnet\sdk\10.0.103\Microsoft.Common.CurrentVersion.targets(2437,5): warning MSB3277:         C:\tmp\VTSRTXUnlocker\lib\VTube Studio_Data\Managed\System.Net.WebSockets.dll [C:\tmp\VTSRTXUnlocker\VTSRTXUnlocker.csproj]
C:\Program Files\dotnet\sdk\10.0.103\Microsoft.Common.CurrentVersion.targets(2437,5): warning MSB3277:           Project file item includes which caused reference "C:\tmp\VTSRTXUnlocker\lib\VTube Studio_Data\Managed\System.Net.WebSockets.dll". [C:\tmp\VTSRTXUnlocker\VTSRTXUnlocker.csproj]
C:\Program Files\dotnet\sdk\10.0.103\Microsoft.Common.CurrentVersion.targets(2437,5): warning MSB3277:             System.Net.WebSockets [C:\tmp\VTSRTXUnlocker\VTSRTXUnlocker.csproj]
C:\Program Files\dotnet\sdk\10.0.103\Microsoft.Common.CurrentVersion.targets(2437,5): warning MSB3277:         C:\tmp\VTSRTXUnlocker\lib\VTube Studio_Data\Managed\System.ObjectModel.dll [C:\tmp\VTSRTXUnlocker\VTSRTXUnlocker.csproj]
C:\Program Files\dotnet\sdk\10.0.103\Microsoft.Common.CurrentVersion.targets(2437,5): warning MSB3277:           Project file item includes which caused reference "C:\tmp\VTSRTXUnlocker\lib\VTube Studio_Data\Managed\System.ObjectModel.dll". [C:\tmp\VTSRTXUnlocker\VTSRTXUnlocker.csproj]
C:\Program Files\dotnet\sdk\10.0.103\Microsoft.Common.CurrentVersion.targets(2437,5): warning MSB3277:             System.ObjectModel [C:\tmp\VTSRTXUnlocker\VTSRTXUnlocker.csproj]
C:\Program Files\dotnet\sdk\10.0.103\Microsoft.Common.CurrentVersion.targets(2437,5): warning MSB3277:             netfx.force.conflicts [C:\tmp\VTSRTXUnlocker\VTSRTXUnlocker.csproj]
C:\Program Files\dotnet\sdk\10.0.103\Microsoft.Common.CurrentVersion.targets(2437,5): warning MSB3277:         C:\tmp\VTSRTXUnlocker\lib\VTube Studio_Data\Managed\System.Reflection.dll [C:\tmp\VTSRTXUnlocker\VTSRTXUnlocker.csproj]
C:\Program Files\dotnet\sdk\10.0.103\Microsoft.Common.CurrentVersion.targets(2437,5): warning MSB3277:           Project file item includes which caused reference "C:\tmp\VTSRTXUnlocker\lib\VTube Studio_Data\Managed\System.Reflection.dll". [C:\tmp\VTSRTXUnlocker\VTSRTXUnlocker.csproj]
C:\Program Files\dotnet\sdk\10.0.103\Microsoft.Common.CurrentVersion.targets(2437,5): warning MSB3277:             System.Reflection [C:\tmp\VTSRTXUnlocker\VTSRTXUnlocker.csproj]
C:\Program Files\dotnet\sdk\10.0.103\Microsoft.Common.CurrentVersion.targets(2437,5): warning MSB3277:             netfx.force.conflicts [C:\tmp\VTSRTXUnlocker\VTSRTXUnlocker.csproj]
C:\Program Files\dotnet\sdk\10.0.103\Microsoft.Common.CurrentVersion.targets(2437,5): warning MSB3277:         C:\tmp\VTSRTXUnlocker\lib\VTube Studio_Data\Managed\System.Reflection.Extensions.dll [C:\tmp\VTSRTXUnlocker\VTSRTXUnlocker.csproj]
C:\Program Files\dotnet\sdk\10.0.103\Microsoft.Common.CurrentVersion.targets(2437,5): warning MSB3277:           Project file item includes which caused reference "C:\tmp\VTSRTXUnlocker\lib\VTube Studio_Data\Managed\System.Reflection.Extensions.dll". [C:\tmp\VTSRTXUnlocker\VTSRTXUnlocker.csproj]
C:\Program Files\dotnet\sdk\10.0.103\Microsoft.Common.CurrentVersion.targets(2437,5): warning MSB3277:             System.Reflection.Extensions [C:\tmp\VTSRTXUnlocker\VTSRTXUnlocker.csproj]
C:\Program Files\dotnet\sdk\10.0.103\Microsoft.Common.CurrentVersion.targets(2437,5): warning MSB3277:             netfx.force.conflicts [C:\tmp\VTSRTXUnlocker\VTSRTXUnlocker.csproj]
C:\Program Files\dotnet\sdk\10.0.103\Microsoft.Common.CurrentVersion.targets(2437,5): warning MSB3277:         C:\tmp\VTSRTXUnlocker\lib\VTube Studio_Data\Managed\System.Reflection.Primitives.dll [C:\tmp\VTSRTXUnlocker\VTSRTXUnlocker.csproj]
C:\Program Files\dotnet\sdk\10.0.103\Microsoft.Common.CurrentVersion.targets(2437,5): warning MSB3277:           Project file item includes which caused reference "C:\tmp\VTSRTXUnlocker\lib\VTube Studio_Data\Managed\System.Reflection.Primitives.dll". [C:\tmp\VTSRTXUnlocker\VTSRTXUnlocker.csproj]
C:\Program Files\dotnet\sdk\10.0.103\Microsoft.Common.CurrentVersion.targets(2437,5): warning MSB3277:             System.Reflection.Primitives [C:\tmp\VTSRTXUnlocker\VTSRTXUnlocker.csproj]
C:\Program Files\dotnet\sdk\10.0.103\Microsoft.Common.CurrentVersion.targets(2437,5): warning MSB3277:             netfx.force.conflicts [C:\tmp\VTSRTXUnlocker\VTSRTXUnlocker.csproj]
C:\Program Files\dotnet\sdk\10.0.103\Microsoft.Common.CurrentVersion.targets(2437,5): warning MSB3277:         C:\tmp\VTSRTXUnlocker\lib\VTube Studio_Data\Managed\System.Resources.Reader.dll [C:\tmp\VTSRTXUnlocker\VTSRTXUnlocker.csproj]
C:\Program Files\dotnet\sdk\10.0.103\Microsoft.Common.CurrentVersion.targets(2437,5): warning MSB3277:           Project file item includes which caused reference "C:\tmp\VTSRTXUnlocker\lib\VTube Studio_Data\Managed\System.Resources.Reader.dll". [C:\tmp\VTSRTXUnlocker\VTSRTXUnlocker.csproj]
C:\Program Files\dotnet\sdk\10.0.103\Microsoft.Common.CurrentVersion.targets(2437,5): warning MSB3277:             System.Resources.Reader [C:\tmp\VTSRTXUnlocker\VTSRTXUnlocker.csproj]
C:\Program Files\dotnet\sdk\10.0.103\Microsoft.Common.CurrentVersion.targets(2437,5): warning MSB3277:         C:\tmp\VTSRTXUnlocker\lib\VTube Studio_Data\Managed\System.Resources.ResourceManager.dll [C:\tmp\VTSRTXUnlocker\VTSRTXUnlocker.csproj]
C:\Program Files\dotnet\sdk\10.0.103\Microsoft.Common.CurrentVersion.targets(2437,5): warning MSB3277:           Project file item includes which caused reference "C:\tmp\VTSRTXUnlocker\lib\VTube Studio_Data\Managed\System.Resources.ResourceManager.dll". [C:\tmp\VTSRTXUnlocker\VTSRTXUnlocker.csproj]
C:\Program Files\dotnet\sdk\10.0.103\Microsoft.Common.CurrentVersion.targets(2437,5): warning MSB3277:             System.Resources.ResourceManager [C:\tmp\VTSRTXUnlocker\VTSRTXUnlocker.csproj]
C:\Program Files\dotnet\sdk\10.0.103\Microsoft.Common.CurrentVersion.targets(2437,5): warning MSB3277:             netfx.force.conflicts [C:\tmp\VTSRTXUnlocker\VTSRTXUnlocker.csproj]
C:\Program Files\dotnet\sdk\10.0.103\Microsoft.Common.CurrentVersion.targets(2437,5): warning MSB3277:         C:\tmp\VTSRTXUnlocker\lib\VTube Studio_Data\Managed\System.Resources.Writer.dll [C:\tmp\VTSRTXUnlocker\VTSRTXUnlocker.csproj]
C:\Program Files\dotnet\sdk\10.0.103\Microsoft.Common.CurrentVersion.targets(2437,5): warning MSB3277:           Project file item includes which caused reference "C:\tmp\VTSRTXUnlocker\lib\VTube Studio_Data\Managed\System.Resources.Writer.dll". [C:\tmp\VTSRTXUnlocker\VTSRTXUnlocker.csproj]
C:\Program Files\dotnet\sdk\10.0.103\Microsoft.Common.CurrentVersion.targets(2437,5): warning MSB3277:             System.Resources.Writer [C:\tmp\VTSRTXUnlocker\VTSRTXUnlocker.csproj]
C:\Program Files\dotnet\sdk\10.0.103\Microsoft.Common.CurrentVersion.targets(2437,5): warning MSB3277:         C:\tmp\VTSRTXUnlocker\lib\VTube Studio_Data\Managed\System.Runtime.CompilerServices.VisualC.dll [C:\tmp\VTSRTXUnlocker\VTSRTXUnlocker.csproj]
C:\Program Files\dotnet\sdk\10.0.103\Microsoft.Common.CurrentVersion.targets(2437,5): warning MSB3277:           Project file item includes which caused reference "C:\tmp\VTSRTXUnlocker\lib\VTube Studio_Data\Managed\System.Runtime.CompilerServices.VisualC.dll". [C:\tmp\VTSRTXUnlocker\VTSRTXUnlocker.csproj]
C:\Program Files\dotnet\sdk\10.0.103\Microsoft.Common.CurrentVersion.targets(2437,5): warning MSB3277:             System.Runtime.CompilerServices.VisualC [C:\tmp\VTSRTXUnlocker\VTSRTXUnlocker.csproj]
C:\Program Files\dotnet\sdk\10.0.103\Microsoft.Common.CurrentVersion.targets(2437,5): warning MSB3277:         C:\tmp\VTSRTXUnlocker\lib\VTube Studio_Data\Managed\System.Runtime.dll [C:\tmp\VTSRTXUnlocker\VTSRTXUnlocker.csproj]
C:\Program Files\dotnet\sdk\10.0.103\Microsoft.Common.CurrentVersion.targets(2437,5): warning MSB3277:           Project file item includes which caused reference "C:\tmp\VTSRTXUnlocker\lib\VTube Studio_Data\Managed\System.Runtime.dll". [C:\tmp\VTSRTXUnlocker\VTSRTXUnlocker.csproj]
C:\Program Files\dotnet\sdk\10.0.103\Microsoft.Common.CurrentVersion.targets(2437,5): warning MSB3277:             System.Runtime [C:\tmp\VTSRTXUnlocker\VTSRTXUnlocker.csproj]
C:\Program Files\dotnet\sdk\10.0.103\Microsoft.Common.CurrentVersion.targets(2437,5): warning MSB3277:             netfx.force.conflicts [C:\tmp\VTSRTXUnlocker\VTSRTXUnlocker.csproj]
C:\Program Files\dotnet\sdk\10.0.103\Microsoft.Common.CurrentVersion.targets(2437,5): warning MSB3277:         C:\tmp\VTSRTXUnlocker\lib\VTube Studio_Data\Managed\System.Runtime.Extensions.dll [C:\tmp\VTSRTXUnlocker\VTSRTXUnlocker.csproj]
C:\Program Files\dotnet\sdk\10.0.103\Microsoft.Common.CurrentVersion.targets(2437,5): warning MSB3277:           Project file item includes which caused reference "C:\tmp\VTSRTXUnlocker\lib\VTube Studio_Data\Managed\System.Runtime.Extensions.dll". [C:\tmp\VTSRTXUnlocker\VTSRTXUnlocker.csproj]
C:\Program Files\dotnet\sdk\10.0.103\Microsoft.Common.CurrentVersion.targets(2437,5): warning MSB3277:             System.Runtime.Extensions [C:\tmp\VTSRTXUnlocker\VTSRTXUnlocker.csproj]
C:\Program Files\dotnet\sdk\10.0.103\Microsoft.Common.CurrentVersion.targets(2437,5): warning MSB3277:             netfx.force.conflicts [C:\tmp\VTSRTXUnlocker\VTSRTXUnlocker.csproj]
C:\Program Files\dotnet\sdk\10.0.103\Microsoft.Common.CurrentVersion.targets(2437,5): warning MSB3277:         C:\tmp\VTSRTXUnlocker\lib\VTube Studio_Data\Managed\System.Runtime.Handles.dll [C:\tmp\VTSRTXUnlocker\VTSRTXUnlocker.csproj]
C:\Program Files\dotnet\sdk\10.0.103\Microsoft.Common.CurrentVersion.targets(2437,5): warning MSB3277:           Project file item includes which caused reference "C:\tmp\VTSRTXUnlocker\lib\VTube Studio_Data\Managed\System.Runtime.Handles.dll". [C:\tmp\VTSRTXUnlocker\VTSRTXUnlocker.csproj]
C:\Program Files\dotnet\sdk\10.0.103\Microsoft.Common.CurrentVersion.targets(2437,5): warning MSB3277:             System.Runtime.Handles [C:\tmp\VTSRTXUnlocker\VTSRTXUnlocker.csproj]
C:\Program Files\dotnet\sdk\10.0.103\Microsoft.Common.CurrentVersion.targets(2437,5): warning MSB3277:         C:\tmp\VTSRTXUnlocker\lib\VTube Studio_Data\Managed\System.Runtime.InteropServices.dll [C:\tmp\VTSRTXUnlocker\VTSRTXUnlocker.csproj]
C:\Program Files\dotnet\sdk\10.0.103\Microsoft.Common.CurrentVersion.targets(2437,5): warning MSB3277:           Project file item includes which caused reference "C:\tmp\VTSRTXUnlocker\lib\VTube Studio_Data\Managed\System.Runtime.InteropServices.dll". [C:\tmp\VTSRTXUnlocker\VTSRTXUnlocker.csproj]
C:\Program Files\dotnet\sdk\10.0.103\Microsoft.Common.CurrentVersion.targets(2437,5): warning MSB3277:             System.Runtime.InteropServices [C:\tmp\VTSRTXUnlocker\VTSRTXUnlocker.csproj]
C:\Program Files\dotnet\sdk\10.0.103\Microsoft.Common.CurrentVersion.targets(2437,5): warning MSB3277:             netfx.force.conflicts [C:\tmp\VTSRTXUnlocker\VTSRTXUnlocker.csproj]
C:\Program Files\dotnet\sdk\10.0.103\Microsoft.Common.CurrentVersion.targets(2437,5): warning MSB3277:         C:\tmp\VTSRTXUnlocker\lib\VTube Studio_Data\Managed\System.Runtime.Numerics.dll [C:\tmp\VTSRTXUnlocker\VTSRTXUnlocker.csproj]
C:\Program Files\dotnet\sdk\10.0.103\Microsoft.Common.CurrentVersion.targets(2437,5): warning MSB3277:           Project file item includes which caused reference "C:\tmp\VTSRTXUnlocker\lib\VTube Studio_Data\Managed\System.Runtime.Numerics.dll". [C:\tmp\VTSRTXUnlocker\VTSRTXUnlocker.csproj]
C:\Program Files\dotnet\sdk\10.0.103\Microsoft.Common.CurrentVersion.targets(2437,5): warning MSB3277:             System.Runtime.Numerics [C:\tmp\VTSRTXUnlocker\VTSRTXUnlocker.csproj]
C:\Program Files\dotnet\sdk\10.0.103\Microsoft.Common.CurrentVersion.targets(2437,5): warning MSB3277:             netfx.force.conflicts [C:\tmp\VTSRTXUnlocker\VTSRTXUnlocker.csproj]
C:\Program Files\dotnet\sdk\10.0.103\Microsoft.Common.CurrentVersion.targets(2437,5): warning MSB3277:         C:\tmp\VTSRTXUnlocker\lib\VTube Studio_Data\Managed\System.Runtime.Serialization.Formatters.dll [C:\tmp\VTSRTXUnlocker\VTSRTXUnlocker.csproj]
C:\Program Files\dotnet\sdk\10.0.103\Microsoft.Common.CurrentVersion.targets(2437,5): warning MSB3277:           Project file item includes which caused reference "C:\tmp\VTSRTXUnlocker\lib\VTube Studio_Data\Managed\System.Runtime.Serialization.Formatters.dll". [C:\tmp\VTSRTXUnlocker\VTSRTXUnlocker.csproj]
C:\Program Files\dotnet\sdk\10.0.103\Microsoft.Common.CurrentVersion.targets(2437,5): warning MSB3277:             System.Runtime.Serialization.Formatters [C:\tmp\VTSRTXUnlocker\VTSRTXUnlocker.csproj]
C:\Program Files\dotnet\sdk\10.0.103\Microsoft.Common.CurrentVersion.targets(2437,5): warning MSB3277:         C:\tmp\VTSRTXUnlocker\lib\VTube Studio_Data\Managed\System.Runtime.Serialization.Json.dll [C:\tmp\VTSRTXUnlocker\VTSRTXUnlocker.csproj]
C:\Program Files\dotnet\sdk\10.0.103\Microsoft.Common.CurrentVersion.targets(2437,5): warning MSB3277:           Project file item includes which caused reference "C:\tmp\VTSRTXUnlocker\lib\VTube Studio_Data\Managed\System.Runtime.Serialization.Json.dll". [C:\tmp\VTSRTXUnlocker\VTSRTXUnlocker.csproj]
C:\Program Files\dotnet\sdk\10.0.103\Microsoft.Common.CurrentVersion.targets(2437,5): warning MSB3277:             System.Runtime.Serialization.Json [C:\tmp\VTSRTXUnlocker\VTSRTXUnlocker.csproj]
C:\Program Files\dotnet\sdk\10.0.103\Microsoft.Common.CurrentVersion.targets(2437,5): warning MSB3277:             netfx.force.conflicts [C:\tmp\VTSRTXUnlocker\VTSRTXUnlocker.csproj]
C:\Program Files\dotnet\sdk\10.0.103\Microsoft.Common.CurrentVersion.targets(2437,5): warning MSB3277:         C:\tmp\VTSRTXUnlocker\lib\VTube Studio_Data\Managed\System.Security.Claims.dll [C:\tmp\VTSRTXUnlocker\VTSRTXUnlocker.csproj]
C:\Program Files\dotnet\sdk\10.0.103\Microsoft.Common.CurrentVersion.targets(2437,5): warning MSB3277:           Project file item includes which caused reference "C:\tmp\VTSRTXUnlocker\lib\VTube Studio_Data\Managed\System.Security.Claims.dll". [C:\tmp\VTSRTXUnlocker\VTSRTXUnlocker.csproj]
C:\Program Files\dotnet\sdk\10.0.103\Microsoft.Common.CurrentVersion.targets(2437,5): warning MSB3277:             System.Security.Claims [C:\tmp\VTSRTXUnlocker\VTSRTXUnlocker.csproj]
C:\Program Files\dotnet\sdk\10.0.103\Microsoft.Common.CurrentVersion.targets(2437,5): warning MSB3277:         C:\tmp\VTSRTXUnlocker\lib\VTube Studio_Data\Managed\System.Security.Cryptography.Csp.dll [C:\tmp\VTSRTXUnlocker\VTSRTXUnlocker.csproj]
C:\Program Files\dotnet\sdk\10.0.103\Microsoft.Common.CurrentVersion.targets(2437,5): warning MSB3277:           Project file item includes which caused reference "C:\tmp\VTSRTXUnlocker\lib\VTube Studio_Data\Managed\System.Security.Cryptography.Csp.dll". [C:\tmp\VTSRTXUnlocker\VTSRTXUnlocker.csproj]
C:\Program Files\dotnet\sdk\10.0.103\Microsoft.Common.CurrentVersion.targets(2437,5): warning MSB3277:             System.Security.Cryptography.Csp [C:\tmp\VTSRTXUnlocker\VTSRTXUnlocker.csproj]
C:\Program Files\dotnet\sdk\10.0.103\Microsoft.Common.CurrentVersion.targets(2437,5): warning MSB3277:         C:\tmp\VTSRTXUnlocker\lib\VTube Studio_Data\Managed\System.Security.Cryptography.Encoding.dll [C:\tmp\VTSRTXUnlocker\VTSRTXUnlocker.csproj]
C:\Program Files\dotnet\sdk\10.0.103\Microsoft.Common.CurrentVersion.targets(2437,5): warning MSB3277:           Project file item includes which caused reference "C:\tmp\VTSRTXUnlocker\lib\VTube Studio_Data\Managed\System.Security.Cryptography.Encoding.dll". [C:\tmp\VTSRTXUnlocker\VTSRTXUnlocker.csproj]
C:\Program Files\dotnet\sdk\10.0.103\Microsoft.Common.CurrentVersion.targets(2437,5): warning MSB3277:             System.Security.Cryptography.Encoding [C:\tmp\VTSRTXUnlocker\VTSRTXUnlocker.csproj]
C:\Program Files\dotnet\sdk\10.0.103\Microsoft.Common.CurrentVersion.targets(2437,5): warning MSB3277:         C:\tmp\VTSRTXUnlocker\lib\VTube Studio_Data\Managed\System.Security.Cryptography.Primitives.dll [C:\tmp\VTSRTXUnlocker\VTSRTXUnlocker.csproj]
C:\Program Files\dotnet\sdk\10.0.103\Microsoft.Common.CurrentVersion.targets(2437,5): warning MSB3277:           Project file item includes which caused reference "C:\tmp\VTSRTXUnlocker\lib\VTube Studio_Data\Managed\System.Security.Cryptography.Primitives.dll". [C:\tmp\VTSRTXUnlocker\VTSRTXUnlocker.csproj]
C:\Program Files\dotnet\sdk\10.0.103\Microsoft.Common.CurrentVersion.targets(2437,5): warning MSB3277:             System.Security.Cryptography.Primitives [C:\tmp\VTSRTXUnlocker\VTSRTXUnlocker.csproj]
C:\Program Files\dotnet\sdk\10.0.103\Microsoft.Common.CurrentVersion.targets(2437,5): warning MSB3277:         C:\tmp\VTSRTXUnlocker\lib\VTube Studio_Data\Managed\System.Security.Cryptography.X509Certificates.dll [C:\tmp\VTSRTXUnlocker\VTSRTXUnlocker.csproj]
C:\Program Files\dotnet\sdk\10.0.103\Microsoft.Common.CurrentVersion.targets(2437,5): warning MSB3277:           Project file item includes which caused reference "C:\tmp\VTSRTXUnlocker\lib\VTube Studio_Data\Managed\System.Security.Cryptography.X509Certificates.dll". [C:\tmp\VTSRTXUnlocker\VTSRTXUnlocker.csproj]
C:\Program Files\dotnet\sdk\10.0.103\Microsoft.Common.CurrentVersion.targets(2437,5): warning MSB3277:             System.Security.Cryptography.X509Certificates [C:\tmp\VTSRTXUnlocker\VTSRTXUnlocker.csproj]
C:\Program Files\dotnet\sdk\10.0.103\Microsoft.Common.CurrentVersion.targets(2437,5): warning MSB3277:         C:\tmp\VTSRTXUnlocker\lib\VTube Studio_Data\Managed\System.Security.Principal.dll [C:\tmp\VTSRTXUnlocker\VTSRTXUnlocker.csproj]
C:\Program Files\dotnet\sdk\10.0.103\Microsoft.Common.CurrentVersion.targets(2437,5): warning MSB3277:           Project file item includes which caused reference "C:\tmp\VTSRTXUnlocker\lib\VTube Studio_Data\Managed\System.Security.Principal.dll". [C:\tmp\VTSRTXUnlocker\VTSRTXUnlocker.csproj]
C:\Program Files\dotnet\sdk\10.0.103\Microsoft.Common.CurrentVersion.targets(2437,5): warning MSB3277:             System.Security.Principal [C:\tmp\VTSRTXUnlocker\VTSRTXUnlocker.csproj]
C:\Program Files\dotnet\sdk\10.0.103\Microsoft.Common.CurrentVersion.targets(2437,5): warning MSB3277:             netfx.force.conflicts [C:\tmp\VTSRTXUnlocker\VTSRTXUnlocker.csproj]
C:\Program Files\dotnet\sdk\10.0.103\Microsoft.Common.CurrentVersion.targets(2437,5): warning MSB3277:         C:\tmp\VTSRTXUnlocker\lib\VTube Studio_Data\Managed\System.Text.Encoding.dll [C:\tmp\VTSRTXUnlocker\VTSRTXUnlocker.csproj]
C:\Program Files\dotnet\sdk\10.0.103\Microsoft.Common.CurrentVersion.targets(2437,5): warning MSB3277:           Project file item includes which caused reference "C:\tmp\VTSRTXUnlocker\lib\VTube Studio_Data\Managed\System.Text.Encoding.dll". [C:\tmp\VTSRTXUnlocker\VTSRTXUnlocker.csproj]
C:\Program Files\dotnet\sdk\10.0.103\Microsoft.Common.CurrentVersion.targets(2437,5): warning MSB3277:             System.Text.Encoding [C:\tmp\VTSRTXUnlocker\VTSRTXUnlocker.csproj]
C:\Program Files\dotnet\sdk\10.0.103\Microsoft.Common.CurrentVersion.targets(2437,5): warning MSB3277:             netfx.force.conflicts [C:\tmp\VTSRTXUnlocker\VTSRTXUnlocker.csproj]
C:\Program Files\dotnet\sdk\10.0.103\Microsoft.Common.CurrentVersion.targets(2437,5): warning MSB3277:         C:\tmp\VTSRTXUnlocker\lib\VTube Studio_Data\Managed\System.Text.Encoding.Extensions.dll [C:\tmp\VTSRTXUnlocker\VTSRTXUnlocker.csproj]
C:\Program Files\dotnet\sdk\10.0.103\Microsoft.Common.CurrentVersion.targets(2437,5): warning MSB3277:           Project file item includes which caused reference "C:\tmp\VTSRTXUnlocker\lib\VTube Studio_Data\Managed\System.Text.Encoding.Extensions.dll". [C:\tmp\VTSRTXUnlocker\VTSRTXUnlocker.csproj]
C:\Program Files\dotnet\sdk\10.0.103\Microsoft.Common.CurrentVersion.targets(2437,5): warning MSB3277:             System.Text.Encoding.Extensions [C:\tmp\VTSRTXUnlocker\VTSRTXUnlocker.csproj]
C:\Program Files\dotnet\sdk\10.0.103\Microsoft.Common.CurrentVersion.targets(2437,5): warning MSB3277:             netfx.force.conflicts [C:\tmp\VTSRTXUnlocker\VTSRTXUnlocker.csproj]
C:\Program Files\dotnet\sdk\10.0.103\Microsoft.Common.CurrentVersion.targets(2437,5): warning MSB3277:         C:\tmp\VTSRTXUnlocker\lib\VTube Studio_Data\Managed\System.Text.RegularExpressions.dll [C:\tmp\VTSRTXUnlocker\VTSRTXUnlocker.csproj]
C:\Program Files\dotnet\sdk\10.0.103\Microsoft.Common.CurrentVersion.targets(2437,5): warning MSB3277:           Project file item includes which caused reference "C:\tmp\VTSRTXUnlocker\lib\VTube Studio_Data\Managed\System.Text.RegularExpressions.dll". [C:\tmp\VTSRTXUnlocker\VTSRTXUnlocker.csproj]
C:\Program Files\dotnet\sdk\10.0.103\Microsoft.Common.CurrentVersion.targets(2437,5): warning MSB3277:             System.Text.RegularExpressions [C:\tmp\VTSRTXUnlocker\VTSRTXUnlocker.csproj]
C:\Program Files\dotnet\sdk\10.0.103\Microsoft.Common.CurrentVersion.targets(2437,5): warning MSB3277:             netfx.force.conflicts [C:\tmp\VTSRTXUnlocker\VTSRTXUnlocker.csproj]
C:\Program Files\dotnet\sdk\10.0.103\Microsoft.Common.CurrentVersion.targets(2437,5): warning MSB3277:         C:\tmp\VTSRTXUnlocker\lib\VTube Studio_Data\Managed\System.Threading.dll [C:\tmp\VTSRTXUnlocker\VTSRTXUnlocker.csproj]
C:\Program Files\dotnet\sdk\10.0.103\Microsoft.Common.CurrentVersion.targets(2437,5): warning MSB3277:           Project file item includes which caused reference "C:\tmp\VTSRTXUnlocker\lib\VTube Studio_Data\Managed\System.Threading.dll". [C:\tmp\VTSRTXUnlocker\VTSRTXUnlocker.csproj]
C:\Program Files\dotnet\sdk\10.0.103\Microsoft.Common.CurrentVersion.targets(2437,5): warning MSB3277:             System.Threading [C:\tmp\VTSRTXUnlocker\VTSRTXUnlocker.csproj]
C:\Program Files\dotnet\sdk\10.0.103\Microsoft.Common.CurrentVersion.targets(2437,5): warning MSB3277:             netfx.force.conflicts [C:\tmp\VTSRTXUnlocker\VTSRTXUnlocker.csproj]
C:\Program Files\dotnet\sdk\10.0.103\Microsoft.Common.CurrentVersion.targets(2437,5): warning MSB3277:         C:\tmp\VTSRTXUnlocker\lib\VTube Studio_Data\Managed\System.Threading.Tasks.dll [C:\tmp\VTSRTXUnlocker\VTSRTXUnlocker.csproj]
C:\Program Files\dotnet\sdk\10.0.103\Microsoft.Common.CurrentVersion.targets(2437,5): warning MSB3277:           Project file item includes which caused reference "C:\tmp\VTSRTXUnlocker\lib\VTube Studio_Data\Managed\System.Threading.Tasks.dll". [C:\tmp\VTSRTXUnlocker\VTSRTXUnlocker.csproj]
C:\Program Files\dotnet\sdk\10.0.103\Microsoft.Common.CurrentVersion.targets(2437,5): warning MSB3277:             System.Threading.Tasks [C:\tmp\VTSRTXUnlocker\VTSRTXUnlocker.csproj]
C:\Program Files\dotnet\sdk\10.0.103\Microsoft.Common.CurrentVersion.targets(2437,5): warning MSB3277:             netfx.force.conflicts [C:\tmp\VTSRTXUnlocker\VTSRTXUnlocker.csproj]
C:\Program Files\dotnet\sdk\10.0.103\Microsoft.Common.CurrentVersion.targets(2437,5): warning MSB3277:         C:\tmp\VTSRTXUnlocker\lib\VTube Studio_Data\Managed\System.Threading.Tasks.Parallel.dll [C:\tmp\VTSRTXUnlocker\VTSRTXUnlocker.csproj]
C:\Program Files\dotnet\sdk\10.0.103\Microsoft.Common.CurrentVersion.targets(2437,5): warning MSB3277:           Project file item includes which caused reference "C:\tmp\VTSRTXUnlocker\lib\VTube Studio_Data\Managed\System.Threading.Tasks.Parallel.dll". [C:\tmp\VTSRTXUnlocker\VTSRTXUnlocker.csproj]
C:\Program Files\dotnet\sdk\10.0.103\Microsoft.Common.CurrentVersion.targets(2437,5): warning MSB3277:             System.Threading.Tasks.Parallel [C:\tmp\VTSRTXUnlocker\VTSRTXUnlocker.csproj]
C:\Program Files\dotnet\sdk\10.0.103\Microsoft.Common.CurrentVersion.targets(2437,5): warning MSB3277:             netfx.force.conflicts [C:\tmp\VTSRTXUnlocker\VTSRTXUnlocker.csproj]
C:\Program Files\dotnet\sdk\10.0.103\Microsoft.Common.CurrentVersion.targets(2437,5): warning MSB3277:         C:\tmp\VTSRTXUnlocker\lib\VTube Studio_Data\Managed\System.Threading.Thread.dll [C:\tmp\VTSRTXUnlocker\VTSRTXUnlocker.csproj]
C:\Program Files\dotnet\sdk\10.0.103\Microsoft.Common.CurrentVersion.targets(2437,5): warning MSB3277:           Project file item includes which caused reference "C:\tmp\VTSRTXUnlocker\lib\VTube Studio_Data\Managed\System.Threading.Thread.dll". [C:\tmp\VTSRTXUnlocker\VTSRTXUnlocker.csproj]
C:\Program Files\dotnet\sdk\10.0.103\Microsoft.Common.CurrentVersion.targets(2437,5): warning MSB3277:             System.Threading.Thread [C:\tmp\VTSRTXUnlocker\VTSRTXUnlocker.csproj]
C:\Program Files\dotnet\sdk\10.0.103\Microsoft.Common.CurrentVersion.targets(2437,5): warning MSB3277:         C:\tmp\VTSRTXUnlocker\lib\VTube Studio_Data\Managed\System.Threading.ThreadPool.dll [C:\tmp\VTSRTXUnlocker\VTSRTXUnlocker.csproj]
C:\Program Files\dotnet\sdk\10.0.103\Microsoft.Common.CurrentVersion.targets(2437,5): warning MSB3277:           Project file item includes which caused reference "C:\tmp\VTSRTXUnlocker\lib\VTube Studio_Data\Managed\System.Threading.ThreadPool.dll". [C:\tmp\VTSRTXUnlocker\VTSRTXUnlocker.csproj]
C:\Program Files\dotnet\sdk\10.0.103\Microsoft.Common.CurrentVersion.targets(2437,5): warning MSB3277:             System.Threading.ThreadPool [C:\tmp\VTSRTXUnlocker\VTSRTXUnlocker.csproj]
C:\Program Files\dotnet\sdk\10.0.103\Microsoft.Common.CurrentVersion.targets(2437,5): warning MSB3277:         C:\tmp\VTSRTXUnlocker\lib\VTube Studio_Data\Managed\System.Threading.Timer.dll [C:\tmp\VTSRTXUnlocker\VTSRTXUnlocker.csproj]
C:\Program Files\dotnet\sdk\10.0.103\Microsoft.Common.CurrentVersion.targets(2437,5): warning MSB3277:           Project file item includes which caused reference "C:\tmp\VTSRTXUnlocker\lib\VTube Studio_Data\Managed\System.Threading.Timer.dll". [C:\tmp\VTSRTXUnlocker\VTSRTXUnlocker.csproj]
C:\Program Files\dotnet\sdk\10.0.103\Microsoft.Common.CurrentVersion.targets(2437,5): warning MSB3277:             System.Threading.Timer [C:\tmp\VTSRTXUnlocker\VTSRTXUnlocker.csproj]
C:\Program Files\dotnet\sdk\10.0.103\Microsoft.Common.CurrentVersion.targets(2437,5): warning MSB3277:             netfx.force.conflicts [C:\tmp\VTSRTXUnlocker\VTSRTXUnlocker.csproj]
C:\Program Files\dotnet\sdk\10.0.103\Microsoft.Common.CurrentVersion.targets(2437,5): warning MSB3277:         C:\tmp\VTSRTXUnlocker\lib\VTube Studio_Data\Managed\System.Xml.ReaderWriter.dll [C:\tmp\VTSRTXUnlocker\VTSRTXUnlocker.csproj]
C:\Program Files\dotnet\sdk\10.0.103\Microsoft.Common.CurrentVersion.targets(2437,5): warning MSB3277:           Project file item includes which caused reference "C:\tmp\VTSRTXUnlocker\lib\VTube Studio_Data\Managed\System.Xml.ReaderWriter.dll". [C:\tmp\VTSRTXUnlocker\VTSRTXUnlocker.csproj]
C:\Program Files\dotnet\sdk\10.0.103\Microsoft.Common.CurrentVersion.targets(2437,5): warning MSB3277:             System.Xml.ReaderWriter [C:\tmp\VTSRTXUnlocker\VTSRTXUnlocker.csproj]
C:\Program Files\dotnet\sdk\10.0.103\Microsoft.Common.CurrentVersion.targets(2437,5): warning MSB3277:             netfx.force.conflicts [C:\tmp\VTSRTXUnlocker\VTSRTXUnlocker.csproj]
C:\Program Files\dotnet\sdk\10.0.103\Microsoft.Common.CurrentVersion.targets(2437,5): warning MSB3277:         C:\tmp\VTSRTXUnlocker\lib\VTube Studio_Data\Managed\System.Xml.XDocument.dll [C:\tmp\VTSRTXUnlocker\VTSRTXUnlocker.csproj]
C:\Program Files\dotnet\sdk\10.0.103\Microsoft.Common.CurrentVersion.targets(2437,5): warning MSB3277:           Project file item includes which caused reference "C:\tmp\VTSRTXUnlocker\lib\VTube Studio_Data\Managed\System.Xml.XDocument.dll". [C:\tmp\VTSRTXUnlocker\VTSRTXUnlocker.csproj]
C:\Program Files\dotnet\sdk\10.0.103\Microsoft.Common.CurrentVersion.targets(2437,5): warning MSB3277:             System.Xml.XDocument [C:\tmp\VTSRTXUnlocker\VTSRTXUnlocker.csproj]
C:\Program Files\dotnet\sdk\10.0.103\Microsoft.Common.CurrentVersion.targets(2437,5): warning MSB3277:             netfx.force.conflicts [C:\tmp\VTSRTXUnlocker\VTSRTXUnlocker.csproj]
C:\Program Files\dotnet\sdk\10.0.103\Microsoft.Common.CurrentVersion.targets(2437,5): warning MSB3277:         C:\tmp\VTSRTXUnlocker\lib\VTube Studio_Data\Managed\System.Xml.XmlDocument.dll [C:\tmp\VTSRTXUnlocker\VTSRTXUnlocker.csproj]
C:\Program Files\dotnet\sdk\10.0.103\Microsoft.Common.CurrentVersion.targets(2437,5): warning MSB3277:           Project file item includes which caused reference "C:\tmp\VTSRTXUnlocker\lib\VTube Studio_Data\Managed\System.Xml.XmlDocument.dll". [C:\tmp\VTSRTXUnlocker\VTSRTXUnlocker.csproj]
C:\Program Files\dotnet\sdk\10.0.103\Microsoft.Common.CurrentVersion.targets(2437,5): warning MSB3277:             System.Xml.XmlDocument [C:\tmp\VTSRTXUnlocker\VTSRTXUnlocker.csproj]
C:\Program Files\dotnet\sdk\10.0.103\Microsoft.Common.CurrentVersion.targets(2437,5): warning MSB3277:         C:\tmp\VTSRTXUnlocker\lib\VTube Studio_Data\Managed\System.Xml.XmlSerializer.dll [C:\tmp\VTSRTXUnlocker\VTSRTXUnlocker.csproj]
C:\Program Files\dotnet\sdk\10.0.103\Microsoft.Common.CurrentVersion.targets(2437,5): warning MSB3277:           Project file item includes which caused reference "C:\tmp\VTSRTXUnlocker\lib\VTube Studio_Data\Managed\System.Xml.XmlSerializer.dll". [C:\tmp\VTSRTXUnlocker\VTSRTXUnlocker.csproj]
C:\Program Files\dotnet\sdk\10.0.103\Microsoft.Common.CurrentVersion.targets(2437,5): warning MSB3277:             System.Xml.XmlSerializer [C:\tmp\VTSRTXUnlocker\VTSRTXUnlocker.csproj]
C:\Program Files\dotnet\sdk\10.0.103\Microsoft.Common.CurrentVersion.targets(2437,5): warning MSB3277:             netfx.force.conflicts [C:\tmp\VTSRTXUnlocker\VTSRTXUnlocker.csproj]
C:\Program Files\dotnet\sdk\10.0.103\Microsoft.Common.CurrentVersion.targets(2437,5): warning MSB3277:         C:\tmp\VTSRTXUnlocker\lib\VTube Studio_Data\Managed\System.Xml.XPath.dll [C:\tmp\VTSRTXUnlocker\VTSRTXUnlocker.csproj]
C:\Program Files\dotnet\sdk\10.0.103\Microsoft.Common.CurrentVersion.targets(2437,5): warning MSB3277:           Project file item includes which caused reference "C:\tmp\VTSRTXUnlocker\lib\VTube Studio_Data\Managed\System.Xml.XPath.dll". [C:\tmp\VTSRTXUnlocker\VTSRTXUnlocker.csproj]
C:\Program Files\dotnet\sdk\10.0.103\Microsoft.Common.CurrentVersion.targets(2437,5): warning MSB3277:             System.Xml.XPath [C:\tmp\VTSRTXUnlocker\VTSRTXUnlocker.csproj]
C:\tmp\VTSRTXUnlocker\Plugin.cs(239,26): warning CS0436: The type 'MXStarter' in 'C:\tmp\VTSRTXUnlocker\ci\Stubs.cs' conflicts with the imported type 'MXStarter' in 'Assembly-CSharp, Version=1.0.0.0, Culture=neutral, PublicKeyToken=null'. Using the type defined in 'C:\tmp\VTSRTXUnlocker\ci\Stubs.cs'. [C:\tmp\VTSRTXUnlocker\VTSRTXUnlocker.csproj]
C:\tmp\VTSRTXUnlocker\Plugin.cs(260,26): warning CS0436: The type 'MXStarter' in 'C:\tmp\VTSRTXUnlocker\ci\Stubs.cs' conflicts with the imported type 'MXStarter' in 'Assembly-CSharp, Version=1.0.0.0, Culture=neutral, PublicKeyToken=null'. Using the type defined in 'C:\tmp\VTSRTXUnlocker\ci\Stubs.cs'. [C:\tmp\VTSRTXUnlocker\VTSRTXUnlocker.csproj]
C:\tmp\VTSRTXUnlocker\Plugin.cs(209,34): warning CS0436: The type 'Logger' in 'C:\tmp\VTSRTXUnlocker\ci\Stubs.cs' conflicts with the imported type 'Logger' in 'Assembly-CSharp, Version=1.0.0.0, Culture=neutral, PublicKeyToken=null'. Using the type defined in 'C:\tmp\VTSRTXUnlocker\ci\Stubs.cs'. [C:\tmp\VTSRTXUnlocker\VTSRTXUnlocker.csproj]
C:\tmp\VTSRTXUnlocker\Plugin.cs(283,26): warning CS0436: The type 'WebcamTrackingConfigItem' in 'C:\tmp\VTSRTXUnlocker\ci\Stubs.cs' conflicts with the imported type 'WebcamTrackingConfigItem' in 'Assembly-CSharp, Version=1.0.0.0, Culture=neutral, PublicKeyToken=null'. Using the type defined in 'C:\tmp\VTSRTXUnlocker\ci\Stubs.cs'. [C:\tmp\VTSRTXUnlocker\VTSRTXUnlocker.csproj]
C:\tmp\VTSRTXUnlocker\ci\Stubs.cs(44,19): warning CS0436: The type 'ItemSelectionWindow' in 'C:\tmp\VTSRTXUnlocker\ci\Stubs.cs' conflicts with the imported type 'ItemSelectionWindow' in 'Assembly-CSharp, Version=1.0.0.0, Culture=neutral, PublicKeyToken=null'. Using the type defined in 'C:\tmp\VTSRTXUnlocker\ci\Stubs.cs'. [C:\tmp\VTSRTXUnlocker\VTSRTXUnlocker.csproj]
C:\tmp\VTSRTXUnlocker\ci\Stubs.cs(48,62): warning CS0436: The type 'ItemSelectionWindowEntry' in 'C:\tmp\VTSRTXUnlocker\ci\Stubs.cs' conflicts with the imported type 'ItemSelectionWindowEntry' in 'Assembly-CSharp, Version=1.0.0.0, Culture=neutral, PublicKeyToken=null'. Using the type defined in 'C:\tmp\VTSRTXUnlocker\ci\Stubs.cs'. [C:\tmp\VTSRTXUnlocker\VTSRTXUnlocker.csproj]
C:\tmp\VTSRTXUnlocker\ci\Stubs.cs(43,20): warning CS0436: The type 'ItemSelectionWindow' in 'C:\tmp\VTSRTXUnlocker\ci\Stubs.cs' conflicts with the imported type 'ItemSelectionWindow' in 'Assembly-CSharp, Version=1.0.0.0, Culture=neutral, PublicKeyToken=null'. Using the type defined in 'C:\tmp\VTSRTXUnlocker\ci\Stubs.cs'. [C:\tmp\VTSRTXUnlocker\VTSRTXUnlocker.csproj]
C:\tmp\VTSRTXUnlocker\obj\Release\net462\.NETFramework,Version=v4.6.2.AssemblyAttributes.cs(4,12): error CS0579: Duplicate 'global::System.Runtime.Versioning.TargetFrameworkAttribute' attribute [C:\tmp\VTSRTXUnlocker\VTSRTXUnlocker.csproj]
C:\tmp\VTSRTXUnlocker\obj\Release\net462\VTSRTXUnlocker.AssemblyInfo.cs(13,12): error CS0579: Duplicate 'System.Reflection.AssemblyCompanyAttribute' attribute [C:\tmp\VTSRTXUnlocker\VTSRTXUnlocker.csproj]
C:\tmp\VTSRTXUnlocker\obj\Release\net462\VTSRTXUnlocker.AssemblyInfo.cs(14,12): error CS0579: Duplicate 'System.Reflection.AssemblyConfigurationAttribute' attribute [C:\tmp\VTSRTXUnlocker\VTSRTXUnlocker.csproj]
C:\tmp\VTSRTXUnlocker\obj\Release\net462\VTSRTXUnlocker.AssemblyInfo.cs(15,12): error CS0579: Duplicate 'System.Reflection.AssemblyFileVersionAttribute' attribute [C:\tmp\VTSRTXUnlocker\VTSRTXUnlocker.csproj]
C:\tmp\VTSRTXUnlocker\obj\Release\net462\VTSRTXUnlocker.AssemblyInfo.cs(16,12): error CS0579: Duplicate 'System.Reflection.AssemblyInformationalVersionAttribute' attribute [C:\tmp\VTSRTXUnlocker\VTSRTXUnlocker.csproj]
C:\tmp\VTSRTXUnlocker\obj\Release\net462\VTSRTXUnlocker.AssemblyInfo.cs(17,12): error CS0579: Duplicate 'System.Reflection.AssemblyProductAttribute' attribute [C:\tmp\VTSRTXUnlocker\VTSRTXUnlocker.csproj]
C:\tmp\VTSRTXUnlocker\obj\Release\net462\VTSRTXUnlocker.AssemblyInfo.cs(18,12): error CS0579: Duplicate 'System.Reflection.AssemblyTitleAttribute' attribute [C:\tmp\VTSRTXUnlocker\VTSRTXUnlocker.csproj]
C:\tmp\VTSRTXUnlocker\obj\Release\net462\VTSRTXUnlocker.AssemblyInfo.cs(19,12): error CS0579: Duplicate 'System.Reflection.AssemblyVersionAttribute' attribute [C:\tmp\VTSRTXUnlocker\VTSRTXUnlocker.csproj]
    8 Warning(s)
    8 Error(s)

Time Elapsed 00:00:00.78
